{
'project:com/sun/corba/se/impl/encoding/CDROutputStream_1_0.java':[
1376,
],
'project:com/sun/corba/se/impl/naming/cosnaming/InterOperableNamingImpl.java':[
199,
],
'project:com/sun/imageio/plugins/bmp/BMPImageReader.java':[
384,
445,
],
'project:com/sun/jmx/snmp/IPAcl/Parser.java':[
70,
123,
126,
128,
155,
158,
160,
192,
256,
295,
298,
300,
349,
352,
354,
385,
414,
460,
550,
553,
555,
593,
596,
598,
617,
656,
659,
661,
698,
701,
703,
747,
750,
752,
779,
815,
818,
820,
846,
849,
851,
870,
909,
912,
914,
951,
954,
956,
],
'project:com/sun/jmx/snmp/daemon/SnmpInformRequest.java':[
823,
],
'project:com/sun/jmx/snmp/daemon/SnmpSocket.java':[
220,
231,
],
'project:com/sun/org/apache/regexp/internal/RECompiler.java':[
1091,
],
'project:com/sun/org/apache/xalan/internal/xsltc/dom/NodeCounter.java':[
215,
],
'project:com/sun/org/apache/xerces/internal/dom/ObjectFactory.java':[
152,
],
'project:com/sun/org/apache/xerces/internal/impl/dtd/XMLDTDValidator.java':[
1533,
],
'project:com/sun/org/apache/xerces/internal/impl/dv/ObjectFactory.java':[
152,
],
'project:com/sun/org/apache/xerces/internal/impl/xpath/XPath.java':[
416,
1350,
],
'project:com/sun/org/apache/xerces/internal/impl/xpath/regex/RangeToken.java':[
146,
158,
168,
299,
388,
],
'project:com/sun/org/apache/xerces/internal/impl/xs/models/XSDFACM.java':[
1117,
],
'project:com/sun/org/apache/xerces/internal/parsers/ObjectFactory.java':[
150,
],
'project:com/sun/org/apache/xerces/internal/xinclude/ObjectFactory.java':[
150,
],
'project:com/sun/org/apache/xerces/internal/xpointer/XPointerHandler.java':[
701,
805,
],
'project:com/sun/org/apache/xml/internal/dtm/ref/DTMDefaultBaseTraversers.java':[
432,
],
'project:com/sun/org/apache/xml/internal/serialize/DOMSerializerImpl.java':[
1098,
],
'project:com/sun/org/apache/xml/internal/serialize/ObjectFactory.java':[
150,
],
'project:com/sun/org/apache/xml/internal/serializer/ToStream.java':[
1901,
],
'project:com/sun/org/apache/xml/internal/utils/NodeVector.java':[
479,
],
'project:com/sun/org/apache/xpath/internal/axes/ChildTestIterator.java':[
83,
],
'project:com/sun/org/apache/xpath/internal/compiler/Lexer.java':[
599,
],
'project:java/lang/invoke/ToGeneric.java':[
98,
],
'project:java/net/URI.java':[
3352,
],
'project:java/net/URLStreamHandler.java':[
148,
],
'project:java/text/DecimalFormat.java':[
2440,
],
'project:java/text/MessageFormat.java':[
1241,
],
'project:java/text/PatternEntry.java':[
172,
],
'project:java/util/ComparableTimSort.java':[
709,
828,
],
'project:java/util/TimSort.java':[
742,
861,
],
'project:java/util/concurrent/ForkJoinTask.java':[
263,
],
'project:java/util/logging/LogManager.java':[
274,
],
'project:java/util/regex/Pattern.java':[
1084,
],
'project:javax/management/ObjectName.java':[
463,
521,
598,
],
'project:javax/management/remote/rmi/RMIConnector.java':[
466,
],
'project:javax/security/auth/kerberos/ServicePermission.java':[
243,
],
'project:javax/swing/plaf/basic/BasicListUI.java':[
1194,
],
'project:javax/swing/plaf/basic/BasicSplitPaneUI.java':[
1342,
],
'project:javax/swing/plaf/metal/MetalIconFactory.java':[
1155,
],
'project:javax/swing/text/AbstractWriter.java':[
591,
635,
],
'project:javax/swing/text/Utilities.java':[
566,
],
'project:javax/swing/text/html/CSS.java':[
2601,
3264,
],
'project:javax/swing/text/html/CSSBorder.java':[
303,
],
'project:javax/swing/text/html/HTMLDocument.java':[
2355,
],
'project:javax/swing/text/html/StyleSheet.java':[
1559,
],
'project:javax/xml/datatype/FactoryFinder.java':[
197,
],
'project:javax/xml/parsers/FactoryFinder.java':[
197,
],
'project:javax/xml/stream/FactoryFinder.java':[
220,
],
'project:javax/xml/transform/FactoryFinder.java':[
197,
],
'project:javax/xml/validation/SchemaFactoryFinder.java':[
190,
],
'project:javax/xml/xpath/XPathFactoryFinder.java':[
187,
],
}
