{
'project:com/sun/org/apache/xerces/internal/xinclude/XIncludeHandler.java':[
1763,
],
'project:javax/swing/JEditorPane.java':[
681,
],
}
