{
'project:com/sun/corba/se/PortableActivationIDL/_ActivatorImplBase.java':[
11,
],
'project:com/sun/corba/se/PortableActivationIDL/_ActivatorStub.java':[
11,
],
'project:com/sun/corba/se/PortableActivationIDL/_InitialNameServiceImplBase.java':[
15,
],
'project:com/sun/corba/se/PortableActivationIDL/_InitialNameServiceStub.java':[
15,
],
'project:com/sun/corba/se/PortableActivationIDL/_LocatorImplBase.java':[
11,
],
'project:com/sun/corba/se/PortableActivationIDL/_LocatorStub.java':[
11,
],
'project:com/sun/corba/se/PortableActivationIDL/_ORBProxyImplBase.java':[
14,
],
'project:com/sun/corba/se/PortableActivationIDL/_ORBProxyStub.java':[
14,
],
'project:com/sun/corba/se/PortableActivationIDL/_RepositoryImplBase.java':[
11,
],
'project:com/sun/corba/se/PortableActivationIDL/_RepositoryStub.java':[
11,
],
'project:com/sun/corba/se/PortableActivationIDL/_ServerManagerImplBase.java':[
16,
],
'project:com/sun/corba/se/PortableActivationIDL/_ServerManagerStub.java':[
16,
],
'project:com/sun/corba/se/PortableActivationIDL/_ServerProxyImplBase.java':[
14,
],
'project:com/sun/corba/se/PortableActivationIDL/_ServerProxyStub.java':[
14,
],
'project:com/sun/corba/se/impl/activation/ServerManagerImpl.java':[
88,
],
'project:com/sun/corba/se/impl/corba/AnyImpl.java':[
66,
],
'project:com/sun/corba/se/impl/corba/RequestImpl.java':[
69,
],
'project:com/sun/corba/se/impl/corba/TCUtility.java':[
62,
],
'project:com/sun/corba/se/impl/corba/TypeCodeImpl.java':[
73,
],
'project:com/sun/corba/se/impl/encoding/CDRInputStream.java':[
59,
],
'project:com/sun/corba/se/impl/encoding/CDRInputStreamBase.java':[
46,
],
'project:com/sun/corba/se/impl/encoding/CDRInputStream_1_0.java':[
137,
],
'project:com/sun/corba/se/impl/encoding/CDROutputObject.java':[
64,
],
'project:com/sun/corba/se/impl/encoding/CDROutputStream.java':[
52,
],
'project:com/sun/corba/se/impl/encoding/CDROutputStreamBase.java':[
45,
],
'project:com/sun/corba/se/impl/encoding/CDROutputStream_1_0.java':[
100,
],
'project:com/sun/corba/se/impl/encoding/IDLJavaSerializationInputStream.java':[
76,
],
'project:com/sun/corba/se/impl/encoding/IDLJavaSerializationOutputStream.java':[
69,
],
'project:com/sun/corba/se/impl/encoding/WrapperInputStream.java':[
67,
],
'project:com/sun/corba/se/impl/interceptors/ClientRequestInfoImpl.java':[
92,
],
'project:com/sun/corba/se/impl/interceptors/PIHandlerImpl.java':[
89,
],
'project:com/sun/corba/se/impl/interceptors/PINoOpHandlerImpl.java':[
67,
],
'project:com/sun/corba/se/impl/interceptors/RequestInfoImpl.java':[
100,
],
'project:com/sun/corba/se/impl/interceptors/ServerRequestInfoImpl.java':[
73,
],
'project:com/sun/corba/se/impl/io/IIOPInputStream.java':[
95,
],
'project:com/sun/corba/se/impl/io/IIOPOutputStream.java':[
74,
],
'project:com/sun/corba/se/impl/io/ObjectStreamClass.java':[
78,
],
'project:com/sun/corba/se/impl/io/ValueHandlerImpl.java':[
56,
],
'project:com/sun/corba/se/impl/io/ValueUtility.java':[
55,
],
'project:com/sun/corba/se/impl/ior/IORImpl.java':[
81,
],
'project:com/sun/corba/se/impl/ior/iiop/IIOPProfileImpl.java':[
80,
],
'project:com/sun/corba/se/impl/javax/rmi/CORBA/Util.java':[
120,
],
'project:com/sun/corba/se/impl/logging/OMGSystemException.java':[
43,
],
'project:com/sun/corba/se/impl/logging/ORBUtilSystemException.java':[
38,
],
'project:com/sun/corba/se/impl/naming/cosnaming/NamingContextImpl.java':[
90,
],
'project:com/sun/corba/se/impl/naming/cosnaming/TransientNamingContext.java':[
81,
],
'project:com/sun/corba/se/impl/naming/pcosnaming/NamingContextImpl.java':[
75,
],
'project:com/sun/corba/se/impl/naming/pcosnaming/ServantManagerImpl.java':[
56,
],
'project:com/sun/corba/se/impl/oa/poa/POAFactory.java':[
65,
],
'project:com/sun/corba/se/impl/oa/poa/POAImpl.java':[
116,
],
'project:com/sun/corba/se/impl/oa/toa/TOAImpl.java':[
77,
],
'project:com/sun/corba/se/impl/orb/ORBConfiguratorImpl.java':[
118,
],
'project:com/sun/corba/se/impl/orb/ORBDataParserImpl.java':[
56,
],
'project:com/sun/corba/se/impl/orb/ORBImpl.java':[
170,
],
'project:com/sun/corba/se/impl/orb/ORBSingleton.java':[
135,
],
'project:com/sun/corba/se/impl/orbutil/ORBUtility.java':[
96,
],
'project:com/sun/corba/se/impl/orbutil/ObjectStreamClass_1_3_1.java':[
86,
],
'project:com/sun/corba/se/impl/orbutil/ValueHandlerImpl_1_3.java':[
61,
],
'project:com/sun/corba/se/impl/presentation/rmi/DynamicMethodMarshallerImpl.java':[
48,
],
'project:com/sun/corba/se/impl/presentation/rmi/ReflectiveTie.java':[
55,
],
'project:com/sun/corba/se/impl/presentation/rmi/StubInvocationHandlerImpl.java':[
71,
],
'project:com/sun/corba/se/impl/protocol/CorbaClientDelegateImpl.java':[
79,
],
'project:com/sun/corba/se/impl/protocol/CorbaClientRequestDispatcherImpl.java':[
121,
],
'project:com/sun/corba/se/impl/protocol/CorbaMessageMediatorImpl.java':[
133,
],
'project:com/sun/corba/se/impl/protocol/CorbaServerRequestDispatcherImpl.java':[
93,
],
'project:com/sun/corba/se/impl/protocol/POALocalCRDImpl.java':[
54,
],
'project:com/sun/corba/se/impl/protocol/giopmsgheaders/MessageBase.java':[
74,
],
'project:com/sun/corba/se/impl/protocol/giopmsgheaders/TargetAddressHelper.java':[
36,
],
'project:com/sun/corba/se/impl/resolver/BootstrapResolverImpl.java':[
49,
],
'project:com/sun/corba/se/impl/resolver/INSURLOperationImpl.java':[
76,
],
'project:com/sun/corba/se/impl/transport/SelectorImpl.java':[
58,
],
'project:com/sun/corba/se/impl/transport/SocketOrChannelAcceptorImpl.java':[
80,
],
'project:com/sun/corba/se/impl/transport/SocketOrChannelConnectionImpl.java':[
95,
],
'project:com/sun/corba/se/impl/util/Utility.java':[
83,
],
'project:com/sun/corba/se/spi/activation/_ActivatorImplBase.java':[
11,
],
'project:com/sun/corba/se/spi/activation/_ActivatorStub.java':[
11,
],
'project:com/sun/corba/se/spi/activation/_InitialNameServiceImplBase.java':[
11,
],
'project:com/sun/corba/se/spi/activation/_InitialNameServiceStub.java':[
11,
],
'project:com/sun/corba/se/spi/activation/_LocatorImplBase.java':[
11,
],
'project:com/sun/corba/se/spi/activation/_LocatorStub.java':[
11,
],
'project:com/sun/corba/se/spi/activation/_RepositoryImplBase.java':[
11,
],
'project:com/sun/corba/se/spi/activation/_RepositoryStub.java':[
11,
],
'project:com/sun/corba/se/spi/activation/_ServerImplBase.java':[
14,
],
'project:com/sun/corba/se/spi/activation/_ServerManagerImplBase.java':[
11,
],
'project:com/sun/corba/se/spi/activation/_ServerManagerStub.java':[
11,
],
'project:com/sun/corba/se/spi/activation/_ServerStub.java':[
14,
],
'project:com/sun/corba/se/spi/ior/IORFactories.java':[
62,
],
'project:com/sun/corba/se/spi/ior/iiop/IIOPFactories.java':[
69,
],
'project:com/sun/corba/se/spi/orb/ORB.java':[
102,
],
'project:com/sun/corba/se/spi/presentation/rmi/StubAdapter.java':[
59,
],
'project:com/sun/corba/se/spi/presentation/rmi/StubWrapper.java':[
47,
],
'project:com/sun/imageio/plugins/bmp/BMPImageReader.java':[
82,
],
'project:com/sun/imageio/plugins/bmp/BMPImageWriter.java':[
84,
],
'project:com/sun/imageio/plugins/common/ImageUtil.java':[
59,
],
'project:com/sun/imageio/plugins/gif/GIFImageWriter.java':[
60,
],
'project:com/sun/imageio/plugins/jpeg/JFIFMarkerSegment.java':[
70,
],
'project:com/sun/imageio/plugins/jpeg/JPEGImageReader.java':[
62,
],
'project:com/sun/imageio/plugins/jpeg/JPEGImageWriter.java':[
70,
],
'project:com/sun/imageio/plugins/jpeg/JPEGMetadata.java':[
61,
],
'project:com/sun/imageio/plugins/png/PNGImageReader.java':[
106,
],
'project:com/sun/imageio/plugins/png/PNGImageWriter.java':[
278,
],
'project:com/sun/java/swing/plaf/gtk/GTKColorChooserPanel.java':[
41,
],
'project:com/sun/java/swing/plaf/gtk/GTKEngine.java':[
57,
],
'project:com/sun/java/swing/plaf/gtk/GTKFileChooserUI.java':[
56,
],
'project:com/sun/java/swing/plaf/gtk/GTKLookAndFeel.java':[
54,
],
'project:com/sun/java/swing/plaf/gtk/GTKPainter.java':[
55,
],
'project:com/sun/java/swing/plaf/gtk/GTKStyle.java':[
47,
],
'project:com/sun/java/swing/plaf/gtk/Metacity.java':[
51,
],
'project:com/sun/java/swing/plaf/motif/MotifFileChooserUI.java':[
48,
],
'project:com/sun/java/swing/plaf/motif/MotifInternalFrameTitlePane.java':[
45,
],
'project:com/sun/java/swing/plaf/windows/AnimationController.java':[
70,
],
'project:com/sun/java/swing/plaf/windows/WindowsButtonUI.java':[
54,
],
'project:com/sun/java/swing/plaf/windows/WindowsComboBoxUI.java':[
58,
],
'project:com/sun/java/swing/plaf/windows/WindowsFileChooserUI.java':[
55,
],
'project:com/sun/java/swing/plaf/windows/WindowsIconFactory.java':[
725,
],
'project:com/sun/java/swing/plaf/windows/WindowsInternalFrameTitlePane.java':[
44,
],
'project:com/sun/java/swing/plaf/windows/WindowsLookAndFeel.java':[
94,
],
'project:com/sun/java/swing/plaf/windows/WindowsMenuUI.java':[
49,
],
'project:com/sun/jmx/interceptor/DefaultMBeanServerInterceptor.java':[
113,
],
'project:com/sun/jmx/mbeanserver/DefaultMXBeanMappingFactory.java':[
118,
],
'project:com/sun/jmx/mbeanserver/Introspector.java':[
66,
],
'project:com/sun/jmx/mbeanserver/JmxMBeanServer.java':[
90,
],
'project:com/sun/jmx/mbeanserver/MBeanIntrospector.java':[
74,
],
'project:com/sun/jmx/mbeanserver/MXBeanIntrospector.java':[
54,
],
'project:com/sun/jmx/remote/internal/ArrayNotificationBuffer.java':[
111,
],
'project:com/sun/jmx/remote/internal/ServerNotifForwarder.java':[
60,
],
'project:com/sun/jmx/remote/util/EnvHelp.java':[
55,
],
'project:com/sun/jmx/snmp/IPAcl/Host.java':[
47,
],
'project:com/sun/jmx/snmp/IPAcl/Parser.java':[
32,
],
'project:com/sun/jmx/snmp/IPAcl/SnmpAcl.java':[
65,
],
'project:com/sun/jmx/snmp/SnmpMsg.java':[
44,
],
'project:com/sun/jmx/snmp/SnmpVarBind.java':[
29,
],
'project:com/sun/jmx/snmp/agent/SnmpMib.java':[
356,
],
'project:com/sun/jmx/snmp/agent/SnmpMibTable.java':[
88,
],
'project:com/sun/jmx/snmp/daemon/CommunicatorServer.java':[
115,
],
'project:com/sun/jmx/snmp/daemon/SnmpAdaptorServer.java':[
131,
],
'project:com/sun/jmx/snmp/daemon/SnmpRequestHandler.java':[
72,
],
'project:com/sun/org/apache/bcel/internal/classfile/DescendingVisitor.java':[
70,
],
'project:com/sun/org/apache/bcel/internal/classfile/EmptyVisitor.java':[
73,
],
'project:com/sun/org/apache/bcel/internal/classfile/JavaClass.java':[
83,
],
'project:com/sun/org/apache/bcel/internal/generic/ConstantPoolGen.java':[
78,
],
'project:com/sun/org/apache/bcel/internal/generic/EmptyVisitor.java':[
66,
],
'project:com/sun/org/apache/bcel/internal/generic/InstructionFactory.java':[
71,
],
'project:com/sun/org/apache/bcel/internal/generic/InstructionList.java':[
87,
],
'project:com/sun/org/apache/bcel/internal/generic/LDC.java':[
70,
],
'project:com/sun/org/apache/bcel/internal/generic/MethodGen.java':[
80,
],
'project:com/sun/org/apache/bcel/internal/util/AttributeHTML.java':[
70,
],
'project:com/sun/org/apache/bcel/internal/util/BCELFactory.java':[
74,
],
'project:com/sun/org/apache/bcel/internal/util/BCELifier.java':[
75,
],
'project:com/sun/org/apache/bcel/internal/util/CodeHTML.java':[
71,
],
'project:com/sun/org/apache/xalan/internal/lib/Extensions.java':[
56,
],
'project:com/sun/org/apache/xalan/internal/xslt/Process.java':[
81,
],
'project:com/sun/org/apache/xalan/internal/xsltc/compiler/AncestorPattern.java':[
47,
],
'project:com/sun/org/apache/xalan/internal/xsltc/compiler/ApplyTemplates.java':[
49,
],
'project:com/sun/org/apache/xalan/internal/xsltc/compiler/ForEach.java':[
51,
],
'project:com/sun/org/apache/xalan/internal/xsltc/compiler/FunctionCall.java':[
64,
],
'project:com/sun/org/apache/xalan/internal/xsltc/compiler/LiteralElement.java':[
48,
],
'project:com/sun/org/apache/xalan/internal/xsltc/compiler/Mode.java':[
65,
],
'project:com/sun/org/apache/xalan/internal/xsltc/compiler/Number.java':[
60,
],
'project:com/sun/org/apache/xalan/internal/xsltc/compiler/ParentPattern.java':[
42,
],
'project:com/sun/org/apache/xalan/internal/xsltc/compiler/Parser.java':[
63,
],
'project:com/sun/org/apache/xalan/internal/xsltc/compiler/Predicate.java':[
58,
],
'project:com/sun/org/apache/xalan/internal/xsltc/compiler/RelationalExpr.java':[
50,
],
'project:com/sun/org/apache/xalan/internal/xsltc/compiler/Sort.java':[
73,
],
'project:com/sun/org/apache/xalan/internal/xsltc/compiler/Step.java':[
55,
],
'project:com/sun/org/apache/xalan/internal/xsltc/compiler/Stylesheet.java':[
71,
],
'project:com/sun/org/apache/xalan/internal/xsltc/compiler/SyntaxTreeNode.java':[
64,
],
'project:com/sun/org/apache/xalan/internal/xsltc/compiler/VariableBase.java':[
50,
],
'project:com/sun/org/apache/xalan/internal/xsltc/compiler/Whitespace.java':[
49,
],
'project:com/sun/org/apache/xalan/internal/xsltc/compiler/XPathParser.java':[
21,
1112,
],
'project:com/sun/org/apache/xalan/internal/xsltc/compiler/XSLTC.java':[
58,
],
'project:com/sun/org/apache/xalan/internal/xsltc/compiler/XslAttribute.java':[
55,
],
'project:com/sun/org/apache/xalan/internal/xsltc/compiler/util/BooleanType.java':[
54,
],
'project:com/sun/org/apache/xalan/internal/xsltc/compiler/util/IntType.java':[
56,
],
'project:com/sun/org/apache/xalan/internal/xsltc/compiler/util/NodeSetType.java':[
44,
],
'project:com/sun/org/apache/xalan/internal/xsltc/compiler/util/NodeType.java':[
48,
],
'project:com/sun/org/apache/xalan/internal/xsltc/compiler/util/ObjectType.java':[
42,
],
'project:com/sun/org/apache/xalan/internal/xsltc/compiler/util/RealType.java':[
49,
],
'project:com/sun/org/apache/xalan/internal/xsltc/compiler/util/ReferenceType.java':[
47,
],
'project:com/sun/org/apache/xalan/internal/xsltc/compiler/util/ResultTreeType.java':[
48,
],
'project:com/sun/org/apache/xalan/internal/xsltc/compiler/util/StringType.java':[
45,
],
'project:com/sun/org/apache/xalan/internal/xsltc/compiler/util/Type.java':[
37,
],
'project:com/sun/org/apache/xalan/internal/xsltc/dom/AdaptiveResultTreeImpl.java':[
76,
],
'project:com/sun/org/apache/xalan/internal/xsltc/dom/SAXImpl.java':[
80,
],
'project:com/sun/org/apache/xalan/internal/xsltc/dom/SimpleResultTreeImpl.java':[
64,
],
'project:com/sun/org/apache/xalan/internal/xsltc/dom/XSLTCDTMManager.java':[
54,
],
'project:com/sun/org/apache/xalan/internal/xsltc/runtime/AbstractTranslet.java':[
60,
],
'project:com/sun/org/apache/xalan/internal/xsltc/runtime/BasisLibrary.java':[
59,
],
'project:com/sun/org/apache/xalan/internal/xsltc/trax/SAX2DOM.java':[
53,
],
'project:com/sun/org/apache/xalan/internal/xsltc/trax/StAXEvent2SAX.java':[
66,
],
'project:com/sun/org/apache/xalan/internal/xsltc/trax/TransformerFactoryImpl.java':[
85,
],
'project:com/sun/org/apache/xalan/internal/xsltc/trax/TransformerImpl.java':[
96,
],
'project:com/sun/org/apache/xerces/internal/dom/CoreDocumentImpl.java':[
85,
],
'project:com/sun/org/apache/xerces/internal/dom/DOMConfigurationImpl.java':[
72,
],
'project:com/sun/org/apache/xerces/internal/dom/DOMNormalizer.java':[
99,
],
'project:com/sun/org/apache/xerces/internal/dom/DocumentImpl.java':[
82,
],
'project:com/sun/org/apache/xerces/internal/dom/NodeImpl.java':[
83,
],
'project:com/sun/org/apache/xerces/internal/impl/XMLDTDScannerImpl.java':[
71,
],
'project:com/sun/org/apache/xerces/internal/impl/XMLDocumentFragmentScannerImpl.java':[
78,
],
'project:com/sun/org/apache/xerces/internal/impl/XMLEntityManager.java':[
98,
],
'project:com/sun/org/apache/xerces/internal/impl/XMLScanner.java':[
72,
],
'project:com/sun/org/apache/xerces/internal/impl/XMLStreamReaderImpl.java':[
74,
],
'project:com/sun/org/apache/xerces/internal/impl/dtd/DTDGrammar.java':[
106,
],
'project:com/sun/org/apache/xerces/internal/impl/dtd/XMLDTDProcessor.java':[
118,
],
'project:com/sun/org/apache/xerces/internal/impl/dtd/XMLDTDValidator.java':[
88,
],
'project:com/sun/org/apache/xerces/internal/impl/dv/xs/XSSimpleTypeDecl.java':[
65,
],
'project:com/sun/org/apache/xerces/internal/impl/xpath/regex/RegularExpression.java':[
491,
],
'project:com/sun/org/apache/xerces/internal/impl/xs/SchemaGrammar.java':[
81,
485,
],
'project:com/sun/org/apache/xerces/internal/impl/xs/XMLSchemaLoader.java':[
101,
],
'project:com/sun/org/apache/xerces/internal/impl/xs/XMLSchemaValidator.java':[
112,
],
'project:com/sun/org/apache/xerces/internal/impl/xs/XSConstraints.java':[
50,
],
'project:com/sun/org/apache/xerces/internal/impl/xs/XSModelImpl.java':[
62,
],
'project:com/sun/org/apache/xerces/internal/impl/xs/opti/SchemaParsingConfig.java':[
62,
],
'project:com/sun/org/apache/xerces/internal/impl/xs/traversers/StAXSchemaParser.java':[
59,
],
'project:com/sun/org/apache/xerces/internal/impl/xs/traversers/XSAttributeChecker.java':[
74,
],
'project:com/sun/org/apache/xerces/internal/impl/xs/traversers/XSDAbstractTraverser.java':[
63,
],
'project:com/sun/org/apache/xerces/internal/impl/xs/traversers/XSDComplexTypeTraverser.java':[
68,
],
'project:com/sun/org/apache/xerces/internal/impl/xs/traversers/XSDElementTraverser.java':[
74,
],
'project:com/sun/org/apache/xerces/internal/impl/xs/traversers/XSDHandler.java':[
132,
],
'project:com/sun/org/apache/xerces/internal/jaxp/DocumentBuilderImpl.java':[
59,
],
'project:com/sun/org/apache/xerces/internal/jaxp/JAXPValidatorComponent.java':[
86,
],
'project:com/sun/org/apache/xerces/internal/jaxp/SAXParserImpl.java':[
68,
],
'project:com/sun/org/apache/xerces/internal/jaxp/validation/DOMResultAugmentor.java':[
61,
],
'project:com/sun/org/apache/xerces/internal/jaxp/validation/DOMResultBuilder.java':[
71,
],
'project:com/sun/org/apache/xerces/internal/jaxp/validation/DOMValidatorHelper.java':[
67,
],
'project:com/sun/org/apache/xerces/internal/jaxp/validation/StreamValidatorHelper.java':[
53,
],
'project:com/sun/org/apache/xerces/internal/jaxp/validation/ValidatorHandlerImpl.java':[
97,
],
'project:com/sun/org/apache/xerces/internal/jaxp/validation/XMLSchemaFactory.java':[
69,
],
'project:com/sun/org/apache/xerces/internal/jaxp/validation/XMLSchemaValidatorComponentManager.java':[
59,
],
'project:com/sun/org/apache/xerces/internal/parsers/AbstractDOMParser.java':[
89,
],
'project:com/sun/org/apache/xerces/internal/parsers/AbstractSAXParser.java':[
83,
],
'project:com/sun/org/apache/xerces/internal/parsers/DOMParserImpl.java':[
85,
],
'project:com/sun/org/apache/xerces/internal/parsers/DTDConfiguration.java':[
91,
],
'project:com/sun/org/apache/xerces/internal/parsers/NonValidatingConfiguration.java':[
63,
],
'project:com/sun/org/apache/xerces/internal/parsers/XML11Configuration.java':[
81,
],
'project:com/sun/org/apache/xerces/internal/parsers/XML11DTDConfiguration.java':[
108,
],
'project:com/sun/org/apache/xerces/internal/parsers/XML11NonValidatingConfiguration.java':[
79,
],
'project:com/sun/org/apache/xerces/internal/util/DOMUtil.java':[
47,
],
'project:com/sun/org/apache/xerces/internal/xinclude/XIncludeHandler.java':[
117,
],
'project:com/sun/org/apache/xerces/internal/xinclude/XPointerElementHandler.java':[
91,
],
'project:com/sun/org/apache/xml/internal/dtm/ref/DTMDefaultBase.java':[
46,
],
'project:com/sun/org/apache/xml/internal/dtm/ref/DTMDocumentImpl.java':[
65,
],
'project:com/sun/org/apache/xml/internal/dtm/ref/DTMManagerDefault.java':[
75,
],
'project:com/sun/org/apache/xml/internal/dtm/ref/DTMNodeProxy.java':[
64,
],
'project:com/sun/org/apache/xml/internal/dtm/ref/IncrementalSAXSource_Xerces.java':[
47,
],
'project:com/sun/org/apache/xml/internal/dtm/ref/dom2dtm/DOM2DTM.java':[
68,
],
'project:com/sun/org/apache/xml/internal/dtm/ref/sax2dtm/SAX2DTM.java':[
50,
],
'project:com/sun/org/apache/xml/internal/resolver/readers/SAXCatalogReader.java':[
82,
],
'project:com/sun/org/apache/xml/internal/security/encryption/XMLCipher.java':[
85,
2018,
],
'project:com/sun/org/apache/xml/internal/security/keys/KeyInfo.java':[
95,
],
'project:com/sun/org/apache/xml/internal/security/keys/keyresolver/implementations/RetrievalMethodResolver.java':[
69,
],
'project:com/sun/org/apache/xml/internal/security/signature/Manifest.java':[
58,
],
'project:com/sun/org/apache/xml/internal/security/signature/Reference.java':[
104,
],
'project:com/sun/org/apache/xml/internal/security/signature/XMLSignature.java':[
80,
],
'project:com/sun/org/apache/xml/internal/security/signature/XMLSignatureInput.java':[
55,
],
'project:com/sun/org/apache/xml/internal/security/utils/CachedXPathFuncHereAPI.java':[
50,
],
'project:com/sun/org/apache/xml/internal/serialize/BaseMarkupSerializer.java':[
131,
],
'project:com/sun/org/apache/xml/internal/serialize/DOMSerializerImpl.java':[
82,
],
'project:com/sun/org/apache/xml/internal/serializer/SerializerBase.java':[
48,
],
'project:com/sun/org/apache/xml/internal/serializer/ToStream.java':[
54,
],
'project:com/sun/org/apache/xml/internal/utils/TreeWalker.java':[
46,
],
'project:com/sun/org/apache/xpath/internal/SourceTreeManager.java':[
46,
],
'project:com/sun/org/apache/xpath/internal/XPath.java':[
47,
],
'project:com/sun/org/apache/xpath/internal/XPathContext.java':[
65,
1047,
],
'project:com/sun/org/apache/xpath/internal/axes/FilterExprWalker.java':[
41,
],
'project:com/sun/org/apache/xpath/internal/axes/HasPositionalPredChecker.java':[
40,
],
'project:com/sun/org/apache/xpath/internal/axes/LocPathIterator.java':[
51,
],
'project:com/sun/org/apache/xpath/internal/compiler/Compiler.java':[
75,
],
'project:com/sun/org/apache/xpath/internal/jaxp/XPathExpressionImpl.java':[
55,
],
'project:com/sun/org/apache/xpath/internal/jaxp/XPathImpl.java':[
58,
],
'project:com/sun/org/apache/xpath/internal/objects/XNodeSet.java':[
40,
],
'project:com/sun/org/apache/xpath/internal/objects/XObject.java':[
50,
],
'project:com/sun/org/apache/xpath/internal/objects/XRTreeFrag.java':[
40,
],
'project:com/sun/org/apache/xpath/internal/objects/XStringForFSB.java':[
35,
],
'project:com/sun/org/apache/xpath/internal/operations/Variable.java':[
44,
],
'project:com/sun/security/auth/PolicyFile.java':[
243,
],
'project:com/sun/security/auth/PolicyParser.java':[
86,
],
'project:com/sun/security/auth/SubjectCodeSource.java':[
46,
],
'project:com/sun/security/auth/login/ConfigFile.java':[
91,
],
'project:com/sun/security/auth/module/JndiLoginModule.java':[
154,
],
'project:com/sun/security/auth/module/KeyStoreLoginModule.java':[
131,
],
'project:com/sun/security/auth/module/Krb5LoginModule.java':[
365,
],
'project:com/sun/security/auth/module/LdapLoginModule.java':[
310,
],
'project:com/sun/source/util/SimpleTreeVisitor.java':[
36,
],
'project:com/sun/source/util/TreeScanner.java':[
71,
],
'project:com/sun/source/util/Trees.java':[
53,
],
'project:java/awt/AWTEvent.java':[
82,
],
'project:java/awt/AWTEventMulticaster.java':[
106,
],
'project:java/awt/Component.java':[
188,
],
'project:java/awt/Container.java':[
91,
],
'project:java/awt/DefaultKeyboardFocusManager.java':[
63,
],
'project:java/awt/Dialog.java':[
96,
],
'project:java/awt/EventQueue.java':[
101,
],
'project:java/awt/Font.java':[
223,
],
'project:java/awt/Frame.java':[
135,
],
'project:java/awt/Graphics2D.java':[
407,
],
'project:java/awt/KeyboardFocusManager.java':[
108,
],
'project:java/awt/MenuComponent.java':[
475,
],
'project:java/awt/TextComponent.java':[
60,
],
'project:java/awt/Toolkit.java':[
118,
],
'project:java/awt/Window.java':[
148,
],
'project:java/awt/dnd/DragSource.java':[
117,
],
'project:java/awt/font/TextLayout.java':[
238,
],
'project:java/awt/font/TextLine.java':[
66,
],
'project:java/awt/image/BufferedImage.java':[
70,
],
'project:java/beans/beancontext/BeanContextServicesSupport.java':[
61,
],
'project:java/beans/beancontext/BeanContextSupport.java':[
75,
],
'project:java/io/ObjectInputStream.java':[
205,
],
'project:java/io/ObjectOutputStream.java':[
161,
],
'project:java/io/ObjectStreamClass.java':[
69,
],
'project:java/lang/Class.java':[
116,
],
'project:java/lang/ClassLoader.java':[
177,
],
'project:java/lang/System.java':[
54,
],
'project:java/lang/Thread.java':[
139,
],
'project:java/lang/invoke/MethodType.java':[
84,
],
'project:java/lang/management/ManagementFactory.java':[
232,
],
'project:java/net/Socket.java':[
55,
],
'project:java/net/SocksSocketImpl.java':[
42,
],
'project:java/net/URL.java':[
133,
],
'project:java/net/URLClassLoader.java':[
71,
],
'project:java/nio/charset/Charset.java':[
276,
],
'project:java/nio/file/Files.java':[
58,
],
'project:java/nio/file/spi/FileSystemProvider.java':[
77,
],
'project:java/security/CodeSource.java':[
48,
],
'project:java/security/KeyStoreSpi.java':[
54,
],
'project:java/security/Permissions.java':[
82,
],
'project:java/security/Policy.java':[
97,
],
'project:java/security/ProtectionDomain.java':[
62,
],
'project:java/security/Security.java':[
47,
],
'project:java/security/Signature.java':[
119,
],
'project:java/security/UnresolvedPermission.java':[
103,
],
'project:java/security/cert/X509CertSelector.java':[
86,
],
'project:java/sql/DriverManager.java':[
79,
],
'project:java/text/DecimalFormat.java':[
378,
],
'project:java/text/MessageFormat.java':[
346,
],
'project:java/text/NumberFormat.java':[
182,
],
'project:java/text/SimpleDateFormat.java':[
409,
],
'project:java/util/Calendar.java':[
310,
],
'project:java/util/Collections.java':[
71,
],
'project:java/util/Currency.java':[
76,
],
'project:java/util/Formatter.java':[
2569,
],
'project:java/util/Locale.java':[
409,
],
'project:java/util/Scanner.java':[
348,
],
'project:java/util/TreeMap.java':[
106,
],
'project:java/util/concurrent/ConcurrentHashMap.java':[
102,
],
'project:java/util/concurrent/ConcurrentSkipListMap.java':[
93,
],
'project:java/util/concurrent/ConcurrentSkipListSet.java':[
85,
],
'project:java/util/concurrent/CopyOnWriteArrayList.java':[
78,
],
'project:java/util/concurrent/ForkJoinPool.java':[
154,
],
'project:java/util/concurrent/ForkJoinTask.java':[
191,
],
'project:java/util/concurrent/PriorityBlockingQueue.java':[
97,
],
'project:java/util/concurrent/SynchronousQueue.java':[
82,
],
'project:java/util/jar/JarVerifier.java':[
44,
],
'project:java/util/logging/LogManager.java':[
148,
],
'project:java/util/regex/Pattern.java':[
763,
],
'project:javax/imageio/ImageIO.java':[
63,
],
'project:javax/imageio/ImageReader.java':[
73,
],
'project:javax/management/StandardMBean.java':[
126,
],
'project:javax/management/loading/MLet.java':[
170,
],
'project:javax/management/modelmbean/DescriptorSupport.java':[
84,
],
'project:javax/management/modelmbean/ModelMBeanInfoSupport.java':[
85,
],
'project:javax/management/modelmbean/RequiredModelMBean.java':[
117,
],
'project:javax/management/monitor/Monitor.java':[
75,
],
'project:javax/management/relation/RelationService.java':[
72,
],
'project:javax/management/relation/RelationSupport.java':[
70,
],
'project:javax/management/remote/rmi/RMIConnectionImpl.java':[
89,
],
'project:javax/management/remote/rmi/RMIConnectionImpl_Stub.java':[
6,
],
'project:javax/management/remote/rmi/RMIConnector.java':[
119,
],
'project:javax/management/remote/rmi/RMIConnectorServer.java':[
69,
],
'project:javax/management/remote/rmi/RMIServerImpl.java':[
69,
],
'project:javax/management/timer/Timer.java':[
81,
],
'project:javax/naming/spi/NamingManager.java':[
64,
],
'project:javax/rmi/CORBA/Util.java':[
60,
],
'project:javax/security/auth/Subject.java':[
100,
],
'project:javax/security/auth/kerberos/KerberosTicket.java':[
79,
],
'project:javax/security/auth/login/LoginContext.java':[
203,
],
'project:javax/sound/midi/MidiSystem.java':[
166,
],
'project:javax/sound/sampled/AudioSystem.java':[
168,
],
'project:javax/sql/rowset/BaseRowSet.java':[
297,
],
'project:javax/sql/rowset/serial/SQLInputImpl.java':[
63,
],
'project:javax/sql/rowset/serial/SQLOutputImpl.java':[
57,
],
'project:javax/sql/rowset/spi/SyncFactory.java':[
199,
],
'project:javax/swing/AbstractButton.java':[
75,
2382,
],
'project:javax/swing/BufferStrategyPaintManager.java':[
51,
],
'project:javax/swing/DebugGraphics.java':[
49,
],
'project:javax/swing/DefaultDesktopManager.java':[
50,
],
'project:javax/swing/GroupLayout.java':[
208,
],
'project:javax/swing/ImageIcon.java':[
69,
],
'project:javax/swing/JComboBox.java':[
81,
],
'project:javax/swing/JComponent.java':[
183,
],
'project:javax/swing/JDialog.java':[
97,
],
'project:javax/swing/JEditorPane.java':[
192,
],
'project:javax/swing/JFileChooser.java':[
91,
],
'project:javax/swing/JFormattedTextField.java':[
180,
],
'project:javax/swing/JFrame.java':[
114,
],
'project:javax/swing/JInternalFrame.java':[
112,
],
'project:javax/swing/JLabel.java':[
1070,
],
'project:javax/swing/JList.java':[
282,
3186,
],
'project:javax/swing/JMenu.java':[
112,
],
'project:javax/swing/JMenuBar.java':[
85,
],
'project:javax/swing/JMenuItem.java':[
90,
],
'project:javax/swing/JOptionPane.java':[
315,
],
'project:javax/swing/JPopupMenu.java':[
84,
],
'project:javax/swing/JTabbedPane.java':[
109,
2032,
],
'project:javax/swing/JTable.java':[
220,
6584,
7909,
8738,
],
'project:javax/swing/JTextField.java':[
164,
],
'project:javax/swing/JTree.java':[
145,
4514,
],
'project:javax/swing/JViewport.java':[
105,
],
'project:javax/swing/RepaintManager.java':[
59,
],
'project:javax/swing/SwingUtilities.java':[
55,
],
'project:javax/swing/SwingWorker.java':[
226,
],
'project:javax/swing/ToolTipManager.java':[
53,
],
'project:javax/swing/TransferHandler.java':[
88,
1300,
],
'project:javax/swing/UIDefaults.java':[
74,
],
'project:javax/swing/UIManager.java':[
176,
],
'project:javax/swing/plaf/LayerUI.java':[
61,
],
'project:javax/swing/plaf/basic/BasicButtonUI.java':[
48,
],
'project:javax/swing/plaf/basic/BasicComboBoxUI.java':[
64,
1642,
],
'project:javax/swing/plaf/basic/BasicComboPopup.java':[
63,
],
'project:javax/swing/plaf/basic/BasicEditorPaneUI.java':[
53,
],
'project:javax/swing/plaf/basic/BasicFileChooserUI.java':[
50,
],
'project:javax/swing/plaf/basic/BasicInternalFrameUI.java':[
43,
1196,
],
'project:javax/swing/plaf/basic/BasicLabelUI.java':[
59,
],
'project:javax/swing/plaf/basic/BasicListUI.java':[
57,
2347,
],
'project:javax/swing/plaf/basic/BasicLookAndFeel.java':[
104,
],
'project:javax/swing/plaf/basic/BasicMenuItemUI.java':[
48,
],
'project:javax/swing/plaf/basic/BasicOptionPaneUI.java':[
80,
],
'project:javax/swing/plaf/basic/BasicPopupMenuUI.java':[
63,
727,
968,
],
'project:javax/swing/plaf/basic/BasicScrollBarUI.java':[
48,
],
'project:javax/swing/plaf/basic/BasicScrollPaneUI.java':[
52,
],
'project:javax/swing/plaf/basic/BasicSliderUI.java':[
46,
],
'project:javax/swing/plaf/basic/BasicSpinnerUI.java':[
50,
604,
],
'project:javax/swing/plaf/basic/BasicSplitPaneUI.java':[
53,
],
'project:javax/swing/plaf/basic/BasicTabbedPaneUI.java':[
54,
],
'project:javax/swing/plaf/basic/BasicTableHeaderUI.java':[
44,
],
'project:javax/swing/plaf/basic/BasicTableUI.java':[
57,
822,
],
'project:javax/swing/plaf/basic/BasicTextUI.java':[
103,
1766,
2189,
],
'project:javax/swing/plaf/basic/BasicToolBarUI.java':[
52,
],
'project:javax/swing/plaf/basic/BasicTreeUI.java':[
58,
3259,
],
'project:javax/swing/plaf/metal/MetalFileChooserUI.java':[
53,
],
'project:javax/swing/plaf/metal/MetalLookAndFeel.java':[
85,
],
'project:javax/swing/plaf/metal/MetalTitlePane.java':[
52,
],
'project:javax/swing/plaf/nimbus/AbstractRegionPainter.java':[
42,
],
'project:javax/swing/plaf/nimbus/NimbusLookAndFeel.java':[
64,
],
'project:javax/swing/plaf/nimbus/NimbusStyle.java':[
121,
],
'project:javax/swing/plaf/synth/SynthButtonUI.java':[
43,
],
'project:javax/swing/plaf/synth/SynthComboBoxUI.java':[
44,
],
'project:javax/swing/plaf/synth/SynthGraphicsUtils.java':[
42,
],
'project:javax/swing/plaf/synth/SynthInternalFrameTitlePane.java':[
45,
],
'project:javax/swing/plaf/synth/SynthLookAndFeel.java':[
66,
],
'project:javax/swing/plaf/synth/SynthParser.java':[
71,
],
'project:javax/swing/plaf/synth/SynthSliderUI.java':[
51,
],
'project:javax/swing/plaf/synth/SynthStyle.java':[
52,
],
'project:javax/swing/plaf/synth/SynthTabbedPaneUI.java':[
49,
],
'project:javax/swing/plaf/synth/SynthTableUI.java':[
63,
],
'project:javax/swing/plaf/synth/SynthTreeUI.java':[
59,
],
'project:javax/swing/table/JTableHeader.java':[
874,
],
'project:javax/swing/text/AbstractDocument.java':[
100,
],
'project:javax/swing/text/DefaultCaret.java':[
108,
1622,
],
'project:javax/swing/text/DefaultStyledDocument.java':[
72,
],
'project:javax/swing/text/GlyphView.java':[
65,
],
'project:javax/swing/text/InternationalFormatter.java':[
95,
],
'project:javax/swing/text/JTextComponent.java':[
303,
2544,
],
'project:javax/swing/text/ParagraphView.java':[
50,
],
'project:javax/swing/text/PlainView.java':[
40,
],
'project:javax/swing/text/StyleContext.java':[
65,
],
'project:javax/swing/text/Utilities.java':[
52,
],
'project:javax/swing/text/html/CSS.java':[
126,
],
'project:javax/swing/text/html/FormView.java':[
107,
],
'project:javax/swing/text/html/FrameView.java':[
45,
],
'project:javax/swing/text/html/HTMLDocument.java':[
273,
2166,
],
'project:javax/swing/text/html/HTMLEditorKit.java':[
164,
644,
],
'project:javax/swing/text/html/HTMLWriter.java':[
44,
],
'project:javax/swing/text/html/HiddenTagView.java':[
46,
],
'project:javax/swing/text/html/ImageView.java':[
48,
],
'project:javax/swing/text/html/MinimalHTMLWriter.java':[
68,
],
'project:javax/swing/text/html/StyleSheet.java':[
130,
2022,
],
'project:javax/swing/text/html/TableView.java':[
42,
],
'project:javax/swing/tree/DefaultTreeCellEditor.java':[
63,
],
'project:javax/swing/tree/DefaultTreeSelectionModel.java':[
64,
],
'project:javax/xml/bind/ContextFinder.java':[
58,
],
'project:javax/xml/bind/helpers/AbstractMarshallerImpl.java':[
67,
],
'project:javax/xml/bind/helpers/AbstractUnmarshallerImpl.java':[
73,
],
'project:javax/xml/crypto/dsig/XMLSignatureFactory.java':[
151,
],
'project:javax/xml/ws/Endpoint.java':[
72,
],
'project:javax/xml/ws/Service.java':[
66,
],
'project:javax/xml/ws/spi/Provider.java':[
46,
],
'project:javax/xml/ws/spi/ServiceDelegate.java':[
52,
],
'project:org/omg/CORBA/ORB.java':[
166,
],
'project:org/omg/CORBA/portable/Delegate.java':[
49,
],
'project:org/omg/CORBA/portable/ObjectImpl.java':[
46,
],
'project:org/omg/CosNaming/BindingIteratorPOA.java':[
20,
],
'project:org/omg/CosNaming/NamingContextExtPOA.java':[
25,
],
'project:org/omg/CosNaming/NamingContextPOA.java':[
21,
],
'project:org/omg/CosNaming/_NamingContextExtStub.java':[
25,
],
'project:org/omg/CosNaming/_NamingContextStub.java':[
21,
],
'project:org/omg/DynamicAny/_DynAnyFactoryStub.java':[
33,
],
'project:org/omg/DynamicAny/_DynAnyStub.java':[
79,
],
'project:org/omg/DynamicAny/_DynArrayStub.java':[
17,
],
'project:org/omg/DynamicAny/_DynEnumStub.java':[
16,
],
'project:org/omg/DynamicAny/_DynFixedStub.java':[
17,
],
'project:org/omg/DynamicAny/_DynSequenceStub.java':[
15,
],
'project:org/omg/DynamicAny/_DynStructStub.java':[
16,
],
'project:org/omg/DynamicAny/_DynUnionStub.java':[
22,
],
'project:org/omg/DynamicAny/_DynValueStub.java':[
24,
],
'project:org/omg/PortableServer/_ServantActivatorStub.java':[
16,
],
'project:org/omg/PortableServer/_ServantLocatorStub.java':[
30,
],
}
