{
'project:com/sun/corba/se/impl/util/PackagePrefixChecker.java':[
52,
],
'project:com/sun/org/apache/regexp/internal/RE.java':[
1030,
1038,
1046,
],
'project:com/sun/org/apache/xerces/internal/impl/XMLEntityScanner.java':[
1701,
],
'project:com/sun/org/apache/xerces/internal/impl/dv/xs/XSSimpleTypeDecl.java':[
1486,
1486,
1493,
1493,
1500,
1500,
1507,
1507,
1514,
1521,
],
'project:com/sun/org/apache/xml/internal/dtm/ref/DTMDefaultBaseTraversers.java':[
392,
609,
],
'project:com/sun/org/apache/xpath/internal/SourceTreeManager.java':[
178,
],
'project:java/awt/geom/CubicCurve2D.java':[
1405,
],
'project:java/net/AbstractPlainSocketImpl.java':[
246,
],
'project:java/net/DatagramSocket.java':[
909,
],
'project:java/net/ServerSocket.java':[
808,
],
'project:java/net/Socket.java':[
1141,
],
'project:java/nio/channels/Channels.java':[
381,
],
'project:java/text/ChoiceFormat.java':[
386,
],
'project:java/util/concurrent/ConcurrentHashMap.java':[
737,
],
'project:javax/sound/sampled/DataLine.java':[
459,
],
'project:javax/sound/sampled/Port.java':[
174,
],
'project:javax/sql/rowset/RowSetMetaDataImpl.java':[
140,
],
'project:javax/swing/JComponent.java':[
3094,
3104,
],
'project:javax/swing/JTable.java':[
5194,
],
'project:javax/swing/plaf/basic/BasicPopupMenuUI.java':[
844,
],
}
