{
'project:com/sun/jmx/snmp/IPAcl/ParserTokenManager.java':[
769,
1121,
1330,
],
'project:java/io/BufferedReader.java':[
313,
],
'project:javax/management/ObjectName.java':[
566,
],
'project:javax/management/remote/JMXServiceURL.java':[
427,
],
}
