{
'project:com/sun/org/apache/xerces/internal/impl/XMLEntityManager.java':[
1396,
],
'project:com/sun/org/apache/xerces/internal/impl/xs/XSComplexTypeDecl.java':[
495,
500,
510,
],
'project:com/sun/org/apache/xerces/internal/xpointer/ShortHandPointer.java':[
264,
],
'project:com/sun/org/apache/xml/internal/dtm/ref/sax2dtm/SAX2DTM.java':[
1871,
],
'project:com/sun/org/apache/xpath/internal/axes/WalkerFactory.java':[
1563,
],
'project:com/sun/security/auth/module/Krb5LoginModule.java':[
919,
],
'project:java/beans/FeatureDescriptor.java':[
232,
233,
234,
],
'project:java/beans/PropertyDescriptor.java':[
609,
610,
],
'project:java/lang/invoke/AdapterMethodHandle.java':[
661,
679,
],
'project:java/sql/Time.java':[
100,
100,
],
'project:java/sql/Timestamp.java':[
239,
239,
244,
],
'project:java/util/ComparableTimSort.java':[
702,
821,
],
'project:java/util/Properties.java':[
634,
],
'project:java/util/TimSort.java':[
735,
854,
],
'project:java/util/concurrent/ConcurrentLinkedDeque.java':[
503,
512,
],
'project:java/util/regex/Pattern.java':[
4227,
4436,
4522,
4938,
4938,
],
'project:javax/imageio/ImageTypeSpecifier.java':[
1000,
],
'project:javax/swing/JTable.java':[
4965,
4968,
],
}
