{
'project:com/sun/corba/se/PortableActivationIDL/_InitialNameServiceImplBase.java':[
39,
],
'project:com/sun/corba/se/PortableActivationIDL/_ORBProxyImplBase.java':[
38,
],
'project:com/sun/corba/se/impl/corba/TypeCodeImpl.java':[
282,
1211,
1220,
],
'project:com/sun/corba/se/impl/dynamicany/DynAnyUtil.java':[
315,
],
'project:com/sun/corba/se/impl/interceptors/ClientRequestInfoImpl.java':[
944,
946,
],
'project:com/sun/corba/se/impl/protocol/CorbaMessageMediatorImpl.java':[
1950,
],
'project:com/sun/corba/se/spi/activation/_InitialNameServiceImplBase.java':[
35,
],
'project:com/sun/imageio/plugins/bmp/BMPImageWriter.java':[
1255,
],
'project:com/sun/imageio/plugins/common/BogusColorSpace.java':[
49,
],
'project:com/sun/imageio/plugins/jpeg/SOFMarkerSegment.java':[
182,
],
'project:com/sun/imageio/plugins/png/PNGImageWriter.java':[
1105,
],
'project:com/sun/java/swing/plaf/gtk/GTKLookAndFeel.java':[
127,
],
'project:com/sun/java/swing/plaf/windows/WindowsFileChooserUI.java':[
361,
],
'project:com/sun/java/swing/plaf/windows/WindowsScrollBarUI.java':[
345,
],
'project:com/sun/java/swing/plaf/windows/WindowsTableHeaderUI.java':[
130,
],
'project:com/sun/jmx/snmp/IPAcl/Parser.java':[
43,
51,
59,
105,
179,
276,
314,
372,
401,
447,
476,
531,
574,
637,
727,
768,
796,
890,
],
'project:com/sun/jmx/snmp/IPAcl/ParserTokenManager.java':[
692,
710,
],
'project:com/sun/jmx/snmp/IPAcl/Token.java':[
101,
],
'project:com/sun/jmx/snmp/agent/SnmpMibAgent.java':[
719,
],
'project:com/sun/jmx/snmp/daemon/CommunicatorServer.java':[
255,
],
'project:com/sun/org/apache/xerces/internal/dom/NodeImpl.java':[
1064,
],
'project:com/sun/org/apache/xerces/internal/impl/PropertyManager.java':[
61,
],
'project:com/sun/org/apache/xerces/internal/impl/XMLDocumentFragmentScannerImpl.java':[
2601,
2645,
],
'project:com/sun/org/apache/xerces/internal/impl/XMLDocumentScannerImpl.java':[
837,
1354,
],
'project:com/sun/org/apache/xerces/internal/impl/xs/identity/XPathMatcher.java':[
460,
],
'project:com/sun/org/apache/xerces/internal/impl/xs/traversers/XSDHandler.java':[
1944,
],
'project:com/sun/org/apache/xml/internal/security/encryption/XMLCipher.java':[
1637,
1695,
2636,
],
'project:com/sun/org/apache/xml/internal/security/signature/XMLSignatureInputDebugger.java':[
609,
],
'project:com/sun/org/apache/xml/internal/security/transforms/implementations/TransformBase64Decode.java':[
173,
],
'project:java/awt/Component.java':[
6392,
6548,
6591,
6631,
6670,
6706,
],
'project:java/awt/Container.java':[
2253,
],
'project:java/awt/TextComponent.java':[
701,
],
'project:java/awt/Window.java':[
2126,
],
'project:java/awt/event/ActionEvent.java':[
278,
],
'project:java/awt/event/AdjustmentEvent.java':[
257,
],
'project:java/awt/event/InvocationEvent.java':[
341,
],
'project:java/awt/event/ItemEvent.java':[
180,
],
'project:java/awt/event/TextEvent.java':[
104,
],
'project:java/awt/image/Raster.java':[
895,
981,
],
'project:java/io/LineNumberInputStream.java':[
99,
],
'project:java/io/LineNumberReader.java':[
131,
173,
],
'project:java/lang/CharacterDataLatin1.java':[
231,
],
'project:java/lang/invoke/MethodHandleNatives.java':[
338,
],
'project:java/lang/invoke/MethodTypeForm.java':[
411,
],
'project:java/nio/file/FileTreeWalker.java':[
52,
],
'project:java/security/MessageDigest.java':[
409,
],
'project:java/text/RBTableBuilder.java':[
128,
],
'project:java/util/JapaneseImperialCalendar.java':[
1100,
1153,
],
'project:java/util/Locale.java':[
829,
],
'project:java/util/SimpleTimeZone.java':[
1535,
1549,
],
'project:java/util/regex/Pattern.java':[
2608,
],
'project:javax/management/BinaryOpValueExp.java':[
154,
],
'project:javax/management/ObjectName.java':[
590,
938,
],
'project:javax/security/auth/Subject.java':[
1083,
],
'project:javax/swing/JTable.java':[
7149,
],
'project:javax/swing/SwingUtilities.java':[
866,
877,
],
'project:javax/swing/plaf/basic/BasicComboBoxUI.java':[
1055,
],
'project:javax/swing/plaf/basic/BasicScrollBarUI.java':[
239,
860,
1118,
1131,
1148,
1312,
],
'project:javax/swing/plaf/basic/BasicSliderUI.java':[
1615,
1637,
1753,
],
'project:javax/swing/plaf/basic/BasicTextFieldUI.java':[
254,
],
'project:javax/swing/plaf/metal/MetalFileChooserUI.java':[
342,
],
'project:javax/swing/plaf/nimbus/ArrowButtonPainter.java':[
75,
],
'project:javax/swing/plaf/nimbus/DesktopIconPainter.java':[
76,
],
'project:javax/swing/plaf/nimbus/DesktopPanePainter.java':[
85,
],
'project:javax/swing/plaf/nimbus/InternalFramePainter.java':[
90,
],
'project:javax/swing/plaf/nimbus/InternalFrameTitlePanePainter.java':[
71,
],
'project:javax/swing/plaf/nimbus/MenuBarMenuPainter.java':[
74,
],
'project:javax/swing/plaf/nimbus/MenuBarPainter.java':[
77,
],
'project:javax/swing/plaf/nimbus/MenuItemPainter.java':[
74,
],
'project:javax/swing/plaf/nimbus/OptionPaneMessageAreaOptionPaneLabelPainter.java':[
72,
],
'project:javax/swing/plaf/nimbus/OptionPaneMessageAreaPainter.java':[
71,
],
'project:javax/swing/plaf/nimbus/PopupMenuPainter.java':[
75,
],
'project:javax/swing/plaf/nimbus/PopupMenuSeparatorPainter.java':[
72,
],
'project:javax/swing/plaf/nimbus/ScrollBarPainter.java':[
70,
],
'project:javax/swing/plaf/nimbus/ScrollBarTrackPainter.java':[
88,
],
'project:javax/swing/plaf/nimbus/ScrollPanePainter.java':[
75,
],
'project:javax/swing/plaf/nimbus/SeparatorPainter.java':[
72,
],
'project:javax/swing/plaf/nimbus/SliderPainter.java':[
70,
],
'project:javax/swing/plaf/nimbus/SliderTrackPainter.java':[
83,
],
'project:javax/swing/plaf/nimbus/SpinnerPainter.java':[
71,
],
'project:javax/swing/plaf/nimbus/SplitPanePainter.java':[
71,
],
'project:javax/swing/plaf/nimbus/TabbedPanePainter.java':[
75,
],
'project:javax/swing/plaf/nimbus/TableEditorPainter.java':[
76,
],
'project:javax/swing/plaf/nimbus/TableHeaderPainter.java':[
74,
],
'project:javax/swing/plaf/nimbus/ToolTipPainter.java':[
73,
],
'project:javax/swing/plaf/nimbus/TreeCellEditorPainter.java':[
76,
],
'project:javax/swing/text/ComponentView.java':[
219,
],
'project:javax/swing/text/FieldView.java':[
125,
209,
],
'project:javax/swing/text/IconView.java':[
111,
],
'project:javax/swing/text/JTextComponent.java':[
740,
4504,
],
'project:javax/swing/text/PasswordView.java':[
219,
],
'project:javax/swing/text/html/ImageView.java':[
499,
],
'project:javax/swing/text/html/StyleSheet.java':[
1974,
],
'project:javax/swing/text/html/parser/DTD.java':[
180,
],
'project:javax/swing/text/html/parser/Parser.java':[
1213,
1562,
],
}
