{
'project:com/sun/imageio/plugins/common/SubImageInputStream.java':[
75,
],
'project:com/sun/imageio/plugins/png/PNGImageWriter.java':[
143,
260,
],
'project:java/awt/image/IndexColorModel.java':[
1515,
],
'project:java/net/SocketInputStream.java':[
265,
],
'project:java/net/SocketOutputStream.java':[
176,
],
'project:javax/imageio/stream/FileCacheImageInputStream.java':[
257,
],
'project:javax/imageio/stream/FileImageInputStream.java':[
159,
],
'project:javax/imageio/stream/FileImageOutputStream.java':[
167,
],
'project:javax/imageio/stream/MemoryCacheImageInputStream.java':[
182,
],
}
