{
'project:com/sun/org/apache/xerces/internal/impl/xpath/regex/CaseInsensitiveMap.java':[
47,
],
'project:com/sun/org/apache/xml/internal/serializer/OutputPropertiesFactory.java':[
262,
],
}
