{
'project:com/sun/corba/se/impl/corba/AnyImpl.java':[
0,
],
'project:com/sun/corba/se/impl/corba/TypeCodeImpl.java':[
0,
],
'project:com/sun/corba/se/impl/encoding/CDRInputStream_1_0.java':[
0,
],
'project:com/sun/corba/se/impl/encoding/CDROutputStream_1_0.java':[
0,
],
'project:com/sun/corba/se/impl/encoding/IDLJavaSerializationInputStream.java':[
0,
],
'project:com/sun/corba/se/impl/io/IIOPInputStream.java':[
0,
],
'project:com/sun/corba/se/impl/io/ObjectStreamClass.java':[
0,
],
'project:com/sun/corba/se/impl/logging/OMGSystemException.java':[
0,
],
'project:com/sun/corba/se/impl/logging/ORBUtilSystemException.java':[
0,
],
'project:com/sun/corba/se/impl/logging/POASystemException.java':[
0,
],
'project:com/sun/corba/se/impl/naming/cosnaming/NamingContextImpl.java':[
0,
],
'project:com/sun/corba/se/impl/naming/pcosnaming/NamingContextImpl.java':[
0,
],
'project:com/sun/corba/se/impl/oa/poa/POAImpl.java':[
0,
],
'project:com/sun/corba/se/impl/orb/ORBImpl.java':[
0,
],
'project:com/sun/corba/se/impl/orb/ParserTable.java':[
0,
],
'project:com/sun/corba/se/impl/orbutil/ObjectStreamClass_1_3_1.java':[
0,
],
'project:com/sun/corba/se/impl/orbutil/RepositoryId_1_3_1.java':[
0,
],
'project:com/sun/corba/se/impl/protocol/CorbaClientRequestDispatcherImpl.java':[
0,
],
'project:com/sun/corba/se/impl/protocol/CorbaMessageMediatorImpl.java':[
0,
],
'project:com/sun/corba/se/impl/transport/SocketOrChannelConnectionImpl.java':[
0,
],
'project:com/sun/corba/se/impl/util/Utility.java':[
0,
],
'project:com/sun/imageio/plugins/bmp/BMPImageReader.java':[
0,
],
'project:com/sun/imageio/plugins/bmp/BMPImageWriter.java':[
0,
],
'project:com/sun/imageio/plugins/common/ImageUtil.java':[
0,
],
'project:com/sun/imageio/plugins/gif/GIFImageReader.java':[
0,
],
'project:com/sun/imageio/plugins/gif/GIFImageWriter.java':[
0,
],
'project:com/sun/imageio/plugins/jpeg/JFIFMarkerSegment.java':[
0,
],
'project:com/sun/imageio/plugins/jpeg/JPEGImageReader.java':[
0,
],
'project:com/sun/imageio/plugins/jpeg/JPEGImageWriter.java':[
0,
],
'project:com/sun/imageio/plugins/jpeg/JPEGMetadata.java':[
0,
],
'project:com/sun/imageio/plugins/png/PNGImageReader.java':[
0,
],
'project:com/sun/imageio/plugins/png/PNGImageWriter.java':[
0,
],
'project:com/sun/imageio/plugins/png/PNGMetadata.java':[
0,
],
'project:com/sun/java/swing/plaf/gtk/GTKColorChooserPanel.java':[
0,
],
'project:com/sun/java/swing/plaf/gtk/GTKFileChooserUI.java':[
0,
],
'project:com/sun/java/swing/plaf/gtk/GTKLookAndFeel.java':[
0,
],
'project:com/sun/java/swing/plaf/gtk/GTKPainter.java':[
0,
],
'project:com/sun/java/swing/plaf/gtk/GTKStyle.java':[
0,
],
'project:com/sun/java/swing/plaf/gtk/Metacity.java':[
0,
],
'project:com/sun/java/swing/plaf/motif/MotifLookAndFeel.java':[
0,
],
'project:com/sun/java/swing/plaf/windows/WindowsFileChooserUI.java':[
0,
],
'project:com/sun/java/swing/plaf/windows/WindowsLookAndFeel.java':[
0,
],
'project:com/sun/java_cup/internal/runtime/lr_parser.java':[
0,
],
'project:com/sun/jmx/interceptor/DefaultMBeanServerInterceptor.java':[
0,
],
'project:com/sun/jmx/mbeanserver/DefaultMXBeanMappingFactory.java':[
0,
],
'project:com/sun/jmx/mbeanserver/JmxMBeanServer.java':[
0,
],
'project:com/sun/jmx/snmp/IPAcl/Parser.java':[
0,
],
'project:com/sun/jmx/snmp/IPAcl/ParserTokenManager.java':[
0,
],
'project:com/sun/jmx/snmp/agent/SnmpMib.java':[
0,
],
'project:com/sun/jmx/snmp/agent/SnmpMibTable.java':[
0,
],
'project:com/sun/jmx/snmp/agent/SnmpRequestTree.java':[
0,
],
'project:com/sun/jmx/snmp/daemon/CommunicatorServer.java':[
0,
],
'project:com/sun/jmx/snmp/daemon/SnmpAdaptorServer.java':[
0,
],
'project:com/sun/jmx/snmp/daemon/SnmpInformRequest.java':[
0,
],
'project:com/sun/jmx/snmp/daemon/SnmpRequestHandler.java':[
0,
],
'project:com/sun/org/apache/bcel/internal/classfile/Utility.java':[
0,
],
'project:com/sun/org/apache/bcel/internal/generic/InstructionList.java':[
0,
],
'project:com/sun/org/apache/regexp/internal/RE.java':[
0,
],
'project:com/sun/org/apache/regexp/internal/RECompiler.java':[
0,
],
'project:com/sun/org/apache/xalan/internal/lib/ExsltDatetime.java':[
0,
],
'project:com/sun/org/apache/xalan/internal/res/XSLTErrorResources.java':[
0,
],
'project:com/sun/org/apache/xalan/internal/res/XSLTErrorResources_de.java':[
0,
],
'project:com/sun/org/apache/xalan/internal/res/XSLTErrorResources_es.java':[
0,
],
'project:com/sun/org/apache/xalan/internal/res/XSLTErrorResources_fr.java':[
0,
],
'project:com/sun/org/apache/xalan/internal/res/XSLTErrorResources_it.java':[
0,
],
'project:com/sun/org/apache/xalan/internal/res/XSLTErrorResources_ja.java':[
0,
],
'project:com/sun/org/apache/xalan/internal/res/XSLTErrorResources_ko.java':[
0,
],
'project:com/sun/org/apache/xalan/internal/res/XSLTErrorResources_pt_BR.java':[
0,
],
'project:com/sun/org/apache/xalan/internal/res/XSLTErrorResources_sv.java':[
0,
],
'project:com/sun/org/apache/xalan/internal/res/XSLTErrorResources_zh_CN.java':[
0,
],
'project:com/sun/org/apache/xalan/internal/res/XSLTErrorResources_zh_TW.java':[
0,
],
'project:com/sun/org/apache/xalan/internal/xslt/EnvironmentCheck.java':[
0,
],
'project:com/sun/org/apache/xalan/internal/xslt/Process.java':[
0,
],
'project:com/sun/org/apache/xalan/internal/xsltc/compiler/FunctionCall.java':[
0,
],
'project:com/sun/org/apache/xalan/internal/xsltc/compiler/Mode.java':[
0,
],
'project:com/sun/org/apache/xalan/internal/xsltc/compiler/Parser.java':[
0,
],
'project:com/sun/org/apache/xalan/internal/xsltc/compiler/Stylesheet.java':[
0,
],
'project:com/sun/org/apache/xalan/internal/xsltc/compiler/XPathLexer.java':[
0,
],
'project:com/sun/org/apache/xalan/internal/xsltc/compiler/XPathParser.java':[
0,
],
'project:com/sun/org/apache/xalan/internal/xsltc/dom/AdaptiveResultTreeImpl.java':[
0,
],
'project:com/sun/org/apache/xalan/internal/xsltc/dom/SAXImpl.java':[
0,
],
'project:com/sun/org/apache/xalan/internal/xsltc/dom/SimpleResultTreeImpl.java':[
0,
],
'project:com/sun/org/apache/xalan/internal/xsltc/runtime/BasisLibrary.java':[
0,
],
'project:com/sun/org/apache/xalan/internal/xsltc/trax/TransformerFactoryImpl.java':[
0,
],
'project:com/sun/org/apache/xalan/internal/xsltc/trax/TransformerImpl.java':[
0,
],
'project:com/sun/org/apache/xerces/internal/dom/AttrImpl.java':[
0,
],
'project:com/sun/org/apache/xerces/internal/dom/CoreDocumentImpl.java':[
0,
],
'project:com/sun/org/apache/xerces/internal/dom/DOMConfigurationImpl.java':[
0,
],
'project:com/sun/org/apache/xerces/internal/dom/DOMNormalizer.java':[
0,
],
'project:com/sun/org/apache/xerces/internal/dom/DeferredDocumentImpl.java':[
0,
],
'project:com/sun/org/apache/xerces/internal/dom/DocumentImpl.java':[
0,
],
'project:com/sun/org/apache/xerces/internal/dom/ElementImpl.java':[
0,
],
'project:com/sun/org/apache/xerces/internal/dom/NodeImpl.java':[
0,
],
'project:com/sun/org/apache/xerces/internal/dom/ParentNode.java':[
0,
],
'project:com/sun/org/apache/xerces/internal/dom/RangeImpl.java':[
0,
],
'project:com/sun/org/apache/xerces/internal/impl/XML11EntityScanner.java':[
0,
],
'project:com/sun/org/apache/xerces/internal/impl/XMLDTDScannerImpl.java':[
0,
],
'project:com/sun/org/apache/xerces/internal/impl/XMLDocumentFragmentScannerImpl.java':[
0,
],
'project:com/sun/org/apache/xerces/internal/impl/XMLDocumentScannerImpl.java':[
0,
],
'project:com/sun/org/apache/xerces/internal/impl/XMLEntityManager.java':[
0,
],
'project:com/sun/org/apache/xerces/internal/impl/XMLEntityScanner.java':[
0,
],
'project:com/sun/org/apache/xerces/internal/impl/XMLScanner.java':[
0,
],
'project:com/sun/org/apache/xerces/internal/impl/XMLStreamReaderImpl.java':[
0,
],
'project:com/sun/org/apache/xerces/internal/impl/dtd/DTDGrammar.java':[
0,
],
'project:com/sun/org/apache/xerces/internal/impl/dtd/XMLDTDProcessor.java':[
0,
],
'project:com/sun/org/apache/xerces/internal/impl/dtd/XMLDTDValidator.java':[
0,
],
'project:com/sun/org/apache/xerces/internal/impl/dtd/models/DFAContentModel.java':[
0,
],
'project:com/sun/org/apache/xerces/internal/impl/dv/xs/AbstractDateTimeDV.java':[
0,
],
'project:com/sun/org/apache/xerces/internal/impl/dv/xs/XSSimpleTypeDecl.java':[
0,
],
'project:com/sun/org/apache/xerces/internal/impl/xpath/XPath.java':[
0,
],
'project:com/sun/org/apache/xerces/internal/impl/xpath/regex/RegexParser.java':[
0,
],
'project:com/sun/org/apache/xerces/internal/impl/xpath/regex/RegularExpression.java':[
0,
],
'project:com/sun/org/apache/xerces/internal/impl/xpath/regex/Token.java':[
0,
],
'project:com/sun/org/apache/xerces/internal/impl/xs/SchemaGrammar.java':[
0,
],
'project:com/sun/org/apache/xerces/internal/impl/xs/XMLSchemaLoader.java':[
0,
],
'project:com/sun/org/apache/xerces/internal/impl/xs/XMLSchemaValidator.java':[
0,
],
'project:com/sun/org/apache/xerces/internal/impl/xs/XSConstraints.java':[
0,
],
'project:com/sun/org/apache/xerces/internal/impl/xs/models/XSDFACM.java':[
0,
],
'project:com/sun/org/apache/xerces/internal/impl/xs/opti/SchemaParsingConfig.java':[
0,
],
'project:com/sun/org/apache/xerces/internal/impl/xs/traversers/XSAttributeChecker.java':[
0,
],
'project:com/sun/org/apache/xerces/internal/impl/xs/traversers/XSDComplexTypeTraverser.java':[
0,
],
'project:com/sun/org/apache/xerces/internal/impl/xs/traversers/XSDHandler.java':[
0,
],
'project:com/sun/org/apache/xerces/internal/jaxp/datatype/DurationImpl.java':[
0,
],
'project:com/sun/org/apache/xerces/internal/jaxp/datatype/XMLGregorianCalendarImpl.java':[
0,
],
'project:com/sun/org/apache/xerces/internal/jaxp/validation/ValidatorHandlerImpl.java':[
0,
],
'project:com/sun/org/apache/xerces/internal/parsers/AbstractDOMParser.java':[
0,
],
'project:com/sun/org/apache/xerces/internal/parsers/AbstractSAXParser.java':[
0,
],
'project:com/sun/org/apache/xerces/internal/parsers/DOMParserImpl.java':[
0,
],
'project:com/sun/org/apache/xerces/internal/parsers/XML11Configuration.java':[
0,
],
'project:com/sun/org/apache/xerces/internal/parsers/XML11DTDConfiguration.java':[
0,
],
'project:com/sun/org/apache/xerces/internal/parsers/XML11NonValidatingConfiguration.java':[
0,
],
'project:com/sun/org/apache/xerces/internal/util/EncodingMap.java':[
0,
],
'project:com/sun/org/apache/xerces/internal/util/URI.java':[
0,
],
'project:com/sun/org/apache/xerces/internal/util/XMLAttributesImpl.java':[
0,
],
'project:com/sun/org/apache/xerces/internal/util/XMLChar.java':[
0,
],
'project:com/sun/org/apache/xerces/internal/xinclude/XIncludeHandler.java':[
0,
],
'project:com/sun/org/apache/xerces/internal/xpointer/XPointerHandler.java':[
0,
],
'project:com/sun/org/apache/xml/internal/dtm/ref/DTMDefaultBase.java':[
0,
],
'project:com/sun/org/apache/xml/internal/dtm/ref/DTMDefaultBaseIterators.java':[
0,
],
'project:com/sun/org/apache/xml/internal/dtm/ref/DTMDefaultBaseTraversers.java':[
0,
],
'project:com/sun/org/apache/xml/internal/dtm/ref/DTMDocumentImpl.java':[
0,
],
'project:com/sun/org/apache/xml/internal/dtm/ref/DTMNodeProxy.java':[
0,
],
'project:com/sun/org/apache/xml/internal/dtm/ref/dom2dtm/DOM2DTM.java':[
0,
],
'project:com/sun/org/apache/xml/internal/dtm/ref/sax2dtm/SAX2DTM.java':[
0,
],
'project:com/sun/org/apache/xml/internal/dtm/ref/sax2dtm/SAX2DTM2.java':[
0,
],
'project:com/sun/org/apache/xml/internal/resolver/Catalog.java':[
0,
],
'project:com/sun/org/apache/xml/internal/security/encryption/XMLCipher.java':[
0,
],
'project:com/sun/org/apache/xml/internal/security/keys/KeyInfo.java':[
0,
],
'project:com/sun/org/apache/xml/internal/serialize/BaseMarkupSerializer.java':[
0,
],
'project:com/sun/org/apache/xml/internal/serialize/DOMSerializerImpl.java':[
0,
],
'project:com/sun/org/apache/xml/internal/serialize/XMLSerializer.java':[
0,
],
'project:com/sun/org/apache/xml/internal/serializer/SerializerBase.java':[
0,
],
'project:com/sun/org/apache/xml/internal/serializer/ToHTMLStream.java':[
0,
],
'project:com/sun/org/apache/xml/internal/serializer/ToStream.java':[
0,
],
'project:com/sun/org/apache/xml/internal/serializer/ToUnknownStream.java':[
0,
],
'project:com/sun/org/apache/xml/internal/serializer/utils/URI.java':[
0,
],
'project:com/sun/org/apache/xml/internal/utils/DOMHelper.java':[
0,
],
'project:com/sun/org/apache/xml/internal/utils/FastStringBuffer.java':[
0,
],
'project:com/sun/org/apache/xml/internal/utils/URI.java':[
0,
],
'project:com/sun/org/apache/xml/internal/utils/UnImplNode.java':[
0,
],
'project:com/sun/org/apache/xpath/internal/NodeSet.java':[
0,
],
'project:com/sun/org/apache/xpath/internal/NodeSetDTM.java':[
0,
],
'project:com/sun/org/apache/xpath/internal/XPathContext.java':[
0,
],
'project:com/sun/org/apache/xpath/internal/axes/LocPathIterator.java':[
0,
],
'project:com/sun/org/apache/xpath/internal/axes/WalkerFactory.java':[
0,
],
'project:com/sun/org/apache/xpath/internal/compiler/Compiler.java':[
0,
],
'project:com/sun/org/apache/xpath/internal/compiler/XPathParser.java':[
0,
],
'project:com/sun/org/apache/xpath/internal/objects/XString.java':[
0,
],
'project:com/sun/org/apache/xpath/internal/patterns/StepPattern.java':[
0,
],
'project:com/sun/org/apache/xpath/internal/res/XPATHErrorResources.java':[
0,
],
'project:com/sun/org/apache/xpath/internal/res/XPATHErrorResources_de.java':[
0,
],
'project:com/sun/org/apache/xpath/internal/res/XPATHErrorResources_es.java':[
0,
],
'project:com/sun/org/apache/xpath/internal/res/XPATHErrorResources_fr.java':[
0,
],
'project:com/sun/org/apache/xpath/internal/res/XPATHErrorResources_it.java':[
0,
],
'project:com/sun/org/apache/xpath/internal/res/XPATHErrorResources_ja.java':[
0,
],
'project:com/sun/org/apache/xpath/internal/res/XPATHErrorResources_ko.java':[
0,
],
'project:com/sun/org/apache/xpath/internal/res/XPATHErrorResources_pt_BR.java':[
0,
],
'project:com/sun/org/apache/xpath/internal/res/XPATHErrorResources_sv.java':[
0,
],
'project:com/sun/org/apache/xpath/internal/res/XPATHErrorResources_zh_CN.java':[
0,
],
'project:com/sun/org/apache/xpath/internal/res/XPATHErrorResources_zh_TW.java':[
0,
],
'project:com/sun/security/auth/PolicyFile.java':[
0,
],
'project:com/sun/security/auth/module/Krb5LoginModule.java':[
0,
],
'project:com/sun/security/auth/module/LdapLoginModule.java':[
0,
],
'project:java/awt/AWTEventMulticaster.java':[
0,
],
'project:java/awt/Color.java':[
0,
],
'project:java/awt/Component.java':[
0,
],
'project:java/awt/Container.java':[
0,
],
'project:java/awt/DefaultKeyboardFocusManager.java':[
0,
],
'project:java/awt/Dialog.java':[
0,
],
'project:java/awt/EventQueue.java':[
0,
],
'project:java/awt/Font.java':[
0,
],
'project:java/awt/Frame.java':[
0,
],
'project:java/awt/Graphics.java':[
0,
],
'project:java/awt/Graphics2D.java':[
0,
],
'project:java/awt/GridBagLayout.java':[
0,
],
'project:java/awt/JobAttributes.java':[
0,
],
'project:java/awt/KeyboardFocusManager.java':[
0,
],
'project:java/awt/List.java':[
0,
],
'project:java/awt/MenuComponent.java':[
0,
],
'project:java/awt/PageAttributes.java':[
0,
],
'project:java/awt/Rectangle.java':[
0,
],
'project:java/awt/RenderingHints.java':[
0,
],
'project:java/awt/Scrollbar.java':[
0,
],
'project:java/awt/TextComponent.java':[
0,
],
'project:java/awt/Toolkit.java':[
0,
],
'project:java/awt/Window.java':[
0,
],
'project:java/awt/color/ICC_Profile.java':[
0,
],
'project:java/awt/datatransfer/DataFlavor.java':[
0,
],
'project:java/awt/datatransfer/SystemFlavorMap.java':[
0,
],
'project:java/awt/event/KeyEvent.java':[
0,
],
'project:java/awt/event/MouseEvent.java':[
0,
],
'project:java/awt/font/NumericShaper.java':[
0,
],
'project:java/awt/font/TextAttribute.java':[
0,
],
'project:java/awt/font/TextLayout.java':[
0,
],
'project:java/awt/font/TextLine.java':[
0,
],
'project:java/awt/geom/AffineTransform.java':[
0,
],
'project:java/awt/geom/Arc2D.java':[
0,
],
'project:java/awt/geom/CubicCurve2D.java':[
0,
],
'project:java/awt/geom/Line2D.java':[
0,
],
'project:java/awt/geom/Path2D.java':[
0,
],
'project:java/awt/geom/QuadCurve2D.java':[
0,
],
'project:java/awt/image/BufferedImage.java':[
0,
],
'project:java/awt/image/ColorConvertOp.java':[
0,
],
'project:java/awt/image/ColorModel.java':[
0,
],
'project:java/awt/image/ComponentColorModel.java':[
0,
],
'project:java/awt/image/ComponentSampleModel.java':[
0,
],
'project:java/awt/image/DirectColorModel.java':[
0,
],
'project:java/awt/image/IndexColorModel.java':[
0,
],
'project:java/awt/image/Raster.java':[
0,
],
'project:java/awt/image/SampleModel.java':[
0,
],
'project:java/beans/Introspector.java':[
0,
],
'project:java/beans/MetaData.java':[
0,
],
'project:java/beans/beancontext/BeanContextServicesSupport.java':[
0,
],
'project:java/beans/beancontext/BeanContextSupport.java':[
0,
],
'project:java/io/File.java':[
0,
],
'project:java/io/ObjectInputStream.java':[
0,
],
'project:java/io/ObjectOutputStream.java':[
0,
],
'project:java/io/ObjectStreamClass.java':[
0,
],
'project:java/io/PrintStream.java':[
0,
],
'project:java/io/PrintWriter.java':[
0,
],
'project:java/io/RandomAccessFile.java':[
0,
],
'project:java/lang/AbstractStringBuilder.java':[
0,
],
'project:java/lang/Character.java':[
0,
],
'project:java/lang/CharacterData00.java':[
0,
],
'project:java/lang/Class.java':[
0,
],
'project:java/lang/ClassLoader.java':[
0,
],
'project:java/lang/Integer.java':[
0,
],
'project:java/lang/Long.java':[
0,
],
'project:java/lang/Math.java':[
0,
],
'project:java/lang/ProcessBuilder.java':[
0,
],
'project:java/lang/SecurityManager.java':[
0,
],
'project:java/lang/StrictMath.java':[
0,
],
'project:java/lang/String.java':[
0,
],
'project:java/lang/System.java':[
0,
],
'project:java/lang/Thread.java':[
0,
],
'project:java/lang/ThreadGroup.java':[
0,
],
'project:java/lang/Throwable.java':[
0,
],
'project:java/lang/invoke/AdapterMethodHandle.java':[
0,
],
'project:java/lang/invoke/FilterGeneric.java':[
0,
],
'project:java/lang/invoke/MethodHandle.java':[
0,
],
'project:java/lang/invoke/MethodHandleImpl.java':[
0,
],
'project:java/lang/invoke/MethodHandles.java':[
0,
],
'project:java/lang/invoke/ToGeneric.java':[
0,
],
'project:java/lang/reflect/Field.java':[
0,
],
'project:java/math/BigDecimal.java':[
0,
],
'project:java/math/BigInteger.java':[
0,
],
'project:java/math/MutableBigInteger.java':[
0,
],
'project:java/net/DatagramSocket.java':[
0,
],
'project:java/net/HttpCookie.java':[
0,
],
'project:java/net/InetAddress.java':[
0,
],
'project:java/net/Socket.java':[
0,
],
'project:java/net/SocketPermission.java':[
0,
],
'project:java/net/SocksSocketImpl.java':[
0,
],
'project:java/net/URI.java':[
0,
],
'project:java/net/URL.java':[
0,
],
'project:java/net/URLConnection.java':[
0,
],
'project:java/nio/ByteBuffer.java':[
0,
],
'project:java/nio/CharBuffer.java':[
0,
],
'project:java/nio/DirectByteBuffer.java':[
0,
],
'project:java/nio/DirectByteBufferR.java':[
0,
],
'project:java/nio/DoubleBuffer.java':[
0,
],
'project:java/nio/FloatBuffer.java':[
0,
],
'project:java/nio/IntBuffer.java':[
0,
],
'project:java/nio/LongBuffer.java':[
0,
],
'project:java/nio/ShortBuffer.java':[
0,
],
'project:java/nio/channels/FileChannel.java':[
0,
],
'project:java/nio/file/Files.java':[
0,
],
'project:java/nio/file/spi/FileSystemProvider.java':[
0,
],
'project:java/security/KeyStore.java':[
0,
],
'project:java/security/Provider.java':[
0,
],
'project:java/security/Security.java':[
0,
],
'project:java/security/Signature.java':[
0,
],
'project:java/security/cert/X509CertSelector.java':[
0,
],
'project:java/sql/CallableStatement.java':[
0,
],
'project:java/sql/Connection.java':[
0,
],
'project:java/sql/DatabaseMetaData.java':[
0,
],
'project:java/sql/PreparedStatement.java':[
0,
],
'project:java/sql/ResultSet.java':[
0,
],
'project:java/sql/Statement.java':[
0,
],
'project:java/text/AttributedString.java':[
0,
],
'project:java/text/DateFormat.java':[
0,
],
'project:java/text/DecimalFormat.java':[
0,
],
'project:java/text/MessageFormat.java':[
0,
],
'project:java/text/NumberFormat.java':[
0,
],
'project:java/text/RuleBasedBreakIterator.java':[
0,
],
'project:java/text/SimpleDateFormat.java':[
0,
],
'project:java/util/ArrayList.java':[
0,
],
'project:java/util/Arrays.java':[
0,
],
'project:java/util/BitSet.java':[
0,
],
'project:java/util/Calendar.java':[
0,
],
'project:java/util/Collections.java':[
0,
],
'project:java/util/Date.java':[
0,
],
'project:java/util/DualPivotQuicksort.java':[
0,
],
'project:java/util/Formatter.java':[
0,
],
'project:java/util/GregorianCalendar.java':[
0,
],
'project:java/util/HashMap.java':[
0,
],
'project:java/util/Hashtable.java':[
0,
],
'project:java/util/IdentityHashMap.java':[
0,
],
'project:java/util/JapaneseImperialCalendar.java':[
0,
],
'project:java/util/LinkedList.java':[
0,
],
'project:java/util/Locale.java':[
0,
],
'project:java/util/Properties.java':[
0,
],
'project:java/util/ResourceBundle.java':[
0,
],
'project:java/util/Scanner.java':[
0,
],
'project:java/util/SimpleTimeZone.java':[
0,
],
'project:java/util/TreeMap.java':[
0,
],
'project:java/util/Vector.java':[
0,
],
'project:java/util/concurrent/ConcurrentHashMap.java':[
0,
],
'project:java/util/concurrent/ConcurrentLinkedDeque.java':[
0,
],
'project:java/util/concurrent/ConcurrentSkipListMap.java':[
0,
],
'project:java/util/concurrent/CopyOnWriteArrayList.java':[
0,
],
'project:java/util/concurrent/ForkJoinPool.java':[
0,
],
'project:java/util/concurrent/ForkJoinTask.java':[
0,
],
'project:java/util/concurrent/LinkedBlockingDeque.java':[
0,
],
'project:java/util/concurrent/LinkedTransferQueue.java':[
0,
],
'project:java/util/concurrent/Phaser.java':[
0,
],
'project:java/util/concurrent/ScheduledThreadPoolExecutor.java':[
0,
],
'project:java/util/concurrent/SynchronousQueue.java':[
0,
],
'project:java/util/concurrent/ThreadPoolExecutor.java':[
0,
],
'project:java/util/concurrent/locks/AbstractQueuedLongSynchronizer.java':[
0,
],
'project:java/util/concurrent/locks/AbstractQueuedSynchronizer.java':[
0,
],
'project:java/util/concurrent/locks/ReentrantReadWriteLock.java':[
0,
],
'project:java/util/logging/LogManager.java':[
0,
],
'project:java/util/logging/Logger.java':[
0,
],
'project:java/util/prefs/AbstractPreferences.java':[
0,
],
'project:java/util/prefs/FileSystemPreferences.java':[
0,
],
'project:java/util/prefs/Preferences.java':[
0,
],
'project:java/util/regex/Matcher.java':[
0,
],
'project:java/util/regex/Pattern.java':[
0,
],
'project:javax/imageio/ImageIO.java':[
0,
],
'project:javax/imageio/ImageReader.java':[
0,
],
'project:javax/imageio/ImageTypeSpecifier.java':[
0,
],
'project:javax/imageio/ImageWriteParam.java':[
0,
],
'project:javax/imageio/ImageWriter.java':[
0,
],
'project:javax/imageio/metadata/IIOMetadataFormatImpl.java':[
0,
],
'project:javax/imageio/metadata/IIOMetadataNode.java':[
0,
],
'project:javax/imageio/stream/ImageInputStream.java':[
0,
],
'project:javax/management/MBeanPermission.java':[
0,
],
'project:javax/management/MBeanServerConnection.java':[
0,
],
'project:javax/management/MXBean.java':[
0,
],
'project:javax/management/ObjectName.java':[
0,
],
'project:javax/management/StandardMBean.java':[
0,
],
'project:javax/management/loading/MLet.java':[
0,
],
'project:javax/management/modelmbean/DescriptorSupport.java':[
0,
],
'project:javax/management/modelmbean/ModelMBeanInfoSupport.java':[
0,
],
'project:javax/management/modelmbean/RequiredModelMBean.java':[
0,
],
'project:javax/management/monitor/Monitor.java':[
0,
],
'project:javax/management/openmbean/ArrayType.java':[
0,
],
'project:javax/management/openmbean/OpenMBeanAttributeInfoSupport.java':[
0,
],
'project:javax/management/relation/RelationService.java':[
0,
],
'project:javax/management/relation/RelationSupport.java':[
0,
],
'project:javax/management/remote/rmi/RMIConnection.java':[
0,
],
'project:javax/management/remote/rmi/RMIConnectionImpl.java':[
0,
],
'project:javax/management/remote/rmi/RMIConnector.java':[
0,
],
'project:javax/management/timer/Timer.java':[
0,
],
'project:javax/naming/Context.java':[
0,
],
'project:javax/naming/directory/DirContext.java':[
0,
],
'project:javax/print/DocFlavor.java':[
0,
],
'project:javax/security/auth/Subject.java':[
0,
],
'project:javax/sound/midi/MidiSystem.java':[
0,
],
'project:javax/sound/sampled/AudioSystem.java':[
0,
],
'project:javax/sql/RowSet.java':[
0,
],
'project:javax/sql/rowset/BaseRowSet.java':[
0,
],
'project:javax/sql/rowset/CachedRowSet.java':[
0,
],
'project:javax/sql/rowset/RowSetMetaDataImpl.java':[
0,
],
'project:javax/swing/AbstractButton.java':[
0,
],
'project:javax/swing/DebugGraphics.java':[
0,
],
'project:javax/swing/DefaultRowSorter.java':[
0,
],
'project:javax/swing/GroupLayout.java':[
0,
],
'project:javax/swing/JComboBox.java':[
0,
],
'project:javax/swing/JComponent.java':[
0,
],
'project:javax/swing/JDialog.java':[
0,
],
'project:javax/swing/JEditorPane.java':[
0,
],
'project:javax/swing/JFileChooser.java':[
0,
],
'project:javax/swing/JFormattedTextField.java':[
0,
],
'project:javax/swing/JInternalFrame.java':[
0,
],
'project:javax/swing/JLabel.java':[
0,
],
'project:javax/swing/JList.java':[
0,
],
'project:javax/swing/JMenu.java':[
0,
],
'project:javax/swing/JOptionPane.java':[
0,
],
'project:javax/swing/JPopupMenu.java':[
0,
],
'project:javax/swing/JProgressBar.java':[
0,
],
'project:javax/swing/JRootPane.java':[
0,
],
'project:javax/swing/JScrollPane.java':[
0,
],
'project:javax/swing/JSlider.java':[
0,
],
'project:javax/swing/JSpinner.java':[
0,
],
'project:javax/swing/JSplitPane.java':[
0,
],
'project:javax/swing/JTabbedPane.java':[
0,
],
'project:javax/swing/JTable.java':[
0,
],
'project:javax/swing/JTree.java':[
0,
],
'project:javax/swing/JViewport.java':[
0,
],
'project:javax/swing/ProgressMonitor.java':[
0,
],
'project:javax/swing/RepaintManager.java':[
0,
],
'project:javax/swing/ScrollPaneLayout.java':[
0,
],
'project:javax/swing/SpringLayout.java':[
0,
],
'project:javax/swing/SwingUtilities.java':[
0,
],
'project:javax/swing/TransferHandler.java':[
0,
],
'project:javax/swing/UIDefaults.java':[
0,
],
'project:javax/swing/UIManager.java':[
0,
],
'project:javax/swing/plaf/basic/BasicComboBoxUI.java':[
0,
],
'project:javax/swing/plaf/basic/BasicComboPopup.java':[
0,
],
'project:javax/swing/plaf/basic/BasicFileChooserUI.java':[
0,
],
'project:javax/swing/plaf/basic/BasicInternalFrameUI.java':[
0,
],
'project:javax/swing/plaf/basic/BasicListUI.java':[
0,
],
'project:javax/swing/plaf/basic/BasicLookAndFeel.java':[
0,
],
'project:javax/swing/plaf/basic/BasicOptionPaneUI.java':[
0,
],
'project:javax/swing/plaf/basic/BasicPopupMenuUI.java':[
0,
],
'project:javax/swing/plaf/basic/BasicProgressBarUI.java':[
0,
],
'project:javax/swing/plaf/basic/BasicScrollBarUI.java':[
0,
],
'project:javax/swing/plaf/basic/BasicScrollPaneUI.java':[
0,
],
'project:javax/swing/plaf/basic/BasicSliderUI.java':[
0,
],
'project:javax/swing/plaf/basic/BasicSpinnerUI.java':[
0,
],
'project:javax/swing/plaf/basic/BasicSplitPaneDivider.java':[
0,
],
'project:javax/swing/plaf/basic/BasicSplitPaneUI.java':[
0,
],
'project:javax/swing/plaf/basic/BasicTabbedPaneUI.java':[
0,
],
'project:javax/swing/plaf/basic/BasicTableUI.java':[
0,
],
'project:javax/swing/plaf/basic/BasicTextUI.java':[
0,
],
'project:javax/swing/plaf/basic/BasicToolBarUI.java':[
0,
],
'project:javax/swing/plaf/basic/BasicTreeUI.java':[
0,
],
'project:javax/swing/plaf/metal/MetalFileChooserUI.java':[
0,
],
'project:javax/swing/plaf/metal/MetalIconFactory.java':[
0,
],
'project:javax/swing/plaf/metal/MetalLookAndFeel.java':[
0,
],
'project:javax/swing/plaf/metal/MetalTabbedPaneUI.java':[
0,
],
'project:javax/swing/plaf/metal/MetalTitlePane.java':[
0,
],
'project:javax/swing/plaf/nimbus/FileChooserPainter.java':[
0,
],
'project:javax/swing/plaf/nimbus/InternalFrameTitlePaneMaximizeButtonPainter.java':[
0,
],
'project:javax/swing/plaf/nimbus/NimbusDefaults.java':[
0,
],
'project:javax/swing/plaf/nimbus/NimbusStyle.java':[
0,
],
'project:javax/swing/plaf/nimbus/SynthPainterImpl.java':[
0,
],
'project:javax/swing/plaf/synth/ImagePainter.java':[
0,
],
'project:javax/swing/plaf/synth/ParsedSynthStyle.java':[
0,
],
'project:javax/swing/plaf/synth/SynthPainter.java':[
0,
],
'project:javax/swing/plaf/synth/SynthParser.java':[
0,
],
'project:javax/swing/plaf/synth/SynthSliderUI.java':[
0,
],
'project:javax/swing/plaf/synth/SynthStyle.java':[
0,
],
'project:javax/swing/table/JTableHeader.java':[
0,
],
'project:javax/swing/text/AbstractDocument.java':[
0,
],
'project:javax/swing/text/AsyncBoxView.java':[
0,
],
'project:javax/swing/text/BoxView.java':[
0,
],
'project:javax/swing/text/DefaultCaret.java':[
0,
],
'project:javax/swing/text/DefaultEditorKit.java':[
0,
],
'project:javax/swing/text/DefaultStyledDocument.java':[
0,
],
'project:javax/swing/text/GlyphView.java':[
0,
],
'project:javax/swing/text/InternationalFormatter.java':[
0,
],
'project:javax/swing/text/JTextComponent.java':[
0,
],
'project:javax/swing/text/MaskFormatter.java':[
0,
],
'project:javax/swing/text/ParagraphView.java':[
0,
],
'project:javax/swing/text/StyleContext.java':[
0,
],
'project:javax/swing/text/Utilities.java':[
0,
],
'project:javax/swing/text/View.java':[
0,
],
'project:javax/swing/text/html/AccessibleHTML.java':[
0,
],
'project:javax/swing/text/html/CSS.java':[
0,
],
'project:javax/swing/text/html/HTMLDocument.java':[
0,
],
'project:javax/swing/text/html/HTMLEditorKit.java':[
0,
],
'project:javax/swing/text/html/HTMLWriter.java':[
0,
],
'project:javax/swing/text/html/ImageView.java':[
0,
],
'project:javax/swing/text/html/StyleSheet.java':[
0,
],
'project:javax/swing/text/html/TableView.java':[
0,
],
'project:javax/swing/text/html/parser/Parser.java':[
0,
],
'project:javax/swing/text/rtf/RTFGenerator.java':[
0,
],
'project:javax/swing/text/rtf/RTFReader.java':[
0,
],
'project:javax/swing/tree/DefaultMutableTreeNode.java':[
0,
],
'project:javax/swing/tree/DefaultTreeSelectionModel.java':[
0,
],
'project:javax/swing/tree/FixedHeightLayoutCache.java':[
0,
],
'project:javax/swing/tree/VariableHeightLayoutCache.java':[
0,
],
'project:javax/xml/bind/DatatypeConverterImpl.java':[
0,
],
'project:javax/xml/bind/Unmarshaller.java':[
0,
],
'project:javax/xml/datatype/DatatypeFactory.java':[
0,
],
'project:javax/xml/datatype/XMLGregorianCalendar.java':[
0,
],
'project:org/ietf/jgss/GSSContext.java':[
0,
],
'project:org/omg/CORBA/ORB.java':[
0,
],
'project:org/omg/DynamicAny/_DynAnyStub.java':[
0,
],
'project:org/omg/DynamicAny/_DynArrayStub.java':[
0,
],
'project:org/omg/DynamicAny/_DynEnumStub.java':[
0,
],
'project:org/omg/DynamicAny/_DynFixedStub.java':[
0,
],
'project:org/omg/DynamicAny/_DynSequenceStub.java':[
0,
],
'project:org/omg/DynamicAny/_DynStructStub.java':[
0,
],
'project:org/omg/DynamicAny/_DynUnionStub.java':[
0,
],
'project:org/omg/DynamicAny/_DynValueStub.java':[
0,
],
'project:org/w3c/dom/css/CSS2Properties.java':[
0,
],
'project:org/xml/sax/helpers/ParserAdapter.java':[
0,
],
}
