{
'project:com/sun/corba/se/impl/naming/cosnaming/TransientNameServer.java':[
209,
],
'project:com/sun/corba/se/impl/oa/poa/POAManagerImpl.java':[
113,
],
'project:com/sun/corba/se/impl/orb/ORBImpl.java':[
1251,
],
'project:com/sun/corba/se/impl/orbutil/concurrent/CondVar.java':[
237,
298,
],
'project:com/sun/jmx/snmp/daemon/SnmpInformRequest.java':[
404,
],
'project:com/sun/jmx/snmp/daemon/SnmpQManager.java':[
193,
288,
],
'project:com/sun/jmx/snmp/daemon/SnmpSession.java':[
398,
],
'project:java/util/concurrent/ForkJoinTask.java':[
264,
],
'project:java/util/concurrent/TimeUnit.java':[
322,
],
}
