{
'project:com/sun/org/apache/xpath/internal/compiler/XPathDumper.java':[
29,
],
'project:java/awt/Component.java':[
473,
],
'project:java/awt/EventQueue.java':[
1226,
],
'project:java/lang/Package.java':[
373,
],
'project:java/lang/Shutdown.java':[
60,
],
'project:java/lang/ref/Reference.java':[
103,
],
'project:java/lang/ref/ReferenceQueue.java':[
52,
],
'project:java/security/ProtectionDomain.java':[
446,
],
'project:javax/xml/bind/JAXBElement.java':[
91,
],
'project:javax/xml/bind/annotation/XmlElement.java':[
209,
],
'project:javax/xml/bind/annotation/XmlElementDecl.java':[
215,
],
'project:javax/xml/bind/annotation/XmlElementRef.java':[
267,
],
'project:javax/xml/bind/annotation/XmlSchemaType.java':[
106,
],
'project:javax/xml/bind/annotation/XmlType.java':[
444,
],
'project:javax/xml/bind/annotation/adapters/XmlJavaTypeAdapter.java':[
114,
],
}
