{
'project:com/sun/org/apache/xalan/internal/xsltc/trax/SAX2StAXEventWriter.java':[
401,
402,
],
'project:java/awt/KeyboardFocusManager.java':[
433,
447,
],
'project:java/awt/dnd/DragGestureEvent.java':[
347,
],
'project:java/net/URLConnection.java':[
598,
1156,
],
'project:java/security/Security.java':[
1081,
],
'project:java/security/cert/CollectionCertStoreParameters.java':[
98,
],
'project:javax/security/auth/x500/X500Principal.java':[
121,
],
'project:javax/xml/crypto/dsig/spec/ExcC14NParameterSpec.java':[
74,
],
'project:javax/xml/crypto/dsig/spec/XPathFilterParameterSpec.java':[
69,
],
'project:javax/xml/crypto/dsig/spec/XPathType.java':[
130,
],
}
