{
'project:com/sun/imageio/plugins/bmp/BMPImageWriter.java':[
1138,
1160,
1217,
],
'project:com/sun/jmx/snmp/IPAcl/ASCII_CharStream.java':[
190,
],
'project:com/sun/jmx/snmp/IPAcl/ParserTokenManager.java':[
1120,
1329,
1481,
],
'project:com/sun/org/apache/xerces/internal/impl/dv/xs/AbstractDateTimeDV.java':[
63,
64,
],
'project:com/sun/security/auth/module/Crypt.java':[
255,
256,
257,
258,
314,
334,
],
'project:java/awt/datatransfer/MimeType.java':[
364,
364,
],
'project:java/awt/datatransfer/MimeTypeParameterList.java':[
318,
318,
],
'project:java/lang/Terminator.java':[
52,
],
'project:java/util/prefs/FileSystemPreferences.java':[
219,
221,
224,
226,
],
}
