{
'project:com/sun/corba/se/impl/io/ObjectStreamClass.java':[
1682,
1696,
1711,
1729,
],
'project:com/sun/corba/se/impl/orbutil/ObjectStreamClassUtil_1_3.java':[
315,
329,
430,
],
'project:com/sun/corba/se/impl/orbutil/ObjectStreamClass_1_3_1.java':[
1184,
1198,
1216,
],
'project:com/sun/jmx/mbeanserver/MBeanAnalyzer.java':[
202,
],
'project:com/sun/mirror/util/SourceOrderDeclScanner.java':[
57,
],
'project:java/awt/datatransfer/DataFlavor.java':[
686,
],
'project:java/net/CookieManager.java':[
428,
],
'project:java/text/RuleBasedCollator.java':[
246,
],
'project:javax/swing/DefaultFocusManager.java':[
159,
],
'project:javax/swing/table/TableRowSorter.java':[
302,
],
}
