{
'project:com/sun/corba/se/PortableActivationIDL/ActivatorHelper.java':[
70,
],
'project:com/sun/corba/se/PortableActivationIDL/InitialNameServiceHelper.java':[
74,
],
'project:com/sun/corba/se/PortableActivationIDL/LocatorHelper.java':[
70,
],
'project:com/sun/corba/se/PortableActivationIDL/ORBProxyHelper.java':[
73,
],
'project:com/sun/corba/se/PortableActivationIDL/ORBProxyOperations.java':[
23,
],
'project:com/sun/corba/se/PortableActivationIDL/RepositoryHelper.java':[
70,
],
'project:com/sun/corba/se/PortableActivationIDL/ServerManagerHelper.java':[
75,
],
'project:com/sun/corba/se/PortableActivationIDL/ServerProxyHelper.java':[
73,
],
'project:com/sun/corba/se/impl/corba/RequestImpl.java':[
239,
],
'project:com/sun/corba/se/impl/corba/TypeCodeImpl.java':[
665,
1021,
1266,
1283,
1294,
1342,
1359,
1616,
1650,
],
'project:com/sun/corba/se/impl/dynamicany/DynAnyCollectionImpl.java':[
110,
126,
165,
173,
],
'project:com/sun/corba/se/impl/dynamicany/DynAnyComplexImpl.java':[
105,
118,
132,
206,
],
'project:com/sun/corba/se/impl/dynamicany/DynAnyFactoryImpl.java':[
84,
],
'project:com/sun/corba/se/impl/dynamicany/DynAnyImpl.java':[
197,
],
'project:com/sun/corba/se/impl/dynamicany/DynAnyUtil.java':[
326,
],
'project:com/sun/corba/se/impl/dynamicany/DynValueCommonImpl.java':[
97,
111,
],
'project:com/sun/corba/se/impl/encoding/CDRInputStream.java':[
406,
],
'project:com/sun/corba/se/impl/encoding/CDRInputStreamBase.java':[
61,
62,
63,
64,
65,
66,
67,
68,
69,
70,
71,
72,
73,
74,
75,
76,
77,
78,
79,
80,
81,
82,
83,
84,
85,
86,
87,
88,
89,
90,
94,
95,
98,
102,
103,
104,
105,
106,
107,
108,
115,
116,
117,
118,
119,
120,
121,
122,
123,
124,
125,
126,
127,
128,
129,
132,
162,
199,
200,
],
'project:com/sun/corba/se/impl/encoding/CDRInputStream_1_0.java':[
414,
1520,
1524,
1616,
1707,
1728,
1757,
1778,
1884,
],
'project:com/sun/corba/se/impl/encoding/CDROutputStream.java':[
379,
],
'project:com/sun/corba/se/impl/encoding/CDROutputStreamBase.java':[
68,
69,
70,
71,
72,
73,
74,
75,
76,
77,
78,
79,
80,
81,
82,
83,
84,
85,
86,
87,
88,
89,
90,
91,
92,
93,
94,
95,
96,
97,
101,
102,
110,
111,
112,
113,
115,
124,
125,
132,
133,
134,
137,
158,
173,
175,
],
'project:com/sun/corba/se/impl/encoding/CDROutputStream_1_0.java':[
294,
980,
1196,
1204,
1313,
1334,
1662,
],
'project:com/sun/corba/se/impl/encoding/IDLJavaSerializationInputStream.java':[
588,
753,
],
'project:com/sun/corba/se/impl/encoding/IDLJavaSerializationOutputStream.java':[
421,
],
'project:com/sun/corba/se/impl/encoding/MarshalInputStream.java':[
32,
33,
34,
35,
36,
37,
38,
39,
40,
41,
42,
43,
44,
45,
47,
48,
49,
50,
51,
52,
53,
54,
55,
56,
57,
58,
60,
61,
62,
63,
68,
69,
],
'project:com/sun/corba/se/impl/encoding/MarshalOutputStream.java':[
37,
39,
40,
41,
42,
43,
44,
45,
46,
47,
48,
49,
50,
51,
52,
54,
55,
56,
57,
58,
59,
60,
61,
62,
63,
64,
65,
67,
68,
69,
70,
76,
77,
78,
],
'project:com/sun/corba/se/impl/interceptors/InterceptorList.java':[
105,
],
'project:com/sun/corba/se/impl/interceptors/ORBInitInfoImpl.java':[
264,
291,
318,
],
'project:com/sun/corba/se/impl/interceptors/SlotTable.java':[
61,
75,
],
'project:com/sun/corba/se/impl/io/ObjectStreamClass.java':[
1084,
],
'project:com/sun/corba/se/impl/io/ValueHandlerImpl.java':[
474,
592,
],
'project:com/sun/corba/se/impl/ior/ObjectReferenceProducerBase.java':[
54,
],
'project:com/sun/corba/se/impl/naming/cosnaming/BindingIteratorImpl.java':[
171,
178,
184,
],
'project:com/sun/corba/se/impl/naming/cosnaming/InterOperableNamingImpl.java':[
209,
],
'project:com/sun/corba/se/impl/naming/cosnaming/NamingContextDataStore.java':[
56,
69,
77,
88,
97,
104,
112,
],
'project:com/sun/corba/se/impl/naming/pcosnaming/NameService.java':[
145,
],
'project:com/sun/corba/se/impl/oa/poa/Policies.java':[
249,
],
'project:com/sun/corba/se/impl/orb/ORBSingleton.java':[
367,
],
'project:com/sun/corba/se/impl/orbutil/CacheTable.java':[
110,
],
'project:com/sun/corba/se/impl/orbutil/ObjectStreamClassUtil_1_3.java':[
179,
],
'project:com/sun/corba/se/impl/protocol/giopmsgheaders/MessageBase.java':[
747,
],
'project:com/sun/corba/se/impl/protocol/giopmsgheaders/TargetAddress.java':[
55,
63,
70,
118,
],
'project:com/sun/corba/se/org/omg/CORBA/ORB.java':[
51,
],
'project:com/sun/corba/se/spi/activation/ActivatorHelper.java':[
70,
],
'project:com/sun/corba/se/spi/activation/InitialNameServiceHelper.java':[
70,
],
'project:com/sun/corba/se/spi/activation/LocatorHelper.java':[
70,
],
'project:com/sun/corba/se/spi/activation/RepositoryHelper.java':[
70,
],
'project:com/sun/corba/se/spi/activation/ServerHelper.java':[
73,
],
'project:com/sun/corba/se/spi/activation/ServerManagerHelper.java':[
70,
],
'project:com/sun/corba/se/spi/orb/ORB.java':[
303,
332,
],
'project:com/sun/corba/se/spi/orb/ORBVersionFactory.java':[
51,
],
'project:com/sun/corba/se/spi/orb/OperationFactory.java':[
335,
],
'project:com/sun/corba/se/spi/protocol/LocalClientRequestDispatcher.java':[
38,
65,
69,
],
'project:com/sun/corba/se/spi/protocol/PIHandler.java':[
294,
296,
],
'project:com/sun/corba/se/spi/transport/CorbaConnection.java':[
89,
90,
91,
93,
94,
95,
],
'project:com/sun/corba/se/spi/transport/ReadTimeouts.java':[
29,
30,
31,
32,
],
'project:com/sun/imageio/plugins/png/PNGImageReader.java':[
319,
372,
390,
403,
410,
429,
443,
477,
485,
507,
545,
551,
560,
571,
637,
],
'project:com/sun/imageio/plugins/png/PNGImageWriter.java':[
372,
378,
404,
419,
427,
439,
469,
477,
505,
519,
562,
604,
614,
645,
658,
682,
719,
927,
],
'project:com/sun/java/swing/plaf/gtk/GTKEngine.java':[
121,
124,
127,
131,
134,
137,
140,
143,
146,
149,
152,
155,
158,
161,
164,
166,
173,
],
'project:com/sun/java/swing/plaf/gtk/GTKLookAndFeel.java':[
151,
162,
],
'project:com/sun/java_cup/internal/runtime/Scanner.java':[
44,
],
'project:com/sun/java_cup/internal/runtime/lr_parser.java':[
171,
184,
202,
219,
224,
229,
236,
241,
254,
322,
338,
346,
372,
398,
417,
429,
447,
502,
643,
651,
678,
690,
700,
719,
862,
916,
931,
992,
1011,
1018,
1032,
1057,
1128,
],
'project:com/sun/java_cup/internal/runtime/virtual_parse_stack.java':[
103,
],
'project:com/sun/jmx/snmp/IPAcl/ASCII_CharStream.java':[
56,
106,
151,
160,
276,
295,
312,
317,
322,
331,
347,
],
'project:com/sun/jmx/snmp/IPAcl/ParseException.java':[
172,
],
'project:com/sun/jmx/snmp/IPAcl/Parser.java':[
37,
93,
136,
168,
215,
232,
265,
308,
362,
391,
420,
437,
466,
500,
520,
563,
606,
626,
669,
711,
760,
785,
828,
859,
879,
922,
964,
971,
978,
985,
993,
1003,
1019,
1053,
1074,
1094,
1104,
1128,
1164,
1177,
1244,
1247,
1250,
1269,
],
'project:com/sun/jmx/snmp/IPAcl/ParserTokenManager.java':[
32,
261,
271,
279,
319,
345,
379,
414,
442,
481,
509,
541,
571,
597,
621,
641,
661,
683,
701,
754,
1401,
1408,
1415,
1420,
],
'project:com/sun/jmx/snmp/IPAcl/TokenMgrError.java':[
124,
],
'project:com/sun/jmx/snmp/SnmpString.java':[
107,
120,
],
'project:com/sun/jmx/snmp/SnmpUsmKeyHandler.java':[
53,
],
'project:com/sun/jmx/snmp/agent/SnmpMibNode.java':[
277,
],
'project:com/sun/org/apache/bcel/internal/classfile/FieldOrMethod.java':[
211,
],
'project:com/sun/org/apache/bcel/internal/classfile/JavaClass.java':[
249,
],
'project:com/sun/org/apache/bcel/internal/classfile/Utility.java':[
503,
507,
],
'project:com/sun/org/apache/bcel/internal/generic/ConstantPoolGen.java':[
234,
],
'project:com/sun/org/apache/bcel/internal/generic/InstructionFactory.java':[
385,
393,
],
'project:com/sun/org/apache/bcel/internal/generic/Visitor.java':[
98,
100,
140,
156,
162,
165,
177,
179,
184,
185,
198,
212,
218,
221,
223,
238,
],
'project:com/sun/org/apache/bcel/internal/util/BCELifier.java':[
297,
],
'project:com/sun/org/apache/bcel/internal/util/Class2HTML.java':[
133,
],
'project:com/sun/org/apache/bcel/internal/util/JavaWrapper.java':[
139,
],
'project:com/sun/org/apache/xalan/internal/Version.java':[
61,
],
'project:com/sun/org/apache/xalan/internal/xslt/Process.java':[
162,
],
'project:com/sun/org/apache/xalan/internal/xsltc/compiler/XPathLexer.java':[
171,
216,
225,
228,
231,
247,
262,
],
'project:com/sun/org/apache/xalan/internal/xsltc/compiler/XPathParser.java':[
1121,
],
'project:com/sun/org/apache/xalan/internal/xsltc/compiler/util/Type.java':[
239,
243,
247,
251,
255,
259,
263,
267,
271,
275,
279,
283,
287,
291,
295,
],
'project:com/sun/org/apache/xalan/internal/xsltc/compiler/util/Util.java':[
118,
122,
126,
],
'project:com/sun/org/apache/xalan/internal/xsltc/runtime/BasisLibrary.java':[
320,
331,
367,
374,
400,
429,
437,
445,
456,
466,
473,
488,
],
'project:com/sun/org/apache/xerces/internal/impl/xpath/regex/RegexParser.java':[
391,
395,
399,
403,
407,
411,
415,
582,
590,
593,
598,
601,
605,
847,
],
'project:com/sun/org/apache/xerces/internal/impl/xs/XSConstraints.java':[
286,
],
'project:com/sun/org/apache/xerces/internal/impl/xs/XSModelImpl.java':[
200,
],
'project:com/sun/org/apache/xerces/internal/impl/xs/traversers/XSDHandler.java':[
1985,
],
'project:com/sun/org/apache/xml/internal/dtm/DTMManager.java':[
331,
345,
],
'project:com/sun/org/apache/xml/internal/dtm/ref/CoroutineManager.java':[
186,
228,
263,
313,
332,
],
'project:com/sun/org/apache/xml/internal/dtm/ref/DTMDefaultBase.java':[
461,
479,
502,
524,
557,
589,
616,
],
'project:com/sun/org/apache/xml/internal/dtm/ref/DTMSafeStringPool.java':[
62,
],
'project:com/sun/org/apache/xml/internal/dtm/ref/DTMStringPool.java':[
143,
],
'project:com/sun/org/apache/xml/internal/dtm/ref/IncrementalSAXSource_Filter.java':[
493,
511,
556,
],
'project:com/sun/org/apache/xml/internal/dtm/ref/IncrementalSAXSource_Xerces.java':[
387,
],
'project:com/sun/org/apache/xml/internal/dtm/ref/sax2dtm/SAX2DTM.java':[
311,
],
'project:com/sun/org/apache/xml/internal/dtm/ref/sax2dtm/SAX2DTM2.java':[
1924,
1940,
1956,
1972,
1988,
2033,
],
'project:com/sun/org/apache/xml/internal/dtm/ref/sax2dtm/SAX2RTFDTM.java':[
201,
],
'project:com/sun/org/apache/xml/internal/serializer/ToStream.java':[
3353,
],
'project:com/sun/org/apache/xml/internal/serializer/ToXMLStream.java':[
81,
],
'project:com/sun/org/apache/xml/internal/serializer/Utils.java':[
57,
],
'project:com/sun/org/apache/xml/internal/serializer/Version.java':[
58,
],
'project:com/sun/org/apache/xml/internal/utils/NodeVector.java':[
447,
],
'project:com/sun/org/apache/xpath/internal/axes/NodeSequence.java':[
85,
],
'project:com/sun/org/apache/xpath/internal/compiler/XPathParser.java':[
790,
804,
831,
864,
924,
999,
1057,
1130,
1158,
1178,
1204,
1229,
1275,
1340,
1396,
1465,
1485,
1574,
1625,
1657,
1757,
1804,
1832,
1932,
1950,
1972,
2000,
2019,
2059,
2102,
2130,
2233,
2246,
2276,
2293,
],
'project:com/sun/org/apache/xpath/internal/functions/FunctionDef1Arg.java':[
65,
],
'project:java/awt/AWTEvent.java':[
278,
],
'project:java/awt/Color.java':[
839,
907,
],
'project:java/awt/Component.java':[
1049,
1146,
1287,
1847,
2026,
2058,
3020,
3139,
3448,
7237,
7286,
],
'project:java/awt/Container.java':[
350,
],
'project:java/awt/Dialog.java':[
777,
],
'project:java/awt/Font.java':[
449,
1159,
],
'project:java/awt/GridBagLayout.java':[
982,
1616,
1996,
2036,
],
'project:java/awt/KeyboardFocusManager.java':[
603,
],
'project:java/awt/MenuComponent.java':[
214,
249,
],
'project:java/awt/SplashScreen.java':[
391,
392,
393,
394,
395,
396,
397,
398,
],
'project:java/awt/Window.java':[
1283,
1326,
1447,
1459,
],
'project:java/awt/color/ColorSpace.java':[
372,
608,
],
'project:java/awt/geom/AffineTransform.java':[
3816,
],
'project:java/awt/image/ColorConvertOp.java':[
229,
298,
],
'project:java/awt/image/PackedColorModel.java':[
263,
],
'project:java/lang/Math.java':[
381,
],
'project:java/lang/StrictMath.java':[
300,
],
'project:java/lang/invoke/FilterGeneric.java':[
338,
340,
343,
511,
513,
516,
519,
521,
523,
534,
536,
538,
541,
544,
547,
549,
551,
553,
564,
566,
568,
570,
573,
576,
579,
582,
584,
586,
588,
590,
601,
603,
605,
607,
609,
612,
615,
618,
621,
624,
626,
628,
630,
632,
634,
645,
648,
651,
654,
657,
660,
664,
668,
672,
676,
680,
684,
687,
690,
693,
696,
699,
702,
714,
717,
720,
723,
726,
729,
732,
736,
740,
744,
748,
752,
756,
760,
763,
766,
769,
772,
775,
778,
781,
793,
796,
799,
802,
805,
808,
811,
814,
818,
822,
826,
830,
834,
838,
842,
846,
849,
852,
855,
858,
861,
864,
867,
870,
882,
885,
888,
891,
894,
897,
900,
903,
906,
910,
914,
918,
922,
926,
930,
934,
938,
942,
945,
948,
951,
954,
957,
960,
963,
966,
969,
981,
985,
989,
993,
997,
1001,
1005,
1009,
1013,
1017,
1022,
1027,
1032,
1037,
1042,
1047,
1052,
1057,
1062,
1067,
1071,
1075,
1079,
1083,
1087,
1091,
1095,
1099,
1103,
1107,
1120,
1124,
1128,
1132,
1136,
1140,
1144,
1148,
1152,
1156,
1160,
1165,
1170,
1175,
1180,
1185,
1190,
1195,
1200,
1205,
1210,
1215,
1219,
1223,
1227,
1231,
1235,
1239,
1243,
1247,
1251,
1255,
1259,
1272,
1277,
1282,
1287,
1292,
1297,
1302,
1307,
1312,
1317,
1322,
1327,
1332,
1337,
1342,
1347,
1352,
1357,
1362,
1367,
1372,
1377,
1382,
1387,
1392,
1397,
1402,
1407,
1412,
1417,
1422,
1427,
1432,
1437,
1441,
1445,
1458,
1463,
1468,
1473,
1478,
1483,
1488,
1493,
1498,
1503,
1508,
1513,
1518,
1523,
1528,
1533,
1538,
1543,
1548,
1553,
1558,
1563,
1568,
1573,
1579,
1584,
1589,
1594,
1599,
1604,
1609,
1614,
1619,
1624,
1629,
1634,
1638,
1643,
1647,
1660,
1666,
1672,
1678,
1684,
1690,
1696,
1702,
1708,
1714,
1720,
1726,
1732,
1738,
1744,
1750,
1756,
1762,
1768,
1774,
1780,
1786,
1792,
1798,
1804,
1811,
1818,
1824,
1830,
1836,
1842,
1848,
1854,
1860,
1866,
1872,
1878,
1884,
1889,
1895,
1901,
1906,
1920,
1926,
1932,
1938,
1944,
1950,
1956,
1962,
1968,
1974,
1980,
1986,
1992,
1998,
2004,
2010,
2016,
2022,
2028,
2034,
2040,
2046,
2052,
2058,
2064,
2070,
2077,
2084,
2091,
2097,
2103,
2109,
2115,
2121,
2127,
2133,
2139,
2145,
2151,
2157,
2162,
2168,
2174,
2180,
2185,
2199,
2205,
2211,
2217,
2223,
2229,
2235,
2241,
2247,
2253,
2259,
2265,
2271,
2277,
2283,
2289,
2295,
2301,
2307,
2313,
2319,
2325,
2331,
2337,
2343,
2349,
2355,
2362,
2369,
2376,
2383,
2389,
2395,
2401,
2407,
2413,
2419,
2425,
2431,
2437,
2443,
2449,
2454,
2460,
2466,
2472,
2478,
2483,
2497,
2503,
2509,
2515,
2521,
2527,
2533,
2539,
2545,
2551,
2557,
2563,
2569,
2575,
2581,
2587,
2593,
2599,
2605,
2611,
2617,
2623,
2629,
2635,
2641,
2647,
2653,
2659,
2666,
2673,
2680,
2687,
2694,
2700,
2706,
2712,
2718,
2724,
2730,
2736,
2742,
2748,
2754,
2760,
2765,
2771,
2777,
2783,
2789,
2795,
2800,
2814,
2821,
2828,
2835,
2842,
2849,
2856,
2863,
2870,
2877,
2884,
2891,
2898,
2905,
2912,
2919,
2926,
2933,
2940,
2947,
2954,
2961,
2968,
2975,
2982,
2989,
2996,
3003,
3010,
3018,
3026,
3034,
3042,
3050,
3058,
3065,
3072,
3079,
3086,
3093,
3100,
3107,
3114,
3121,
3128,
3135,
3141,
3148,
3155,
3162,
3169,
3176,
3183,
3189,
3204,
3211,
3218,
3225,
3232,
3239,
3246,
3253,
3260,
3267,
3274,
3281,
3288,
3295,
3302,
3309,
3316,
3323,
3330,
3337,
3344,
3351,
3358,
3365,
3372,
3379,
3386,
3393,
3400,
3407,
3415,
3423,
3431,
3439,
3447,
3455,
3463,
3470,
3477,
3484,
3491,
3498,
3505,
3512,
3519,
3526,
3533,
3540,
3546,
3553,
3560,
3567,
3574,
3581,
3588,
3595,
3601,
3616,
3623,
3630,
3637,
3644,
3651,
3658,
3665,
3672,
3679,
3686,
3693,
3700,
3707,
3714,
3721,
3728,
3735,
3742,
3749,
3756,
3763,
3770,
3777,
3784,
3791,
3798,
3805,
3812,
3819,
3826,
3834,
3842,
3850,
3858,
3866,
3874,
3882,
3890,
3897,
3904,
3911,
3918,
3925,
3932,
3939,
3946,
3953,
3960,
3967,
3973,
3980,
3987,
3994,
4001,
4008,
4015,
4022,
4029,
4035,
4050,
4057,
4064,
4071,
4078,
4085,
4092,
4099,
4106,
4113,
4120,
4127,
4134,
4141,
4148,
4155,
4162,
4169,
4176,
4183,
4190,
4197,
4204,
4211,
4218,
4225,
4232,
4239,
4246,
4253,
4260,
4267,
4275,
4283,
4291,
4299,
4307,
4315,
4323,
4331,
4339,
4346,
4353,
4360,
4367,
4374,
4381,
4388,
4395,
4402,
4409,
4416,
4422,
4429,
4436,
4443,
4450,
4457,
4464,
4471,
4478,
4485,
4491,
],
'project:java/lang/invoke/FromGeneric.java':[
291,
292,
293,
294,
295,
507,
508,
509,
510,
511,
519,
520,
521,
522,
523,
531,
532,
533,
534,
535,
543,
544,
545,
546,
547,
555,
556,
557,
558,
559,
567,
568,
569,
570,
571,
579,
580,
581,
582,
583,
591,
592,
593,
594,
595,
603,
604,
605,
606,
607,
615,
616,
617,
618,
619,
627,
628,
629,
630,
631,
],
'project:java/lang/invoke/MethodHandleImpl.java':[
180,
185,
190,
195,
200,
205,
210,
215,
220,
225,
958,
963,
968,
973,
978,
983,
988,
993,
998,
1003,
1104,
1112,
1120,
1128,
1136,
1144,
1152,
1160,
1168,
1176,
],
'project:java/lang/invoke/MethodType.java':[
888,
],
'project:java/lang/invoke/SpreadGeneric.java':[
420,
427,
429,
437,
439,
442,
450,
452,
455,
458,
466,
468,
471,
474,
477,
485,
487,
490,
493,
496,
499,
508,
510,
513,
516,
519,
522,
526,
535,
537,
540,
543,
546,
549,
553,
557,
566,
568,
571,
574,
577,
580,
584,
588,
592,
601,
603,
606,
609,
612,
615,
619,
623,
627,
631,
641,
643,
646,
649,
652,
655,
659,
663,
667,
671,
676,
],
'project:java/lang/invoke/ToGeneric.java':[
396,
397,
398,
399,
400,
629,
630,
631,
632,
633,
643,
644,
645,
646,
647,
648,
649,
650,
651,
652,
653,
654,
655,
656,
657,
669,
670,
671,
672,
673,
674,
675,
676,
677,
678,
679,
680,
681,
682,
683,
684,
685,
686,
687,
688,
689,
690,
691,
692,
693,
707,
708,
709,
710,
711,
712,
713,
714,
715,
716,
717,
718,
719,
720,
721,
722,
723,
724,
725,
726,
727,
728,
729,
730,
731,
732,
733,
734,
735,
736,
737,
738,
739,
740,
741,
758,
759,
760,
761,
762,
763,
764,
765,
766,
767,
768,
769,
770,
771,
772,
773,
774,
775,
776,
777,
778,
779,
780,
781,
782,
783,
784,
785,
786,
787,
788,
789,
790,
791,
792,
793,
794,
795,
796,
797,
798,
799,
800,
801,
802,
821,
822,
823,
824,
825,
826,
827,
828,
829,
830,
831,
832,
833,
834,
835,
836,
837,
838,
839,
840,
841,
842,
843,
844,
845,
846,
847,
848,
849,
850,
851,
852,
853,
868,
869,
870,
871,
872,
873,
874,
875,
876,
877,
878,
879,
880,
881,
882,
883,
884,
885,
886,
887,
888,
903,
904,
905,
906,
907,
908,
909,
910,
911,
912,
913,
914,
915,
916,
917,
918,
919,
920,
921,
922,
923,
924,
925,
926,
942,
943,
944,
945,
946,
947,
948,
949,
950,
951,
952,
953,
954,
955,
956,
957,
958,
959,
960,
961,
962,
963,
964,
965,
966,
967,
968,
985,
986,
987,
988,
989,
990,
991,
992,
993,
994,
995,
996,
997,
998,
999,
1000,
1001,
1002,
1003,
1004,
1005,
1006,
1007,
1008,
1009,
1010,
1011,
1012,
1013,
1014,
1032,
1033,
1034,
1035,
1036,
1037,
1038,
1039,
1040,
1041,
1042,
1043,
1044,
1045,
1046,
1047,
1048,
1049,
1050,
1051,
1052,
1053,
1054,
1055,
1056,
1057,
1058,
1059,
1060,
1061,
1062,
1063,
1064,
],
'project:java/nio/Bits.java':[
550,
554,
],
'project:java/nio/ByteBuffer.java':[
1441,
1442,
],
'project:java/text/DigitList.java':[
643,
],
'project:java/util/Date.java':[
315,
],
'project:java/util/concurrent/atomic/AtomicLong.java':[
71,
],
'project:java/util/prefs/XmlSupport.java':[
288,
325,
],
'project:java/util/regex/Pattern.java':[
1571,
],
'project:javax/management/ObjectName.java':[
1593,
],
'project:javax/swing/Autoscroller.java':[
116,
131,
138,
],
'project:javax/swing/JComponent.java':[
5012,
],
'project:javax/swing/PopupFactory.java':[
473,
],
'project:javax/swing/RepaintManager.java':[
994,
],
'project:javax/swing/colorchooser/ColorModelCMYK.java':[
57,
76,
],
'project:javax/swing/colorchooser/ColorModelHSL.java':[
67,
100,
],
'project:javax/swing/colorchooser/ColorModelHSV.java':[
67,
122,
],
'project:javax/swing/text/DefaultCaret.java':[
1448,
],
'project:javax/swing/text/html/HiddenTagView.java':[
179,
232,
],
'project:javax/swing/text/html/StyleSheet.java':[
1138,
],
'project:javax/swing/text/rtf/RTFAttributes.java':[
357,
363,
],
'project:javax/swing/tree/DefaultTreeCellEditor.java':[
679,
],
'project:javax/swing/undo/UndoableEditSupport.java':[
100,
],
'project:javax/xml/bind/DatatypeConverterImpl.java':[
72,
80,
98,
126,
134,
142,
150,
176,
217,
234,
262,
338,
346,
354,
365,
419,
428,
510,
528,
536,
544,
552,
569,
690,
761,
765,
781,
823,
],
'project:javax/xml/bind/JAXB.java':[
554,
],
'project:javax/xml/bind/util/ValidationEventCollector.java':[
108,
],
'project:javax/xml/validation/SchemaFactoryFinder.java':[
158,
],
'project:javax/xml/xpath/XPathFactoryFinder.java':[
155,
],
'project:org/omg/CORBA/Any.java':[
155,
174,
182,
190,
204,
213,
224,
233,
245,
254,
265,
274,
285,
294,
305,
314,
325,
334,
345,
354,
365,
374,
385,
396,
407,
416,
427,
436,
447,
456,
469,
478,
491,
500,
515,
530,
542,
554,
565,
576,
587,
596,
613,
629,
646,
662,
679,
695,
716,
],
'project:org/omg/CORBA/CompletionStatus.java':[
116,
],
'project:org/omg/CORBA/Context.java':[
110,
140,
159,
182,
200,
242,
],
'project:org/omg/CORBA/DataInputStream.java':[
42,
50,
58,
66,
74,
82,
90,
98,
106,
114,
122,
130,
138,
147,
155,
163,
171,
179,
187,
199,
211,
223,
235,
247,
259,
271,
283,
295,
307,
319,
331,
343,
],
'project:org/omg/CORBA/DataOutputStream.java':[
40,
46,
52,
58,
64,
70,
77,
83,
89,
95,
102,
108,
114,
122,
128,
134,
140,
146,
152,
162,
172,
182,
192,
202,
212,
222,
232,
242,
252,
262,
272,
282,
],
'project:org/omg/CORBA/DefinitionKind.java':[
429,
],
'project:org/omg/CORBA/DomainManagerOperations.java':[
48,
],
'project:org/omg/CORBA/DynAny.java':[
69,
81,
120,
137,
154,
171,
188,
205,
222,
239,
256,
273,
290,
307,
324,
341,
358,
375,
392,
411,
425,
441,
456,
470,
485,
500,
515,
530,
545,
560,
575,
590,
605,
620,
635,
650,
665,
680,
697,
],
'project:org/omg/CORBA/DynArray.java':[
44,
54,
],
'project:org/omg/CORBA/DynEnum.java':[
42,
49,
56,
63,
],
'project:org/omg/CORBA/DynFixed.java':[
44,
55,
],
'project:org/omg/CORBA/DynSequence.java':[
61,
71,
],
'project:org/omg/CORBA/DynStruct.java':[
42,
50,
58,
68,
],
'project:org/omg/CORBA/DynUnion.java':[
47,
54,
67,
81,
87,
93,
],
'project:org/omg/CORBA/DynValue.java':[
42,
50,
59,
71,
],
'project:org/omg/CORBA/IRObjectOperations.java':[
65,
],
'project:org/omg/CORBA/LocalObject.java':[
248,
285,
356,
375,
390,
418,
455,
479,
497,
],
'project:org/omg/CORBA/NVList.java':[
131,
147,
],
'project:org/omg/CORBA/ORB.java':[
305,
396,
407,
499,
510,
525,
536,
550,
568,
635,
642,
651,
659,
667,
675,
684,
691,
699,
711,
721,
734,
749,
764,
780,
794,
808,
823,
837,
851,
876,
889,
898,
911,
927,
952,
1000,
1013,
1030,
1047,
1109,
1123,
1152,
1173,
1193,
1213,
1233,
1254,
1274,
1294,
1318,
],
'project:org/omg/CORBA/Object.java':[
71,
89,
98,
115,
133,
142,
156,
168,
191,
223,
245,
259,
278,
],
'project:org/omg/CORBA/ParameterMode.java':[
38,
],
'project:org/omg/CORBA/PolicyOperations.java':[
57,
],
'project:org/omg/CORBA/Request.java':[
175,
186,
195,
206,
216,
227,
237,
247,
265,
275,
286,
299,
],
'project:org/omg/CORBA/ServerRequest.java':[
83,
236,
287,
],
'project:org/omg/CORBA/SetOverrideType.java':[
94,
],
'project:org/omg/CORBA/TCKind.java':[
465,
],
'project:org/omg/CORBA/TypeCode.java':[
208,
291,
316,
340,
364,
380,
397,
440,
455,
474,
496,
516,
532,
],
'project:org/omg/CORBA/portable/BoxedValueHelper.java':[
36,
37,
38,
],
'project:org/omg/CORBA/portable/Delegate.java':[
56,
79,
88,
96,
130,
153,
188,
208,
234,
250,
280,
299,
],
'project:org/omg/CORBA/portable/InputStream.java':[
48,
54,
60,
66,
72,
78,
84,
91,
97,
104,
110,
116,
122,
128,
136,
144,
152,
160,
168,
176,
184,
193,
202,
211,
219,
227,
235,
241,
247,
255,
272,
282,
304,
],
'project:org/omg/CORBA/portable/InvokeHandler.java':[
69,
],
'project:org/omg/CORBA/portable/ObjectImpl.java':[
69,
86,
99,
312,
371,
407,
427,
447,
473,
491,
],
'project:org/omg/CORBA/portable/OutputStream.java':[
48,
54,
59,
64,
69,
74,
79,
84,
89,
94,
99,
104,
109,
114,
119,
127,
135,
143,
151,
159,
167,
175,
183,
191,
199,
207,
215,
221,
226,
231,
239,
258,
273,
],
'project:org/omg/CORBA/portable/Streamable.java':[
44,
51,
59,
],
'project:org/omg/CORBA/portable/ValueBase.java':[
49,
],
'project:org/omg/CORBA/portable/ValueFactory.java':[
56,
],
'project:org/omg/CORBA/portable/ValueInputStream.java':[
41,
50,
],
'project:org/omg/CORBA/portable/ValueOutputStream.java':[
41,
48,
],
'project:org/omg/CORBA_2_3/ORB.java':[
43,
53,
62,
74,
84,
],
'project:org/omg/CORBA_2_3/portable/Delegate.java':[
51,
],
'project:org/omg/CORBA_2_3/portable/InputStream.java':[
50,
59,
69,
78,
89,
97,
107,
],
'project:org/omg/CORBA_2_3/portable/ObjectImpl.java':[
53,
],
'project:org/omg/CORBA_2_3/portable/OutputStream.java':[
50,
59,
69,
79,
87,
],
'project:org/omg/CosNaming/BindingIteratorHelper.java':[
79,
],
'project:org/omg/CosNaming/BindingIteratorOperations.java':[
29,
38,
],
'project:org/omg/CosNaming/BindingIteratorPOA.java':[
110,
116,
],
'project:org/omg/CosNaming/BindingType.java':[
32,
],
'project:org/omg/CosNaming/NamingContextExtHelper.java':[
84,
],
'project:org/omg/CosNaming/NamingContextExtOperations.java':[
38,
50,
66,
82,
],
'project:org/omg/CosNaming/NamingContextExtPOA.java':[
554,
560,
],
'project:org/omg/CosNaming/NamingContextHelper.java':[
80,
],
'project:org/omg/CosNaming/NamingContextOperations.java':[
69,
109,
173,
195,
],
'project:org/omg/CosNaming/NamingContextPOA.java':[
423,
429,
],
'project:org/omg/CosNaming/NamingContextPackage/NotFoundReason.java':[
33,
],
'project:org/omg/DynamicAny/DynAnyFactoryHelper.java':[
92,
],
'project:org/omg/DynamicAny/DynAnyFactoryOperations.java':[
46,
79,
],
'project:org/omg/DynamicAny/DynAnyHelper.java':[
138,
],
'project:org/omg/DynamicAny/DynAnyOperations.java':[
112,
121,
164,
172,
180,
188,
196,
204,
212,
220,
228,
238,
246,
254,
262,
271,
279,
288,
296,
304,
313,
323,
333,
343,
353,
363,
373,
383,
393,
403,
414,
424,
434,
444,
455,
465,
475,
485,
496,
507,
548,
568,
],
'project:org/omg/DynamicAny/DynArrayHelper.java':[
76,
],
'project:org/omg/DynamicAny/DynArrayOperations.java':[
23,
31,
36,
44,
],
'project:org/omg/DynamicAny/DynEnumHelper.java':[
75,
],
'project:org/omg/DynamicAny/DynEnumOperations.java':[
22,
30,
37,
45,
],
'project:org/omg/DynamicAny/DynFixedHelper.java':[
76,
],
'project:org/omg/DynamicAny/DynFixedOperations.java':[
23,
37,
],
'project:org/omg/DynamicAny/DynSequenceHelper.java':[
74,
],
'project:org/omg/DynamicAny/DynSequenceOperations.java':[
21,
44,
49,
60,
65,
76,
],
'project:org/omg/DynamicAny/DynStructHelper.java':[
75,
],
'project:org/omg/DynamicAny/DynStructOperations.java':[
27,
35,
45,
60,
70,
85,
],
'project:org/omg/DynamicAny/DynUnionHelper.java':[
81,
],
'project:org/omg/DynamicAny/DynUnionOperations.java':[
28,
45,
53,
62,
71,
76,
83,
100,
],
'project:org/omg/DynamicAny/DynValueBoxOperations.java':[
27,
36,
43,
52,
],
'project:org/omg/DynamicAny/DynValueCommonOperations.java':[
21,
26,
33,
],
'project:org/omg/DynamicAny/DynValueHelper.java':[
83,
],
'project:org/omg/DynamicAny/DynValueOperations.java':[
35,
43,
55,
71,
83,
99,
],
'project:org/omg/IOP/CodecFactoryHelper.java':[
69,
],
'project:org/omg/IOP/CodecFactoryOperations.java':[
28,
],
'project:org/omg/IOP/CodecOperations.java':[
62,
76,
],
'project:org/omg/PortableInterceptor/ClientRequestInfoOperations.java':[
245,
253,
269,
280,
299,
312,
328,
344,
],
'project:org/omg/PortableInterceptor/ClientRequestInterceptorOperations.java':[
55,
85,
104,
150,
192,
],
'project:org/omg/PortableInterceptor/CurrentHelper.java':[
81,
],
'project:org/omg/PortableInterceptor/CurrentOperations.java':[
48,
63,
],
'project:org/omg/PortableInterceptor/IORInfoOperations.java':[
41,
54,
72,
77,
87,
96,
105,
],
'project:org/omg/PortableInterceptor/IORInterceptorOperations.java':[
49,
],
'project:org/omg/PortableInterceptor/IORInterceptor_3_0Helper.java':[
63,
],
'project:org/omg/PortableInterceptor/IORInterceptor_3_0Operations.java':[
26,
36,
46,
],
'project:org/omg/PortableInterceptor/ORBInitInfoOperations.java':[
37,
48,
61,
76,
87,
97,
106,
120,
133,
],
'project:org/omg/PortableInterceptor/ORBInitializerOperations.java':[
135,
155,
],
'project:org/omg/PortableInterceptor/ObjectReferenceFactory.java':[
22,
],
'project:org/omg/PortableInterceptor/ObjectReferenceTemplate.java':[
21,
23,
25,
],
'project:org/omg/PortableInterceptor/PolicyFactoryOperations.java':[
49,
],
'project:org/omg/PortableInterceptor/RequestInfoOperations.java':[
38,
123,
157,
189,
239,
246,
265,
278,
291,
],
'project:org/omg/PortableInterceptor/ServerRequestInfoOperations.java':[
241,
247,
252,
258,
263,
269,
275,
292,
306,
316,
335,
],
'project:org/omg/PortableInterceptor/ServerRequestInterceptorOperations.java':[
65,
106,
126,
166,
197,
],
'project:org/omg/PortableServer/AdapterActivatorOperations.java':[
35,
],
'project:org/omg/PortableServer/CurrentOperations.java':[
43,
55,
],
'project:org/omg/PortableServer/IdAssignmentPolicyValue.java':[
37,
],
'project:org/omg/PortableServer/IdUniquenessPolicyValue.java':[
35,
],
'project:org/omg/PortableServer/ImplicitActivationPolicyValue.java':[
37,
],
'project:org/omg/PortableServer/LifespanPolicyValue.java':[
36,
],
'project:org/omg/PortableServer/POAManagerOperations.java':[
41,
54,
77,
],
'project:org/omg/PortableServer/POAManagerPackage/State.java':[
35,
],
'project:org/omg/PortableServer/POAOperations.java':[
43,
61,
85,
93,
101,
109,
117,
125,
133,
139,
145,
153,
159,
165,
171,
187,
201,
212,
224,
240,
257,
275,
287,
306,
335,
369,
395,
415,
438,
454,
],
'project:org/omg/PortableServer/RequestProcessingPolicyValue.java':[
48,
],
'project:org/omg/PortableServer/Servant.java':[
51,
68,
78,
88,
107,
116,
127,
138,
154,
166,
213,
265,
],
'project:org/omg/PortableServer/ServantActivatorHelper.java':[
75,
],
'project:org/omg/PortableServer/ServantActivatorPOA.java':[
46,
52,
],
'project:org/omg/PortableServer/ServantLocatorHelper.java':[
89,
],
'project:org/omg/PortableServer/ServantLocatorPOA.java':[
60,
66,
],
'project:org/omg/PortableServer/ServantRetentionPolicyValue.java':[
36,
],
'project:org/omg/PortableServer/ThreadPolicyValue.java':[
35,
],
'project:org/omg/PortableServer/portable/Delegate.java':[
54,
70,
78,
92,
101,
114,
],
}
