{
'project:com/sun/corba/se/impl/orb/DataCollectorBase.java':[
154,
156,
],
'project:com/sun/jmx/snmp/IPAcl/PrincipalImpl.java':[
66,
],
'project:com/sun/org/apache/xml/internal/security/keys/content/x509/XMLX509SKI.java':[
59,
],
'project:java/net/Inet4AddressImpl.java':[
43,
],
'project:java/security/Signature.java':[
486,
],
'project:java/security/cert/CertificateRevokedException.java':[
146,
],
'project:java/security/cert/X509CRLSelector.java':[
623,
],
'project:java/security/cert/X509CertSelector.java':[
133,
134,
135,
136,
137,
2109,
2143,
],
}
