{
'project:com/sun/corba/se/impl/activation/ServerMain.java':[
45,
],
'project:com/sun/imageio/plugins/gif/GIFStreamMetadata.java':[
36,
],
'project:com/sun/imageio/plugins/png/PNGImageReader.java':[
1094,
],
'project:com/sun/imageio/plugins/png/PNGImageWriter.java':[
364,
],
'project:com/sun/imageio/plugins/png/PNGMetadata.java':[
254,
],
'project:com/sun/java/swing/plaf/windows/WindowsMenuItemUI.java':[
169,
],
'project:com/sun/java/swing/plaf/windows/XPStyle.java':[
265,
],
'project:com/sun/jmx/snmp/tasks/ThreadService.java':[
142,
193,
],
'project:com/sun/org/apache/bcel/internal/generic/ReferenceType.java':[
188,
222,
248,
253,
306,
315,
320,
],
'project:com/sun/org/apache/xalan/internal/xslt/EnvironmentCheck.java':[
559,
616,
630,
736,
902,
956,
1102,
1103,
],
'project:com/sun/org/apache/xalan/internal/xsltc/cmdline/Transform.java':[
88,
94,
],
'project:com/sun/org/apache/xalan/internal/xsltc/compiler/LocationPathPattern.java':[
44,
48,
],
'project:com/sun/org/apache/xalan/internal/xsltc/compiler/Mode.java':[
577,
1426,
1455,
1477,
1502,
],
'project:com/sun/org/apache/xalan/internal/xsltc/compiler/Number.java':[
564,
],
'project:com/sun/org/apache/xalan/internal/xsltc/compiler/Output.java':[
51,
],
'project:com/sun/org/apache/xalan/internal/xsltc/compiler/RelationalExpr.java':[
243,
],
'project:com/sun/org/apache/xalan/internal/xsltc/compiler/Stylesheet.java':[
1350,
],
'project:com/sun/org/apache/xalan/internal/xsltc/compiler/VariableBase.java':[
113,
],
'project:com/sun/org/apache/xalan/internal/xsltc/compiler/WithParam.java':[
200,
],
'project:com/sun/org/apache/xalan/internal/xsltc/compiler/XPathParser.java':[
2785,
2803,
],
'project:com/sun/org/apache/xalan/internal/xsltc/compiler/XslAttribute.java':[
161,
],
'project:com/sun/org/apache/xalan/internal/xsltc/dom/MultiDOM.java':[
558,
570,
],
'project:com/sun/org/apache/xalan/internal/xsltc/dom/SAXImpl.java':[
1596,
1598,
],
'project:com/sun/org/apache/xalan/internal/xsltc/runtime/AbstractTranslet.java':[
99,
],
'project:com/sun/org/apache/xerces/internal/dom/CoreDocumentImpl.java':[
88,
],
'project:com/sun/org/apache/xerces/internal/impl/XMLScanner.java':[
298,
463,
941,
],
'project:com/sun/org/apache/xerces/internal/impl/dv/xs/SchemaDVFactoryImpl.java':[
49,
],
'project:com/sun/org/apache/xerces/internal/impl/xpath/regex/RegularExpression.java':[
474,
],
'project:com/sun/org/apache/xerces/internal/impl/xs/XMLSchemaLoader.java':[
946,
],
'project:com/sun/org/apache/xerces/internal/impl/xs/XSConstraints.java':[
1153,
],
'project:com/sun/org/apache/xerces/internal/impl/xs/models/CMBuilder.java':[
245,
],
'project:com/sun/org/apache/xerces/internal/impl/xs/traversers/XSDHandler.java':[
2739,
2759,
],
'project:com/sun/org/apache/xerces/internal/jaxp/SAXParserImpl.java':[
389,
426,
449,
524,
],
'project:com/sun/org/apache/xerces/internal/jaxp/datatype/DurationImpl.java':[
202,
346,
539,
550,
561,
564,
587,
589,
590,
591,
592,
593,
595,
629,
631,
632,
633,
635,
637,
656,
658,
659,
660,
662,
664,
1969,
],
'project:com/sun/org/apache/xerces/internal/jaxp/datatype/XMLGregorianCalendarImpl.java':[
313,
1121,
],
'project:com/sun/org/apache/xerces/internal/jaxp/validation/ValidatorHandlerImpl.java':[
896,
897,
908,
],
'project:com/sun/org/apache/xerces/internal/util/NamespaceContextWrapper.java':[
69,
],
'project:com/sun/org/apache/xerces/internal/util/ParserConfigurationSettings.java':[
292,
],
'project:com/sun/org/apache/xerces/internal/util/SecurityManager.java':[
179,
],
'project:com/sun/org/apache/xerces/internal/xinclude/XIncludeHandler.java':[
1441,
1443,
1828,
],
'project:com/sun/org/apache/xerces/internal/xinclude/XIncludeMessageFormatter.java':[
29,
],
'project:com/sun/org/apache/xerces/internal/xinclude/XPointerFramework.java':[
69,
],
'project:com/sun/org/apache/xml/internal/dtm/DTMFilter.java':[
165,
],
'project:com/sun/org/apache/xml/internal/dtm/ref/DTMDefaultBase.java':[
1773,
2063,
2071,
],
'project:com/sun/org/apache/xml/internal/dtm/ref/DTMDocumentImpl.java':[
1707,
1899,
1907,
1943,
],
'project:com/sun/org/apache/xml/internal/dtm/ref/DTMManagerDefault.java':[
149,
518,
798,
815,
830,
846,
],
'project:com/sun/org/apache/xml/internal/dtm/ref/dom2dtm/DOM2DTM.java':[
1393,
1401,
],
'project:com/sun/org/apache/xml/internal/dtm/ref/sax2dtm/SAX2DTM.java':[
706,
1068,
1076,
1226,
],
'project:com/sun/org/apache/xml/internal/dtm/ref/sax2dtm/SAX2DTM2.java':[
56,
],
'project:com/sun/org/apache/xml/internal/security/Init.java':[
271,
],
'project:com/sun/org/apache/xml/internal/security/c14n/CanonicalizerSpi.java':[
42,
],
'project:com/sun/org/apache/xml/internal/security/c14n/implementations/Canonicalizer20010315.java':[
331,
347,
],
'project:com/sun/org/apache/xml/internal/security/c14n/implementations/NameSpaceSymbTable.java':[
256,
407,
],
'project:com/sun/org/apache/xml/internal/security/encryption/XMLCipher.java':[
1070,
1264,
2164,
2168,
2183,
2369,
2383,
2471,
2538,
2598,
2601,
3735,
3736,
3936,
],
'project:com/sun/org/apache/xml/internal/security/keys/KeyInfo.java':[
413,
594,
1075,
],
'project:com/sun/org/apache/xml/internal/security/keys/content/PGPData.java':[
31,
],
'project:com/sun/org/apache/xml/internal/security/keys/content/SPKIData.java':[
31,
],
'project:com/sun/org/apache/xml/internal/security/keys/content/X509Data.java':[
419,
],
'project:com/sun/org/apache/xml/internal/security/keys/content/x509/XMLX509Certificate.java':[
154,
],
'project:com/sun/org/apache/xml/internal/security/keys/keyresolver/KeyResolver.java':[
334,
349,
],
'project:com/sun/org/apache/xml/internal/security/signature/ObjectContainer.java':[
37,
],
'project:com/sun/org/apache/xml/internal/security/signature/Reference.java':[
163,
],
'project:com/sun/org/apache/xml/internal/security/signature/XMLSignatureInput.java':[
53,
588,
],
'project:com/sun/org/apache/xml/internal/security/transforms/implementations/FuncHere.java':[
146,
],
'project:com/sun/org/apache/xml/internal/security/transforms/implementations/TransformXPath2Filter.java':[
220,
],
'project:com/sun/org/apache/xml/internal/security/transforms/params/XPath2FilterContainer.java':[
281,
],
'project:com/sun/org/apache/xml/internal/security/transforms/params/XPath2FilterContainer04.java':[
242,
],
'project:com/sun/org/apache/xml/internal/security/transforms/params/XPathFilterCHGPContainer.java':[
261,
],
'project:com/sun/org/apache/xml/internal/security/utils/Base64.java':[
215,
],
'project:com/sun/org/apache/xml/internal/security/utils/Constants.java':[
211,
],
'project:com/sun/org/apache/xml/internal/security/utils/resolver/implementations/ResolverDirectHTTP.java':[
59,
105,
],
'project:com/sun/org/apache/xml/internal/serialize/DOMSerializerImpl.java':[
84,
],
'project:com/sun/org/apache/xml/internal/serializer/OutputPropertiesFactory.java':[
318,
],
'project:com/sun/org/apache/xml/internal/serializer/SerializerBase.java':[
250,
],
'project:com/sun/org/apache/xml/internal/serializer/ToStream.java':[
906,
2364,
2892,
3293,
3311,
3323,
3343,
],
'project:com/sun/org/apache/xml/internal/serializer/TreeWalker.java':[
263,
271,
],
'project:com/sun/org/apache/xml/internal/serializer/WriterToUTF8Buffered.java':[
236,
365,
],
'project:com/sun/org/apache/xml/internal/serializer/utils/DOM2Helper.java':[
119,
],
'project:com/sun/org/apache/xml/internal/utils/DOM2Helper.java':[
222,
299,
],
'project:com/sun/org/apache/xml/internal/utils/DOMHelper.java':[
63,
190,
415,
544,
608,
900,
935,
1075,
1101,
1109,
],
'project:com/sun/org/apache/xml/internal/utils/ListingErrorHandler.java':[
301,
372,
381,
],
'project:com/sun/org/apache/xml/internal/utils/QName.java':[
386,
],
'project:com/sun/org/apache/xpath/internal/NodeSet.java':[
342,
],
'project:com/sun/org/apache/xpath/internal/NodeSetDTM.java':[
498,
],
'project:com/sun/org/apache/xpath/internal/SourceTreeManager.java':[
143,
166,
204,
382,
],
'project:com/sun/org/apache/xpath/internal/axes/AxesWalker.java':[
448,
],
'project:com/sun/org/apache/xpath/internal/axes/FilterExprIteratorSimple.java':[
131,
],
'project:com/sun/org/apache/xpath/internal/axes/LocPathIterator.java':[
609,
1022,
],
'project:com/sun/org/apache/xpath/internal/axes/MatchPatternIterator.java':[
321,
],
'project:com/sun/org/apache/xpath/internal/axes/PredicatedNodeTest.java':[
259,
491,
],
'project:com/sun/org/apache/xpath/internal/axes/UnionChildIterator.java':[
142,
],
'project:com/sun/org/apache/xpath/internal/axes/UnionPathIterator.java':[
334,
],
'project:com/sun/org/apache/xpath/internal/domapi/XPathResultImpl.java':[
152,
],
'project:com/sun/org/apache/xpath/internal/patterns/StepPattern.java':[
506,
612,
],
'project:java/awt/GraphicsDevice.java':[
558,
],
'project:java/awt/event/MouseEvent.java':[
976,
],
'project:java/awt/image/ComponentSampleModel.java':[
155,
218,
],
'project:java/awt/peer/ComponentPeer.java':[
91,
101,
109,
278,
390,
406,
],
'project:java/awt/peer/FramePeer.java':[
111,
124,
],
'project:java/lang/Integer.java':[
309,
],
'project:java/security/CodeSource.java':[
636,
],
'project:java/text/PatternEntry.java':[
241,
],
'project:java/text/RBCollationTables.java':[
276,
],
'project:java/text/RBTableBuilder.java':[
191,
],
'project:java/util/JapaneseImperialCalendar.java':[
828,
1306,
1338,
],
'project:java/util/SimpleTimeZone.java':[
438,
698,
705,
],
'project:java/util/concurrent/ConcurrentLinkedDeque.java':[
500,
726,
],
'project:java/util/concurrent/LinkedBlockingDeque.java':[
834,
],
'project:javax/management/openmbean/OpenMBeanAttributeInfoSupport.java':[
816,
817,
832,
833,
],
'project:javax/management/openmbean/OpenMBeanParameterInfoSupport.java':[
397,
398,
413,
414,
],
'project:javax/sound/midi/Track.java':[
66,
],
'project:javax/sound/sampled/AudioSystem.java':[
47,
],
'project:javax/swing/plaf/basic/BasicScrollBarUI.java':[
214,
],
'project:javax/swing/plaf/nimbus/AbstractRegionPainter.java':[
633,
],
'project:javax/swing/plaf/nimbus/NimbusDefaults.java':[
1563,
],
'project:javax/swing/plaf/nimbus/SynthPainterImpl.java':[
2766,
],
'project:javax/swing/plaf/synth/SynthTabbedPaneUI.java':[
308,
320,
569,
],
'project:javax/swing/text/TabStop.java':[
136,
],
'project:javax/swing/text/html/HTMLEditorKit.java':[
1877,
1907,
1933,
2086,
],
'project:javax/swing/text/rtf/RTFAttribute.java':[
57,
],
'project:javax/swing/text/rtf/RTFAttributes.java':[
213,
409,
],
'project:javax/swing/text/rtf/RTFGenerator.java':[
125,
144,
163,
308,
333,
662,
741,
796,
853,
905,
951,
960,
988,
],
'project:javax/swing/text/rtf/RTFParser.java':[
114,
234,
319,
],
'project:javax/swing/text/rtf/RTFReader.java':[
125,
138,
214,
704,
1226,
1232,
1242,
1310,
1330,
1359,
1616,
1630,
],
'project:javax/xml/bind/ContextFinder.java':[
269,
368,
371,
],
'project:javax/xml/bind/JAXBContext.java':[
443,
470,
],
'project:javax/xml/bind/helpers/ValidationEventLocatorImpl.java':[
149,
],
'project:javax/xml/datatype/Duration.java':[
979,
],
'project:javax/xml/transform/stax/StAXSource.java':[
105,
],
}
