{
'project:com/sun/jmx/snmp/SnmpMessage.java':[
246,
],
'project:com/sun/jmx/snmp/SnmpV3Message.java':[
367,
],
'project:com/sun/jmx/snmp/daemon/SnmpSubRequestHandler.java':[
84,
],
'project:com/sun/org/apache/xalan/internal/xsltc/compiler/Mode.java':[
544,
],
'project:com/sun/org/apache/xerces/internal/impl/XMLEntityScanner.java':[
642,
691,
739,
],
'project:com/sun/org/apache/xerces/internal/impl/XMLStreamReaderImpl.java':[
647,
],
'project:java/security/cert/PKIXCertPathBuilderResult.java':[
114,
],
'project:java/security/cert/PKIXCertPathValidatorResult.java':[
154,
],
'project:java/security/cert/PKIXParameters.java':[
716,
717,
725,
],
'project:java/security/cert/TrustAnchor.java':[
326,
],
'project:java/security/cert/X509CertSelector.java':[
1833,
],
'project:javax/security/auth/kerberos/KerberosTicket.java':[
658,
659,
661,
],
'project:javax/swing/text/TabStop.java':[
172,
],
}
