{
'project:com/sun/jmx/mbeanserver/WeakIdentityHashMap.java':[
124,
],
'project:java/util/ArrayList.java':[
1005,
],
'project:java/util/TreeMap.java':[
1394,
1398,
1499,
1503,
1507,
1511,
],
'project:java/util/WeakHashMap.java':[
699,
],
'project:java/util/concurrent/CopyOnWriteArrayList.java':[
1218,
],
'project:javax/swing/SwingWorker.java':[
842,
],
'project:javax/swing/text/ComponentView.java':[
411,
424,
446,
492,
],
}
