{
'project:com/sun/corba/se/PortableActivationIDL/ActivatorHelper.java':[
11,
],
'project:com/sun/corba/se/PortableActivationIDL/BadServerDefinitionHelper.java':[
11,
],
'project:com/sun/corba/se/PortableActivationIDL/EndPointInfoHelper.java':[
11,
],
'project:com/sun/corba/se/PortableActivationIDL/EndpointInfoListHelper.java':[
14,
],
'project:com/sun/corba/se/PortableActivationIDL/InitialNameServiceHelper.java':[
15,
],
'project:com/sun/corba/se/PortableActivationIDL/InitialNameServicePackage/NameAlreadyBoundHelper.java':[
11,
],
'project:com/sun/corba/se/PortableActivationIDL/InvalidORBidHelper.java':[
11,
],
'project:com/sun/corba/se/PortableActivationIDL/LocatorHelper.java':[
11,
],
'project:com/sun/corba/se/PortableActivationIDL/LocatorPackage/ServerLocationPerORBHelper.java':[
11,
],
'project:com/sun/corba/se/PortableActivationIDL/LocatorPackage/ServerLocationPerTypeHelper.java':[
11,
],
'project:com/sun/corba/se/PortableActivationIDL/NoSuchEndPointHelper.java':[
11,
],
'project:com/sun/corba/se/PortableActivationIDL/ORBAlreadyRegisteredHelper.java':[
11,
],
'project:com/sun/corba/se/PortableActivationIDL/ORBPortInfoHelper.java':[
11,
],
'project:com/sun/corba/se/PortableActivationIDL/ORBPortInfoListHelper.java':[
14,
],
'project:com/sun/corba/se/PortableActivationIDL/ORBProxyHelper.java':[
14,
],
'project:com/sun/corba/se/PortableActivationIDL/ORBidListHelper.java':[
14,
],
'project:com/sun/corba/se/PortableActivationIDL/RepositoryHelper.java':[
11,
],
'project:com/sun/corba/se/PortableActivationIDL/RepositoryPackage/AppNamesHelper.java':[
14,
],
'project:com/sun/corba/se/PortableActivationIDL/RepositoryPackage/ServerDefHelper.java':[
11,
],
'project:com/sun/corba/se/PortableActivationIDL/ServerAlreadyActiveHelper.java':[
11,
],
'project:com/sun/corba/se/PortableActivationIDL/ServerAlreadyInstalledHelper.java':[
11,
],
'project:com/sun/corba/se/PortableActivationIDL/ServerAlreadyRegisteredHelper.java':[
11,
],
'project:com/sun/corba/se/PortableActivationIDL/ServerAlreadyUninstalledHelper.java':[
11,
],
'project:com/sun/corba/se/PortableActivationIDL/ServerHeldDownHelper.java':[
11,
],
'project:com/sun/corba/se/PortableActivationIDL/ServerIdsHelper.java':[
14,
],
'project:com/sun/corba/se/PortableActivationIDL/ServerManagerHelper.java':[
16,
],
'project:com/sun/corba/se/PortableActivationIDL/ServerNotActiveHelper.java':[
11,
],
'project:com/sun/corba/se/PortableActivationIDL/ServerNotRegisteredHelper.java':[
11,
],
'project:com/sun/corba/se/PortableActivationIDL/ServerProxyHelper.java':[
14,
],
'project:com/sun/corba/se/PortableActivationIDL/TCPPortHelper.java':[
17,
],
'project:com/sun/corba/se/impl/corba/AnyImplHelper.java':[
36,
],
'project:com/sun/corba/se/impl/corba/TCUtility.java':[
62,
],
'project:com/sun/corba/se/impl/corba/TypeCodeImplHelper.java':[
34,
],
'project:com/sun/corba/se/impl/dynamicany/DynAnyUtil.java':[
46,
],
'project:com/sun/corba/se/impl/encoding/BufferManagerFactory.java':[
45,
],
'project:com/sun/corba/se/impl/encoding/CDRInputStream.java':[
69,
],
'project:com/sun/corba/se/impl/encoding/CDROutputStream.java':[
65,
],
'project:com/sun/corba/se/impl/encoding/CodeSetConversion.java':[
686,
],
'project:com/sun/corba/se/impl/io/ObjectStreamClassCorbaExt.java':[
52,
],
'project:com/sun/corba/se/impl/io/ValueUtility.java':[
55,
],
'project:com/sun/corba/se/impl/ior/iiop/IIOPProfileImpl.java':[
96,
],
'project:com/sun/corba/se/impl/naming/namingutil/NamingConstants.java':[
30,
],
'project:com/sun/corba/se/impl/naming/namingutil/Utility.java':[
41,
],
'project:com/sun/corba/se/impl/oa/poa/POAPolicyMediatorFactory.java':[
28,
],
'project:com/sun/corba/se/impl/orbutil/CorbaResourceUtil.java':[
31,
],
'project:com/sun/corba/se/impl/orbutil/LogKeywords.java':[
34,
],
'project:com/sun/corba/se/impl/orbutil/ORBClassLoader.java':[
33,
],
'project:com/sun/corba/se/impl/orbutil/ObjectStreamClassUtil_1_3.java':[
52,
],
'project:com/sun/corba/se/impl/orbutil/RepositoryIdFactory.java':[
31,
],
'project:com/sun/corba/se/impl/presentation/rmi/StubConnectImpl.java':[
52,
],
'project:com/sun/corba/se/impl/protocol/giopmsgheaders/AddressingDispositionHelper.java':[
36,
],
'project:com/sun/corba/se/impl/protocol/giopmsgheaders/IORAddressingInfoHelper.java':[
36,
],
'project:com/sun/corba/se/impl/protocol/giopmsgheaders/TargetAddressHelper.java':[
36,
],
'project:com/sun/corba/se/impl/util/JDKBridge.java':[
52,
],
'project:com/sun/corba/se/impl/util/JDKClassLoader.java':[
46,
],
'project:com/sun/corba/se/impl/util/ORBProperties.java':[
38,
],
'project:com/sun/corba/se/impl/util/PackagePrefixChecker.java':[
34,
],
'project:com/sun/corba/se/impl/util/Utility.java':[
83,
],
'project:com/sun/corba/se/impl/util/Version.java':[
35,
],
'project:com/sun/corba/se/spi/activation/ActivatorHelper.java':[
11,
],
'project:com/sun/corba/se/spi/activation/BadServerDefinitionHelper.java':[
11,
],
'project:com/sun/corba/se/spi/activation/EndPointInfoHelper.java':[
11,
],
'project:com/sun/corba/se/spi/activation/EndpointInfoListHelper.java':[
11,
],
'project:com/sun/corba/se/spi/activation/InitialNameServiceHelper.java':[
11,
],
'project:com/sun/corba/se/spi/activation/InitialNameServicePackage/NameAlreadyBoundHelper.java':[
11,
],
'project:com/sun/corba/se/spi/activation/InvalidORBidHelper.java':[
11,
],
'project:com/sun/corba/se/spi/activation/LocatorHelper.java':[
11,
],
'project:com/sun/corba/se/spi/activation/LocatorPackage/ServerLocationHelper.java':[
11,
],
'project:com/sun/corba/se/spi/activation/LocatorPackage/ServerLocationPerORBHelper.java':[
11,
],
'project:com/sun/corba/se/spi/activation/NoSuchEndPointHelper.java':[
11,
],
'project:com/sun/corba/se/spi/activation/ORBAlreadyRegisteredHelper.java':[
11,
],
'project:com/sun/corba/se/spi/activation/ORBPortInfoHelper.java':[
11,
],
'project:com/sun/corba/se/spi/activation/ORBPortInfoListHelper.java':[
11,
],
'project:com/sun/corba/se/spi/activation/ORBidHelper.java':[
13,
],
'project:com/sun/corba/se/spi/activation/ORBidListHelper.java':[
11,
],
'project:com/sun/corba/se/spi/activation/POANameHelper.java':[
11,
],
'project:com/sun/corba/se/spi/activation/RepositoryHelper.java':[
11,
],
'project:com/sun/corba/se/spi/activation/RepositoryPackage/ServerDefHelper.java':[
11,
],
'project:com/sun/corba/se/spi/activation/RepositoryPackage/StringSeqHelper.java':[
11,
],
'project:com/sun/corba/se/spi/activation/ServerAlreadyActiveHelper.java':[
11,
],
'project:com/sun/corba/se/spi/activation/ServerAlreadyInstalledHelper.java':[
11,
],
'project:com/sun/corba/se/spi/activation/ServerAlreadyRegisteredHelper.java':[
11,
],
'project:com/sun/corba/se/spi/activation/ServerAlreadyUninstalledHelper.java':[
11,
],
'project:com/sun/corba/se/spi/activation/ServerHeldDownHelper.java':[
11,
],
'project:com/sun/corba/se/spi/activation/ServerHelper.java':[
14,
],
'project:com/sun/corba/se/spi/activation/ServerIdHelper.java':[
11,
],
'project:com/sun/corba/se/spi/activation/ServerIdsHelper.java':[
11,
],
'project:com/sun/corba/se/spi/activation/ServerManagerHelper.java':[
11,
],
'project:com/sun/corba/se/spi/activation/ServerNotActiveHelper.java':[
11,
],
'project:com/sun/corba/se/spi/activation/ServerNotRegisteredHelper.java':[
11,
],
'project:com/sun/corba/se/spi/activation/TCPPortHelper.java':[
11,
],
'project:com/sun/corba/se/spi/monitoring/MonitoringFactories.java':[
44,
],
'project:com/sun/corba/se/spi/oa/OADefault.java':[
36,
],
'project:com/sun/corba/se/spi/orb/ParserDataFactory.java':[
30,
],
'project:com/sun/corba/se/spi/resolver/ResolverDefault.java':[
46,
],
'project:com/sun/imageio/plugins/common/I18NImpl.java':[
44,
],
'project:com/sun/imageio/plugins/common/ImageUtil.java':[
59,
],
'project:com/sun/imageio/plugins/common/ReaderUtil.java':[
40,
],
'project:com/sun/imageio/plugins/jpeg/JPEG.java':[
44,
215,
],
'project:com/sun/imageio/stream/StreamCloser.java':[
44,
],
'project:com/sun/java/swing/SwingUtilities3.java':[
55,
],
'project:com/sun/java/swing/plaf/gtk/GTKIconFactory.java':[
42,
],
'project:com/sun/java/swing/plaf/gtk/GTKStyle.java':[
909,
],
'project:com/sun/java/swing/plaf/gtk/PangoFonts.java':[
40,
],
'project:com/sun/java/swing/plaf/gtk/XColors.java':[
35,
],
'project:com/sun/java/swing/plaf/motif/MotifBorders.java':[
55,
],
'project:com/sun/java/swing/plaf/motif/MotifGraphicsUtils.java':[
49,
],
'project:com/sun/java/swing/plaf/motif/MotifIconFactory.java':[
53,
],
'project:com/sun/java/swing/plaf/motif/MotifTextUI.java':[
47,
],
'project:com/sun/java/swing/plaf/windows/TMSchema.java':[
58,
],
'project:com/sun/java/swing/plaf/windows/WindowsBorders.java':[
46,
],
'project:com/sun/java/swing/plaf/windows/WindowsGraphicsUtils.java':[
44,
],
'project:com/sun/java/swing/plaf/windows/WindowsIconFactory.java':[
54,
],
'project:com/sun/javadoc/Doclet.java':[
51,
],
'project:com/sun/jmx/mbeanserver/Util.java':[
45,
],
'project:com/sun/jmx/remote/util/EnvHelp.java':[
55,
],
'project:com/sun/jmx/snmp/internal/SnmpTools.java':[
34,
],
'project:com/sun/mirror/apt/AnnotationProcessors.java':[
44,
],
'project:com/sun/naming/internal/ResourceManager.java':[
120,
],
'project:com/sun/org/apache/bcel/internal/Repository.java':[
75,
],
'project:com/sun/org/apache/bcel/internal/classfile/Utility.java':[
72,
],
'project:com/sun/org/apache/regexp/internal/REUtil.java':[
28,
],
'project:com/sun/org/apache/regexp/internal/recompile.java':[
62,
],
'project:com/sun/org/apache/xalan/internal/Version.java':[
36,
],
'project:com/sun/org/apache/xalan/internal/lib/ExsltBase.java':[
34,
],
'project:com/sun/org/apache/xalan/internal/lib/ExsltCommon.java':[
43,
],
'project:com/sun/org/apache/xalan/internal/lib/ExsltDatetime.java':[
52,
],
'project:com/sun/org/apache/xalan/internal/lib/ExsltStrings.java':[
339,
],
'project:com/sun/org/apache/xalan/internal/lib/Extensions.java':[
402,
],
'project:com/sun/org/apache/xalan/internal/lib/NodeInfo.java':[
41,
],
'project:com/sun/org/apache/xalan/internal/lib/ObjectFactory.java':[
52,
],
'project:com/sun/org/apache/xalan/internal/xslt/ObjectFactory.java':[
52,
],
'project:com/sun/org/apache/xalan/internal/xslt/Process.java':[
81,
],
'project:com/sun/org/apache/xalan/internal/xsltc/ProcessorVersion.java':[
42,
],
'project:com/sun/org/apache/xalan/internal/xsltc/cmdline/Compile.java':[
41,
],
'project:com/sun/org/apache/xalan/internal/xsltc/cmdline/ObjectFactory.java':[
52,
],
'project:com/sun/org/apache/xalan/internal/xsltc/compiler/ObjectFactory.java':[
52,
],
'project:com/sun/org/apache/xalan/internal/xsltc/compiler/sym.java':[
10,
],
'project:com/sun/org/apache/xalan/internal/xsltc/compiler/util/ObjectFactory.java':[
52,
],
'project:com/sun/org/apache/xalan/internal/xsltc/compiler/util/Util.java':[
36,
],
'project:com/sun/org/apache/xalan/internal/xsltc/dom/LoadDocument.java':[
49,
],
'project:com/sun/org/apache/xalan/internal/xsltc/dom/ObjectFactory.java':[
52,
],
'project:com/sun/org/apache/xalan/internal/xsltc/runtime/BasisLibrary.java':[
59,
],
'project:com/sun/org/apache/xalan/internal/xsltc/runtime/ObjectFactory.java':[
52,
],
'project:com/sun/org/apache/xalan/internal/xsltc/runtime/Operators.java':[
30,
],
'project:com/sun/org/apache/xalan/internal/xsltc/trax/ObjectFactory.java':[
52,
],
'project:com/sun/org/apache/xalan/internal/xsltc/trax/Util.java':[
60,
],
'project:com/sun/org/apache/xerces/internal/dom/ObjectFactory.java':[
47,
],
'project:com/sun/org/apache/xerces/internal/impl/Version.java':[
69,
],
'project:com/sun/org/apache/xerces/internal/impl/dv/ObjectFactory.java':[
47,
],
'project:com/sun/org/apache/xerces/internal/impl/dv/util/Base64.java':[
40,
],
'project:com/sun/org/apache/xerces/internal/impl/dv/util/HexBin.java':[
32,
],
'project:com/sun/org/apache/xerces/internal/impl/xpath/regex/CaseInsensitiveMap.java':[
28,
],
'project:com/sun/org/apache/xerces/internal/impl/xs/SchemaSymbols.java':[
31,
],
'project:com/sun/org/apache/xerces/internal/impl/xs/XSConstraints.java':[
50,
],
'project:com/sun/org/apache/xerces/internal/jaxp/validation/JAXPValidationMessageFormatter.java':[
33,
],
'project:com/sun/org/apache/xerces/internal/jaxp/validation/Util.java':[
36,
],
'project:com/sun/org/apache/xerces/internal/parsers/ObjectFactory.java':[
45,
],
'project:com/sun/org/apache/xerces/internal/util/DatatypeMessageFormatter.java':[
33,
],
'project:com/sun/org/apache/xerces/internal/util/EncodingMap.java':[
950,
],
'project:com/sun/org/apache/xerces/internal/util/SAXMessageFormatter.java':[
33,
],
'project:com/sun/org/apache/xerces/internal/util/XML11Char.java':[
46,
],
'project:com/sun/org/apache/xerces/internal/util/XMLChar.java':[
49,
],
'project:com/sun/org/apache/xerces/internal/util/XMLSymbols.java':[
31,
],
'project:com/sun/org/apache/xerces/internal/xinclude/ObjectFactory.java':[
45,
],
'project:com/sun/org/apache/xml/internal/dtm/Axis.java':[
32,
],
'project:com/sun/org/apache/xml/internal/dtm/ObjectFactory.java':[
52,
],
'project:com/sun/org/apache/xml/internal/dtm/ref/ObjectFactory.java':[
52,
],
'project:com/sun/org/apache/xml/internal/resolver/helpers/Namespaces.java':[
38,
],
'project:com/sun/org/apache/xml/internal/security/Init.java':[
53,
],
'project:com/sun/org/apache/xml/internal/security/algorithms/JCEMapper.java':[
40,
],
'project:com/sun/org/apache/xml/internal/security/c14n/implementations/UtfHelpper.java':[
7,
],
'project:com/sun/org/apache/xml/internal/security/utils/CachedXPathAPIHolder.java':[
29,
],
'project:com/sun/org/apache/xml/internal/security/utils/RFC2253Parser.java':[
33,
],
'project:com/sun/org/apache/xml/internal/security/utils/XPathFuncHereAPI.java':[
58,
],
'project:com/sun/org/apache/xml/internal/serialize/Encodings.java':[
40,
],
'project:com/sun/org/apache/xml/internal/serialize/HTMLdtd.java':[
51,
],
'project:com/sun/org/apache/xml/internal/serialize/LineSeparator.java':[
29,
],
'project:com/sun/org/apache/xml/internal/serialize/Method.java':[
29,
],
'project:com/sun/org/apache/xml/internal/serialize/ObjectFactory.java':[
45,
],
'project:com/sun/org/apache/xml/internal/serialize/OutputFormat.java':[
67,
96,
],
'project:com/sun/org/apache/xml/internal/serializer/ObjectFactory.java':[
51,
],
'project:com/sun/org/apache/xml/internal/serializer/OutputPropertiesFactory.java':[
86,
],
'project:com/sun/org/apache/xml/internal/serializer/OutputPropertyUtils.java':[
37,
],
'project:com/sun/org/apache/xml/internal/serializer/Utils.java':[
30,
37,
],
'project:com/sun/org/apache/xml/internal/serializer/Version.java':[
33,
],
'project:com/sun/org/apache/xml/internal/serializer/utils/MsgKey.java':[
34,
],
'project:com/sun/org/apache/xml/internal/serializer/utils/SystemIDResolver.java':[
47,
],
'project:com/sun/org/apache/xml/internal/serializer/utils/Utils.java':[
35,
],
'project:com/sun/org/apache/xml/internal/utils/Constants.java':[
29,
],
'project:com/sun/org/apache/xml/internal/utils/Hashtree2Node.java':[
44,
],
'project:com/sun/org/apache/xml/internal/utils/LocaleUtility.java':[
33,
],
'project:com/sun/org/apache/xml/internal/utils/ObjectFactory.java':[
52,
],
'project:com/sun/org/apache/xml/internal/utils/StringBufferPool.java':[
31,
],
'project:com/sun/org/apache/xml/internal/utils/SystemIDResolver.java':[
40,
],
'project:com/sun/org/apache/xml/internal/utils/ThreadControllerWrapper.java':[
29,
],
'project:com/sun/org/apache/xml/internal/utils/XML11Char.java':[
42,
],
'project:com/sun/org/apache/xml/internal/utils/XMLChar.java':[
48,
],
'project:com/sun/org/apache/xml/internal/utils/XMLCharacterRecognizer.java':[
30,
],
'project:com/sun/org/apache/xpath/internal/XPathAPI.java':[
54,
],
'project:com/sun/org/apache/xpath/internal/axes/WalkerFactory.java':[
45,
],
'project:com/sun/org/apache/xpath/internal/compiler/Keywords.java':[
31,
],
'project:com/sun/org/apache/xpath/internal/compiler/ObjectFactory.java':[
52,
],
'project:com/sun/org/apache/xpath/internal/compiler/OpCodes.java':[
43,
],
'project:com/sun/org/apache/xpath/internal/compiler/PsuedoNames.java':[
29,
],
'project:com/sun/org/apache/xpath/internal/functions/ObjectFactory.java':[
52,
],
'project:com/sun/org/apache/xpath/internal/objects/XObjectFactory.java':[
33,
],
'project:com/sun/security/jgss/GSSUtil.java':[
36,
],
'project:java/awt/event/NativeLibLoader.java':[
28,
],
'project:java/beans/Beans.java':[
59,
],
'project:java/beans/MetaData.java':[
1276,
],
'project:java/beans/PropertyEditorManager.java':[
53,
],
'project:java/beans/ReflectionUtils.java':[
33,
],
'project:java/io/Bits.java':[
32,
],
'project:java/io/ObjectInputStream.java':[
229,
],
'project:java/io/ObjectOutputStream.java':[
165,
],
'project:java/io/ObjectStreamClass.java':[
84,
],
'project:java/lang/CharacterName.java':[
36,
],
'project:java/lang/ConditionalSpecialCasing.java':[
47,
],
'project:java/lang/Shutdown.java':[
37,
],
'project:java/lang/Terminator.java':[
40,
],
'project:java/lang/Thread.java':[
1637,
],
'project:java/lang/Throwable.java':[
137,
],
'project:java/lang/invoke/MethodHandleImpl.java':[
47,
],
'project:java/lang/reflect/Modifier.java':[
47,
],
'project:java/math/BigDecimal.java':[
2996,
],
'project:java/net/DefaultDatagramSocketImplFactory.java':[
37,
],
'project:java/net/InetAddress.java':[
1532,
],
'project:java/net/URLDecoder.java':[
78,
],
'project:java/nio/channels/spi/AsynchronousChannelProvider.java':[
74,
],
'project:java/nio/file/FileSystems.java':[
89,
],
'project:java/nio/file/Files.java':[
1479,
],
'project:java/nio/file/TempFileHelper.java':[
68,
],
'project:java/text/CollationRules.java':[
49,
],
'project:java/util/Arrays.java':[
386,
],
'project:java/util/Calendar.java':[
2745,
],
'project:java/util/Formatter.java':[
4228,
4342,
],
'project:java/util/TimeZone.java':[
425,
],
'project:java/util/XMLUtils.java':[
45,
],
'project:java/util/prefs/Base64.java':[
36,
],
'project:java/util/prefs/XmlSupport.java':[
45,
],
'project:java/util/regex/ASCII.java':[
35,
],
'project:java/util/regex/Pattern.java':[
5450,
],
'project:javax/management/DefaultLoaderRepository.java':[
52,
],
'project:javax/management/loading/DefaultLoaderRepository.java':[
56,
],
'project:javax/management/relation/RoleStatus.java':[
34,
],
'project:javax/print/ServiceUI.java':[
72,
],
'project:javax/security/auth/Subject.java':[
1399,
],
'project:javax/sql/rowset/spi/SyncFactory.java':[
797,
],
'project:javax/swing/JComponent.java':[
3472,
],
'project:javax/swing/UIManager.java':[
176,
],
'project:javax/swing/plaf/basic/BasicBorders.java':[
46,
],
'project:javax/swing/plaf/basic/BasicGraphicsUtils.java':[
47,
],
'project:javax/swing/plaf/basic/BasicHTML.java':[
46,
],
'project:javax/swing/plaf/basic/BasicIconFactory.java':[
52,
],
'project:javax/swing/plaf/metal/MetalBorders.java':[
50,
],
'project:javax/swing/plaf/metal/MetalIconFactory.java':[
61,
],
'project:javax/swing/plaf/metal/MetalUtils.java':[
43,
],
'project:javax/swing/plaf/nimbus/EffectUtils.java':[
42,
],
'project:javax/swing/text/Utilities.java':[
52,
],
'project:javax/swing/text/html/CSS.java':[
2758,
2900,
3005,
3050,
],
'project:javax/swing/text/html/HTML.java':[
41,
],
'project:javax/swing/text/rtf/Constants.java':[
31,
],
'project:javax/swing/text/rtf/RTFAttributes.java':[
34,
],
'project:javax/xml/bind/ContextFinder.java':[
58,
],
'project:javax/xml/bind/DatatypeConverterImpl.java':[
895,
],
'project:javax/xml/bind/Messages.java':[
34,
],
'project:javax/xml/bind/WhiteSpaceProcessor.java':[
33,
],
'project:javax/xml/bind/helpers/Messages.java':[
34,
],
'project:javax/xml/bind/util/Messages.java':[
34,
],
'project:javax/xml/datatype/FactoryFinder.java':[
46,
],
'project:javax/xml/parsers/FactoryFinder.java':[
46,
],
'project:javax/xml/soap/FactoryFinder.java':[
32,
],
'project:javax/xml/stream/FactoryFinder.java':[
45,
],
'project:javax/xml/transform/FactoryFinder.java':[
46,
],
'project:javax/xml/ws/spi/FactoryFinder.java':[
37,
],
'project:org/omg/CORBA/AnySeqHelper.java':[
50,
],
'project:org/omg/CORBA/BooleanSeqHelper.java':[
50,
],
'project:org/omg/CORBA/CharSeqHelper.java':[
50,
],
'project:org/omg/CORBA/CompletionStatusHelper.java':[
37,
],
'project:org/omg/CORBA/CurrentHelper.java':[
38,
],
'project:org/omg/CORBA/DefinitionKindHelper.java':[
38,
],
'project:org/omg/CORBA/DoubleSeqHelper.java':[
50,
],
'project:org/omg/CORBA/FieldNameHelper.java':[
37,
],
'project:org/omg/CORBA/FloatSeqHelper.java':[
50,
],
'project:org/omg/CORBA/IDLTypeHelper.java':[
38,
],
'project:org/omg/CORBA/IdentifierHelper.java':[
38,
],
'project:org/omg/CORBA/LongLongSeqHelper.java':[
50,
],
'project:org/omg/CORBA/LongSeqHelper.java':[
50,
],
'project:org/omg/CORBA/NameValuePairHelper.java':[
37,
],
'project:org/omg/CORBA/ObjectHelper.java':[
41,
],
'project:org/omg/CORBA/OctetSeqHelper.java':[
50,
],
'project:org/omg/CORBA/ParameterModeHelper.java':[
20,
],
'project:org/omg/CORBA/PolicyErrorCodeHelper.java':[
17,
],
'project:org/omg/CORBA/PolicyErrorHelper.java':[
16,
],
'project:org/omg/CORBA/PolicyHelper.java':[
38,
],
'project:org/omg/CORBA/PolicyListHelper.java':[
38,
],
'project:org/omg/CORBA/PolicyTypeHelper.java':[
40,
],
'project:org/omg/CORBA/RepositoryIdHelper.java':[
39,
],
'project:org/omg/CORBA/ServiceDetailHelper.java':[
35,
],
'project:org/omg/CORBA/ServiceInformationHelper.java':[
35,
],
'project:org/omg/CORBA/SetOverrideTypeHelper.java':[
37,
],
'project:org/omg/CORBA/ShortSeqHelper.java':[
50,
],
'project:org/omg/CORBA/StringSeqHelper.java':[
13,
],
'project:org/omg/CORBA/StructMemberHelper.java':[
38,
],
'project:org/omg/CORBA/ULongLongSeqHelper.java':[
50,
],
'project:org/omg/CORBA/ULongSeqHelper.java':[
50,
],
'project:org/omg/CORBA/UShortSeqHelper.java':[
50,
],
'project:org/omg/CORBA/UnionMemberHelper.java':[
38,
],
'project:org/omg/CORBA/UnknownUserExceptionHelper.java':[
38,
],
'project:org/omg/CORBA/ValueBaseHelper.java':[
43,
],
'project:org/omg/CORBA/ValueMemberHelper.java':[
38,
],
'project:org/omg/CORBA/VersionSpecHelper.java':[
38,
],
'project:org/omg/CORBA/VisibilityHelper.java':[
40,
],
'project:org/omg/CORBA/WCharSeqHelper.java':[
50,
],
'project:org/omg/CORBA/WStringSeqHelper.java':[
13,
],
'project:org/omg/CORBA/WrongTransactionHelper.java':[
37,
],
'project:org/omg/CosNaming/BindingHelper.java':[
11,
],
'project:org/omg/CosNaming/BindingIteratorHelper.java':[
20,
],
'project:org/omg/CosNaming/BindingListHelper.java':[
15,
],
'project:org/omg/CosNaming/BindingTypeHelper.java':[
16,
],
'project:org/omg/CosNaming/IstringHelper.java':[
11,
],
'project:org/omg/CosNaming/NameComponentHelper.java':[
11,
],
'project:org/omg/CosNaming/NameHelper.java':[
15,
],
'project:org/omg/CosNaming/NamingContextExtHelper.java':[
25,
],
'project:org/omg/CosNaming/NamingContextExtPackage/AddressHelper.java':[
15,
],
'project:org/omg/CosNaming/NamingContextExtPackage/InvalidAddressHelper.java':[
11,
],
'project:org/omg/CosNaming/NamingContextExtPackage/StringNameHelper.java':[
16,
],
'project:org/omg/CosNaming/NamingContextExtPackage/URLStringHelper.java':[
16,
],
'project:org/omg/CosNaming/NamingContextHelper.java':[
21,
],
'project:org/omg/CosNaming/NamingContextPackage/AlreadyBoundHelper.java':[
11,
],
'project:org/omg/CosNaming/NamingContextPackage/CannotProceedHelper.java':[
11,
],
'project:org/omg/CosNaming/NamingContextPackage/InvalidNameHelper.java':[
11,
],
'project:org/omg/CosNaming/NamingContextPackage/NotEmptyHelper.java':[
11,
],
'project:org/omg/CosNaming/NamingContextPackage/NotFoundHelper.java':[
11,
],
'project:org/omg/CosNaming/NamingContextPackage/NotFoundReasonHelper.java':[
15,
],
'project:org/omg/DynamicAny/AnySeqHelper.java':[
11,
],
'project:org/omg/DynamicAny/DynAnyFactoryHelper.java':[
33,
],
'project:org/omg/DynamicAny/DynAnyFactoryPackage/InconsistentTypeCodeHelper.java':[
11,
],
'project:org/omg/DynamicAny/DynAnyHelper.java':[
79,
],
'project:org/omg/DynamicAny/DynAnyPackage/InvalidValueHelper.java':[
11,
],
'project:org/omg/DynamicAny/DynAnyPackage/TypeMismatchHelper.java':[
11,
],
'project:org/omg/DynamicAny/DynAnySeqHelper.java':[
11,
],
'project:org/omg/DynamicAny/DynArrayHelper.java':[
17,
],
'project:org/omg/DynamicAny/DynEnumHelper.java':[
16,
],
'project:org/omg/DynamicAny/DynFixedHelper.java':[
17,
],
'project:org/omg/DynamicAny/DynSequenceHelper.java':[
15,
],
'project:org/omg/DynamicAny/DynStructHelper.java':[
16,
],
'project:org/omg/DynamicAny/DynUnionHelper.java':[
22,
],
'project:org/omg/DynamicAny/DynValueHelper.java':[
24,
],
'project:org/omg/DynamicAny/FieldNameHelper.java':[
11,
],
'project:org/omg/DynamicAny/NameDynAnyPairHelper.java':[
11,
],
'project:org/omg/DynamicAny/NameDynAnyPairSeqHelper.java':[
11,
],
'project:org/omg/DynamicAny/NameValuePairHelper.java':[
11,
],
'project:org/omg/DynamicAny/NameValuePairSeqHelper.java':[
11,
],
'project:org/omg/IOP/CodecFactoryHelper.java':[
17,
],
'project:org/omg/IOP/CodecFactoryPackage/UnknownEncodingHelper.java':[
11,
],
'project:org/omg/IOP/CodecPackage/FormatMismatchHelper.java':[
11,
],
'project:org/omg/IOP/CodecPackage/InvalidTypeForEncodingHelper.java':[
11,
],
'project:org/omg/IOP/CodecPackage/TypeMismatchHelper.java':[
11,
],
'project:org/omg/IOP/ComponentIdHelper.java':[
16,
],
'project:org/omg/IOP/IORHelper.java':[
11,
],
'project:org/omg/IOP/MultipleComponentProfileHelper.java':[
13,
],
'project:org/omg/IOP/ProfileIdHelper.java':[
13,
],
'project:org/omg/IOP/ServiceContextHelper.java':[
11,
],
'project:org/omg/IOP/ServiceContextListHelper.java':[
13,
],
'project:org/omg/IOP/ServiceIdHelper.java':[
13,
],
'project:org/omg/IOP/TaggedComponentHelper.java':[
11,
],
'project:org/omg/IOP/TaggedProfileHelper.java':[
11,
],
'project:org/omg/Messaging/SyncScopeHelper.java':[
13,
],
'project:org/omg/PortableInterceptor/AdapterManagerIdHelper.java':[
18,
],
'project:org/omg/PortableInterceptor/AdapterNameHelper.java':[
15,
],
'project:org/omg/PortableInterceptor/AdapterStateHelper.java':[
15,
],
'project:org/omg/PortableInterceptor/CurrentHelper.java':[
29,
],
'project:org/omg/PortableInterceptor/ForwardRequestHelper.java':[
11,
],
'project:org/omg/PortableInterceptor/IORInterceptor_3_0Helper.java':[
11,
],
'project:org/omg/PortableInterceptor/InvalidSlotHelper.java':[
11,
],
'project:org/omg/PortableInterceptor/ORBIdHelper.java':[
13,
],
'project:org/omg/PortableInterceptor/ORBInitInfoPackage/DuplicateNameHelper.java':[
11,
],
'project:org/omg/PortableInterceptor/ORBInitInfoPackage/InvalidNameHelper.java':[
11,
],
'project:org/omg/PortableInterceptor/ORBInitInfoPackage/ObjectIdHelper.java':[
13,
],
'project:org/omg/PortableInterceptor/ObjectIdHelper.java':[
15,
],
'project:org/omg/PortableInterceptor/ObjectReferenceFactoryHelper.java':[
15,
],
'project:org/omg/PortableInterceptor/ObjectReferenceTemplateHelper.java':[
19,
],
'project:org/omg/PortableInterceptor/ObjectReferenceTemplateSeqHelper.java':[
15,
],
'project:org/omg/PortableInterceptor/ServerIdHelper.java':[
13,
],
'project:org/omg/PortableServer/CurrentHelper.java':[
55,
],
'project:org/omg/PortableServer/CurrentPackage/NoContextHelper.java':[
11,
],
'project:org/omg/PortableServer/ForwardRequestHelper.java':[
11,
],
'project:org/omg/PortableServer/POAHelper.java':[
46,
],
'project:org/omg/PortableServer/POAManagerPackage/AdapterInactiveHelper.java':[
11,
],
'project:org/omg/PortableServer/POAPackage/AdapterAlreadyExistsHelper.java':[
11,
],
'project:org/omg/PortableServer/POAPackage/AdapterNonExistentHelper.java':[
11,
],
'project:org/omg/PortableServer/POAPackage/InvalidPolicyHelper.java':[
11,
],
'project:org/omg/PortableServer/POAPackage/NoServantHelper.java':[
11,
],
'project:org/omg/PortableServer/POAPackage/ObjectAlreadyActiveHelper.java':[
11,
],
'project:org/omg/PortableServer/POAPackage/ObjectNotActiveHelper.java':[
11,
],
'project:org/omg/PortableServer/POAPackage/ServantAlreadyActiveHelper.java':[
11,
],
'project:org/omg/PortableServer/POAPackage/ServantNotActiveHelper.java':[
11,
],
'project:org/omg/PortableServer/POAPackage/WrongAdapterHelper.java':[
11,
],
'project:org/omg/PortableServer/POAPackage/WrongPolicyHelper.java':[
11,
],
'project:org/omg/PortableServer/ServantActivatorHelper.java':[
16,
],
'project:org/omg/PortableServer/ServantLocatorHelper.java':[
30,
],
'project:org/xml/sax/helpers/NewInstance.java':[
58,
],
}
