{
'project:com/sun/corba/se/PortableActivationIDL/_ActivatorImplBase.java':[
40,
],
'project:com/sun/corba/se/PortableActivationIDL/_LocatorImplBase.java':[
32,
],
'project:com/sun/corba/se/PortableActivationIDL/_RepositoryImplBase.java':[
37,
],
'project:com/sun/corba/se/PortableActivationIDL/_ServerManagerImplBase.java':[
49,
],
'project:com/sun/corba/se/impl/corba/AnyImpl.java':[
367,
],
'project:com/sun/corba/se/impl/corba/TCUtility.java':[
64,
192,
],
'project:com/sun/corba/se/impl/corba/TypeCodeImpl.java':[
704,
897,
1359,
1650,
1930,
],
'project:com/sun/corba/se/impl/dynamicany/DynAnyUtil.java':[
143,
],
'project:com/sun/corba/se/impl/encoding/CDRInputStream_1_0.java':[
959,
],
'project:com/sun/corba/se/impl/io/IIOPInputStream.java':[
996,
1325,
2279,
2421,
],
'project:com/sun/corba/se/impl/io/ObjectStreamClass.java':[
396,
688,
1084,
],
'project:com/sun/corba/se/impl/io/ValueHandlerImpl.java':[
474,
597,
],
'project:com/sun/corba/se/impl/javax/rmi/CORBA/Util.java':[
171,
],
'project:com/sun/corba/se/impl/naming/cosnaming/TransientNameServer.java':[
106,
],
'project:com/sun/corba/se/impl/oa/poa/POAImpl.java':[
816,
],
'project:com/sun/corba/se/impl/oa/poa/POAPolicyMediatorImpl_R_USM.java':[
99,
],
'project:com/sun/corba/se/impl/orb/ORBConfiguratorImpl.java':[
241,
516,
],
'project:com/sun/corba/se/impl/orb/ORBImpl.java':[
340,
],
'project:com/sun/corba/se/impl/orb/ParserTable.java':[
112,
],
'project:com/sun/corba/se/impl/orbutil/ObjectStreamClassUtil_1_3.java':[
179,
],
'project:com/sun/corba/se/impl/orbutil/ObjectStreamClass_1_3_1.java':[
376,
493,
807,
],
'project:com/sun/corba/se/impl/presentation/rmi/IDLNameTranslatorImpl.java':[
224,
],
'project:com/sun/corba/se/impl/protocol/CorbaClientRequestDispatcherImpl.java':[
127,
426,
],
'project:com/sun/corba/se/impl/protocol/CorbaMessageMediatorImpl.java':[
1440,
],
'project:com/sun/corba/se/impl/protocol/CorbaServerRequestDispatcherImpl.java':[
161,
486,
],
'project:com/sun/corba/se/impl/protocol/giopmsgheaders/MessageBase.java':[
121,
],
'project:com/sun/corba/se/impl/util/Utility.java':[
588,
],
'project:com/sun/corba/se/spi/activation/_ActivatorImplBase.java':[
36,
],
'project:com/sun/corba/se/spi/activation/_RepositoryImplBase.java':[
37,
],
'project:com/sun/corba/se/spi/activation/_ServerManagerImplBase.java':[
40,
],
'project:com/sun/imageio/plugins/bmp/BMPImageReader.java':[
208,
694,
1509,
1639,
],
'project:com/sun/imageio/plugins/bmp/BMPImageWriter.java':[
155,
765,
958,
1078,
],
'project:com/sun/imageio/plugins/bmp/BMPMetadataFormat.java':[
37,
],
'project:com/sun/imageio/plugins/common/ImageUtil.java':[
139,
260,
528,
],
'project:com/sun/imageio/plugins/common/StandardMetadataFormat.java':[
43,
],
'project:com/sun/imageio/plugins/common/StandardMetadataFormatResources.java':[
34,
],
'project:com/sun/imageio/plugins/gif/GIFImageMetadata.java':[
142,
],
'project:com/sun/imageio/plugins/gif/GIFImageMetadataFormat.java':[
37,
],
'project:com/sun/imageio/plugins/gif/GIFImageReader.java':[
621,
825,
],
'project:com/sun/imageio/plugins/gif/GIFImageWriter.java':[
576,
877,
],
'project:com/sun/imageio/plugins/gif/GIFWritableImageMetadata.java':[
105,
],
'project:com/sun/imageio/plugins/jpeg/JPEGImageMetadataFormat.java':[
43,
],
'project:com/sun/imageio/plugins/jpeg/JPEGImageReader.java':[
808,
985,
],
'project:com/sun/imageio/plugins/jpeg/JPEGImageWriter.java':[
365,
],
'project:com/sun/imageio/plugins/jpeg/JPEGMetadata.java':[
150,
404,
807,
1553,
],
'project:com/sun/imageio/plugins/png/PNGImageReader.java':[
649,
932,
1349,
],
'project:com/sun/imageio/plugins/png/PNGImageWriter.java':[
765,
1023,
],
'project:com/sun/imageio/plugins/png/PNGMetadata.java':[
262,
468,
1246,
1738,
],
'project:com/sun/imageio/plugins/png/PNGMetadataFormat.java':[
51,
],
'project:com/sun/imageio/plugins/png/PNGMetadataFormatResources.java':[
34,
],
'project:com/sun/imageio/plugins/png/RowFilter.java':[
91,
],
'project:com/sun/imageio/plugins/wbmp/WBMPImageReader.java':[
185,
],
'project:com/sun/imageio/plugins/wbmp/WBMPImageWriter.java':[
140,
],
'project:com/sun/java/swing/plaf/gtk/GTKFileChooserUI.java':[
502,
],
'project:com/sun/java/swing/plaf/gtk/GTKLookAndFeel.java':[
334,
],
'project:com/sun/java/swing/plaf/gtk/GTKStyle.java':[
746,
],
'project:com/sun/java/swing/plaf/gtk/Metacity.java':[
335,
],
'project:com/sun/java/swing/plaf/gtk/PangoFonts.java':[
82,
],
'project:com/sun/java/swing/plaf/motif/MotifFileChooserUI.java':[
280,
],
'project:com/sun/java/swing/plaf/motif/MotifGraphicsUtils.java':[
150,
],
'project:com/sun/java/swing/plaf/motif/MotifLookAndFeel.java':[
186,
],
'project:com/sun/java/swing/plaf/motif/MotifScrollBarButton.java':[
99,
],
'project:com/sun/java/swing/plaf/windows/TMSchema.java':[
303,
],
'project:com/sun/java/swing/plaf/windows/WindowsFileChooserUI.java':[
204,
],
'project:com/sun/java/swing/plaf/windows/WindowsLookAndFeel.java':[
294,
1591,
1756,
],
'project:com/sun/java_cup/internal/runtime/lr_parser.java':[
534,
721,
],
'project:com/sun/jmx/mbeanserver/DefaultMXBeanMappingFactory.java':[
1137,
],
'project:com/sun/jmx/remote/internal/ArrayNotificationBuffer.java':[
304,
],
'project:com/sun/jmx/snmp/IPAcl/ParserTokenManager.java':[
33,
755,
],
'project:com/sun/jmx/snmp/SnmpMsg.java':[
340,
],
'project:com/sun/jmx/snmp/agent/SnmpMib.java':[
793,
],
'project:com/sun/jmx/snmp/agent/SnmpMibGroup.java':[
390,
],
'project:com/sun/jmx/snmp/agent/SnmpMibOid.java':[
302,
],
'project:com/sun/jmx/snmp/agent/SnmpMibTable.java':[
1916,
],
'project:com/sun/jmx/snmp/daemon/CommunicatorServer.java':[
757,
],
'project:com/sun/jmx/snmp/daemon/SnmpRequestHandler.java':[
241,
],
'project:com/sun/org/apache/bcel/internal/classfile/Utility.java':[
199,
],
'project:com/sun/org/apache/bcel/internal/generic/InstructionConstants.java':[
219,
],
'project:com/sun/org/apache/bcel/internal/util/AttributeHTML.java':[
103,
],
'project:com/sun/org/apache/bcel/internal/util/CodeHTML.java':[
108,
409,
],
'project:com/sun/org/apache/bcel/internal/util/ConstantHTML.java':[
115,
],
'project:com/sun/org/apache/regexp/internal/RE.java':[
807,
],
'project:com/sun/org/apache/regexp/internal/RECompiler.java':[
393,
517,
737,
938,
],
'project:com/sun/org/apache/regexp/internal/RETest.java':[
301,
],
'project:com/sun/org/apache/xalan/internal/lib/ExsltDatetime.java':[
959,
],
'project:com/sun/org/apache/xalan/internal/lib/ObjectFactory.java':[
262,
],
'project:com/sun/org/apache/xalan/internal/xslt/ObjectFactory.java':[
262,
],
'project:com/sun/org/apache/xalan/internal/xslt/Process.java':[
163,
],
'project:com/sun/org/apache/xalan/internal/xsltc/cmdline/ObjectFactory.java':[
262,
],
'project:com/sun/org/apache/xalan/internal/xsltc/cmdline/Transform.java':[
98,
],
'project:com/sun/org/apache/xalan/internal/xsltc/compiler/AttributeValueTemplate.java':[
76,
],
'project:com/sun/org/apache/xalan/internal/xsltc/compiler/Choose.java':[
62,
],
'project:com/sun/org/apache/xalan/internal/xsltc/compiler/DecimalFormatting.java':[
91,
],
'project:com/sun/org/apache/xalan/internal/xsltc/compiler/EqualityExpr.java':[
225,
],
'project:com/sun/org/apache/xalan/internal/xsltc/compiler/FunctionCall.java':[
506,
703,
],
'project:com/sun/org/apache/xalan/internal/xsltc/compiler/Message.java':[
58,
],
'project:com/sun/org/apache/xalan/internal/xsltc/compiler/Mode.java':[
743,
1079,
],
'project:com/sun/org/apache/xalan/internal/xsltc/compiler/Number.java':[
381,
],
'project:com/sun/org/apache/xalan/internal/xsltc/compiler/ObjectFactory.java':[
262,
],
'project:com/sun/org/apache/xalan/internal/xsltc/compiler/Output.java':[
144,
],
'project:com/sun/org/apache/xalan/internal/xsltc/compiler/Parser.java':[
724,
],
'project:com/sun/org/apache/xalan/internal/xsltc/compiler/RelationalExpr.java':[
99,
],
'project:com/sun/org/apache/xalan/internal/xsltc/compiler/Sort.java':[
315,
457,
],
'project:com/sun/org/apache/xalan/internal/xsltc/compiler/Step.java':[
242,
370,
],
'project:com/sun/org/apache/xalan/internal/xsltc/compiler/Stylesheet.java':[
749,
978,
1203,
],
'project:com/sun/org/apache/xalan/internal/xsltc/compiler/SyntaxTreeNode.java':[
628,
],
'project:com/sun/org/apache/xalan/internal/xsltc/compiler/XPathLexer.java':[
755,
],
'project:com/sun/org/apache/xalan/internal/xsltc/compiler/XPathParser.java':[
1127,
],
'project:com/sun/org/apache/xalan/internal/xsltc/compiler/util/ObjectFactory.java':[
262,
],
'project:com/sun/org/apache/xalan/internal/xsltc/dom/ObjectFactory.java':[
262,
],
'project:com/sun/org/apache/xalan/internal/xsltc/dom/XSLTCDTMManager.java':[
276,
],
'project:com/sun/org/apache/xalan/internal/xsltc/runtime/BasisLibrary.java':[
725,
],
'project:com/sun/org/apache/xalan/internal/xsltc/runtime/ObjectFactory.java':[
262,
],
'project:com/sun/org/apache/xalan/internal/xsltc/runtime/output/TransletOutputHandlerFactory.java':[
144,
],
'project:com/sun/org/apache/xalan/internal/xsltc/trax/DOM2SAX.java':[
176,
],
'project:com/sun/org/apache/xalan/internal/xsltc/trax/DOM2TO.java':[
109,
],
'project:com/sun/org/apache/xalan/internal/xsltc/trax/ObjectFactory.java':[
262,
],
'project:com/sun/org/apache/xalan/internal/xsltc/trax/StAXEvent2SAX.java':[
140,
],
'project:com/sun/org/apache/xalan/internal/xsltc/trax/TransformerFactoryImpl.java':[
694,
1116,
],
'project:com/sun/org/apache/xalan/internal/xsltc/trax/TransformerImpl.java':[
343,
572,
],
'project:com/sun/org/apache/xalan/internal/xsltc/trax/Util.java':[
82,
],
'project:com/sun/org/apache/xerces/internal/dom/AttrImpl.java':[
715,
],
'project:com/sun/org/apache/xerces/internal/dom/CoreDocumentImpl.java':[
973,
1519,
1764,
],
'project:com/sun/org/apache/xerces/internal/dom/DOMConfigurationImpl.java':[
233,
545,
],
'project:com/sun/org/apache/xerces/internal/dom/DOMNormalizer.java':[
271,
733,
],
'project:com/sun/org/apache/xerces/internal/dom/DeferredDocumentImpl.java':[
947,
1401,
],
'project:com/sun/org/apache/xerces/internal/dom/DocumentImpl.java':[
658,
],
'project:com/sun/org/apache/xerces/internal/dom/NodeImpl.java':[
767,
972,
],
'project:com/sun/org/apache/xerces/internal/dom/ObjectFactory.java':[
131,
],
'project:com/sun/org/apache/xerces/internal/dom/ParentNode.java':[
297,
],
'project:com/sun/org/apache/xerces/internal/dom/RangeImpl.java':[
480,
],
'project:com/sun/org/apache/xerces/internal/impl/XML11DocumentScannerImpl.java':[
199,
],
'project:com/sun/org/apache/xerces/internal/impl/XML11EntityScanner.java':[
294,
448,
609,
819,
961,
1107,
1368,
],
'project:com/sun/org/apache/xerces/internal/impl/XML11NSDocumentScannerImpl.java':[
173,
399,
607,
],
'project:com/sun/org/apache/xerces/internal/impl/XMLDTDScannerImpl.java':[
1002,
1142,
1435,
1615,
1800,
],
'project:com/sun/org/apache/xerces/internal/impl/XMLDocumentFragmentScannerImpl.java':[
1202,
2634,
],
'project:com/sun/org/apache/xerces/internal/impl/XMLDocumentScannerImpl.java':[
829,
1075,
1342,
],
'project:com/sun/org/apache/xerces/internal/impl/XMLEntityManager.java':[
604,
1111,
1949,
],
'project:com/sun/org/apache/xerces/internal/impl/XMLEntityScanner.java':[
767,
909,
1062,
1234,
1810,
],
'project:com/sun/org/apache/xerces/internal/impl/XMLNSDocumentScannerImpl.java':[
156,
406,
],
'project:com/sun/org/apache/xerces/internal/impl/XMLNamespaceBinder.java':[
707,
],
'project:com/sun/org/apache/xerces/internal/impl/XMLScanner.java':[
389,
763,
1182,
],
'project:com/sun/org/apache/xerces/internal/impl/dtd/DTDGrammar.java':[
607,
1513,
2085,
],
'project:com/sun/org/apache/xerces/internal/impl/dtd/XML11NSDTDValidator.java':[
111,
],
'project:com/sun/org/apache/xerces/internal/impl/dtd/XMLDTDProcessor.java':[
872,
],
'project:com/sun/org/apache/xerces/internal/impl/dtd/XMLDTDValidator.java':[
1110,
1346,
1846,
],
'project:com/sun/org/apache/xerces/internal/impl/dtd/XMLNSDTDValidator.java':[
113,
],
'project:com/sun/org/apache/xerces/internal/impl/dtd/models/DFAContentModel.java':[
291,
431,
],
'project:com/sun/org/apache/xerces/internal/impl/dtd/models/SimpleContentModel.java':[
191,
],
'project:com/sun/org/apache/xerces/internal/impl/dv/ObjectFactory.java':[
131,
],
'project:com/sun/org/apache/xerces/internal/impl/dv/xs/BaseDVFactory.java':[
130,
],
'project:com/sun/org/apache/xerces/internal/impl/dv/xs/BaseSchemaDVFactory.java':[
50,
],
'project:com/sun/org/apache/xerces/internal/impl/dv/xs/DurationDV.java':[
74,
],
'project:com/sun/org/apache/xerces/internal/impl/dv/xs/XSSimpleTypeDecl.java':[
779,
1638,
1822,
3034,
],
'project:com/sun/org/apache/xerces/internal/impl/io/UTF8Reader.java':[
145,
282,
],
'project:com/sun/org/apache/xerces/internal/impl/xpath/XPath.java':[
149,
1029,
1329,
],
'project:com/sun/org/apache/xerces/internal/impl/xpath/regex/ParserForXMLSchema.java':[
172,
],
'project:com/sun/org/apache/xerces/internal/impl/xpath/regex/RegexParser.java':[
163,
878,
],
'project:com/sun/org/apache/xerces/internal/impl/xpath/regex/RegularExpression.java':[
510,
706,
891,
1045,
1566,
],
'project:com/sun/org/apache/xerces/internal/impl/xpath/regex/Token.java':[
388,
735,
],
'project:com/sun/org/apache/xerces/internal/impl/xs/SchemaGrammar.java':[
275,
496,
],
'project:com/sun/org/apache/xerces/internal/impl/xs/XMLSchemaLoader.java':[
717,
],
'project:com/sun/org/apache/xerces/internal/impl/xs/XMLSchemaValidator.java':[
1286,
1718,
2083,
2593,
2778,
2983,
],
'project:com/sun/org/apache/xerces/internal/impl/xs/XSAttributeGroupDecl.java':[
172,
],
'project:com/sun/org/apache/xerces/internal/impl/xs/XSConstraints.java':[
359,
613,
],
'project:com/sun/org/apache/xerces/internal/impl/xs/XSWildcardDecl.java':[
187,
],
'project:com/sun/org/apache/xerces/internal/impl/xs/identity/XPathMatcher.java':[
208,
],
'project:com/sun/org/apache/xerces/internal/impl/xs/models/XSDFACM.java':[
276,
498,
],
'project:com/sun/org/apache/xerces/internal/impl/xs/traversers/XSAttributeChecker.java':[
979,
1222,
],
'project:com/sun/org/apache/xerces/internal/impl/xs/traversers/XSDAbstractIDConstraintTraverser.java':[
49,
],
'project:com/sun/org/apache/xerces/internal/impl/xs/traversers/XSDAbstractParticleTraverser.java':[
201,
],
'project:com/sun/org/apache/xerces/internal/impl/xs/traversers/XSDAbstractTraverser.java':[
281,
604,
],
'project:com/sun/org/apache/xerces/internal/impl/xs/traversers/XSDAttributeTraverser.java':[
74,
240,
],
'project:com/sun/org/apache/xerces/internal/impl/xs/traversers/XSDComplexTypeTraverser.java':[
233,
359,
689,
1020,
],
'project:com/sun/org/apache/xerces/internal/impl/xs/traversers/XSDElementTraverser.java':[
263,
],
'project:com/sun/org/apache/xerces/internal/impl/xs/traversers/XSDGroupTraverser.java':[
146,
],
'project:com/sun/org/apache/xerces/internal/impl/xs/traversers/XSDHandler.java':[
493,
763,
1204,
1352,
1632,
2180,
3779,
],
'project:com/sun/org/apache/xerces/internal/impl/xs/traversers/XSDSimpleTypeTraverser.java':[
192,
],
'project:com/sun/org/apache/xerces/internal/jaxp/datatype/DurationImpl.java':[
723,
],
'project:com/sun/org/apache/xerces/internal/jaxp/datatype/XMLGregorianCalendarImpl.java':[
2016,
2498,
2904,
],
'project:com/sun/org/apache/xerces/internal/parsers/AbstractDOMParser.java':[
929,
1292,
1516,
2374,
],
'project:com/sun/org/apache/xerces/internal/parsers/AbstractSAXParser.java':[
1511,
1699,
1857,
],
'project:com/sun/org/apache/xerces/internal/parsers/DOMParserImpl.java':[
356,
644,
],
'project:com/sun/org/apache/xerces/internal/parsers/DTDConfiguration.java':[
291,
],
'project:com/sun/org/apache/xerces/internal/parsers/ObjectFactory.java':[
129,
],
'project:com/sun/org/apache/xerces/internal/parsers/XML11Configuration.java':[
444,
],
'project:com/sun/org/apache/xerces/internal/parsers/XML11DTDConfiguration.java':[
380,
],
'project:com/sun/org/apache/xerces/internal/parsers/XML11NonValidatingConfiguration.java':[
319,
],
'project:com/sun/org/apache/xerces/internal/util/URI.java':[
491,
714,
1066,
],
'project:com/sun/org/apache/xerces/internal/util/XMLAttributesImpl.java':[
222,
],
'project:com/sun/org/apache/xerces/internal/xinclude/ObjectFactory.java':[
129,
],
'project:com/sun/org/apache/xerces/internal/xinclude/XIncludeHandler.java':[
377,
1431,
1923,
],
'project:com/sun/org/apache/xerces/internal/xinclude/XIncludeTextReader.java':[
104,
],
'project:com/sun/org/apache/xerces/internal/xpointer/XPointerHandler.java':[
129,
675,
],
'project:com/sun/org/apache/xml/internal/dtm/ObjectFactory.java':[
262,
],
'project:com/sun/org/apache/xml/internal/dtm/ref/DTMDefaultBase.java':[
640,
],
'project:com/sun/org/apache/xml/internal/dtm/ref/DTMManagerDefault.java':[
241,
],
'project:com/sun/org/apache/xml/internal/dtm/ref/DTMTreeWalker.java':[
218,
],
'project:com/sun/org/apache/xml/internal/dtm/ref/ObjectFactory.java':[
262,
],
'project:com/sun/org/apache/xml/internal/dtm/ref/dom2dtm/DOM2DTM.java':[
185,
329,
],
'project:com/sun/org/apache/xml/internal/dtm/ref/sax2dtm/SAX2DTM.java':[
1864,
],
'project:com/sun/org/apache/xml/internal/dtm/ref/sax2dtm/SAX2DTM2.java':[
2086,
],
'project:com/sun/org/apache/xml/internal/resolver/Catalog.java':[
900,
1716,
1879,
],
'project:com/sun/org/apache/xml/internal/resolver/readers/OASISXMLCatalogReader.java':[
135,
],
'project:com/sun/org/apache/xml/internal/security/Init.java':[
78,
],
'project:com/sun/org/apache/xml/internal/security/c14n/implementations/Canonicalizer11.java':[
521,
],
'project:com/sun/org/apache/xml/internal/security/c14n/implementations/Canonicalizer20010315Excl.java':[
226,
],
'project:com/sun/org/apache/xml/internal/security/c14n/implementations/CanonicalizerBase.java':[
386,
],
'project:com/sun/org/apache/xml/internal/security/encryption/XMLCipher.java':[
1018,
],
'project:com/sun/org/apache/xml/internal/security/signature/Manifest.java':[
278,
],
'project:com/sun/org/apache/xml/internal/security/signature/XMLSignatureInputDebugger.java':[
214,
],
'project:com/sun/org/apache/xml/internal/security/transforms/implementations/TransformXSLT.java':[
103,
],
'project:com/sun/org/apache/xml/internal/security/utils/Base64.java':[
375,
],
'project:com/sun/org/apache/xml/internal/security/utils/resolver/implementations/ResolverDirectHTTP.java':[
108,
],
'project:com/sun/org/apache/xml/internal/serialize/BaseMarkupSerializer.java':[
1016,
],
'project:com/sun/org/apache/xml/internal/serialize/DOMSerializerImpl.java':[
158,
686,
886,
1077,
],
'project:com/sun/org/apache/xml/internal/serialize/HTMLSerializer.java':[
198,
479,
702,
],
'project:com/sun/org/apache/xml/internal/serialize/ObjectFactory.java':[
129,
],
'project:com/sun/org/apache/xml/internal/serialize/XMLSerializer.java':[
219,
635,
],
'project:com/sun/org/apache/xml/internal/serializer/CharInfo.java':[
166,
],
'project:com/sun/org/apache/xml/internal/serializer/Encodings.java':[
307,
],
'project:com/sun/org/apache/xml/internal/serializer/ObjectFactory.java':[
261,
],
'project:com/sun/org/apache/xml/internal/serializer/OutputPropertiesFactory.java':[
351,
],
'project:com/sun/org/apache/xml/internal/serializer/ToHTMLStream.java':[
71,
762,
893,
1111,
1349,
],
'project:com/sun/org/apache/xml/internal/serializer/ToStream.java':[
459,
1372,
2787,
],
'project:com/sun/org/apache/xml/internal/serializer/TreeWalker.java':[
261,
],
'project:com/sun/org/apache/xml/internal/serializer/WriterToUTF8Buffered.java':[
183,
320,
],
'project:com/sun/org/apache/xml/internal/serializer/utils/SerializerMessages.java':[
73,
],
'project:com/sun/org/apache/xml/internal/serializer/utils/SerializerMessages_ca.java':[
29,
],
'project:com/sun/org/apache/xml/internal/serializer/utils/URI.java':[
372,
729,
],
'project:com/sun/org/apache/xml/internal/utils/DOMHelper.java':[
200,
358,
617,
],
'project:com/sun/org/apache/xml/internal/utils/ObjectFactory.java':[
257,
],
'project:com/sun/org/apache/xml/internal/utils/StylesheetPIHandler.java':[
144,
],
'project:com/sun/org/apache/xml/internal/utils/TreeWalker.java':[
277,
],
'project:com/sun/org/apache/xml/internal/utils/URI.java':[
369,
749,
],
'project:com/sun/org/apache/xpath/internal/axes/WalkerFactory.java':[
163,
668,
824,
983,
1169,
],
'project:com/sun/org/apache/xpath/internal/compiler/Compiler.java':[
826,
],
'project:com/sun/org/apache/xpath/internal/compiler/Lexer.java':[
113,
],
'project:com/sun/org/apache/xpath/internal/compiler/XPathParser.java':[
2295,
],
'project:com/sun/org/apache/xpath/internal/functions/ObjectFactory.java':[
262,
],
'project:com/sun/org/apache/xpath/internal/objects/XNodeSet.java':[
476,
],
'project:com/sun/security/auth/PolicyParser.java':[
326,
],
'project:com/sun/security/auth/callback/DialogCallbackHandler.java':[
100,
],
'project:com/sun/security/auth/login/ConfigFile.java':[
143,
],
'project:com/sun/security/auth/module/JndiLoginModule.java':[
503,
],
'project:com/sun/security/auth/module/KeyStoreLoginModule.java':[
590,
],
'project:com/sun/security/auth/module/Krb5LoginModule.java':[
604,
],
'project:com/sun/security/auth/module/LdapLoginModule.java':[
740,
],
'project:java/awt/AWTEvent.java':[
454,
],
'project:java/awt/Component.java':[
4690,
8676,
],
'project:java/awt/DefaultKeyboardFocusManager.java':[
276,
],
'project:java/awt/GradientPaintContext.java':[
93,
],
'project:java/awt/GridBagLayout.java':[
982,
1617,
1777,
2036,
],
'project:java/awt/KeyboardFocusManager.java':[
2325,
],
'project:java/awt/RadialGradientPaintContext.java':[
190,
334,
],
'project:java/awt/WaitDispatchSupport.java':[
167,
],
'project:java/awt/color/ICC_Profile.java':[
1657,
],
'project:java/awt/datatransfer/MimeTypeParameterList.java':[
114,
],
'project:java/awt/datatransfer/SystemFlavorMap.java':[
286,
806,
],
'project:java/awt/event/KeyEvent.java':[
1160,
],
'project:java/awt/font/TextJustifier.java':[
87,
],
'project:java/awt/font/TextLayout.java':[
1638,
],
'project:java/awt/font/TextLine.java':[
145,
],
'project:java/awt/geom/AffineTransform.java':[
879,
2227,
2435,
2746,
3528,
],
'project:java/awt/geom/FlatteningPathIterator.java':[
197,
],
'project:java/awt/geom/Path2D.java':[
2464,
],
'project:java/awt/geom/QuadCurve2D.java':[
1124,
],
'project:java/awt/image/BandedSampleModel.java':[
256,
],
'project:java/awt/image/BufferedImage.java':[
319,
625,
],
'project:java/awt/image/ColorConvertOp.java':[
470,
753,
945,
],
'project:java/awt/image/ComponentColorModel.java':[
480,
778,
1185,
2112,
2451,
],
'project:java/awt/image/ComponentSampleModel.java':[
589,
],
'project:java/awt/image/DirectColorModel.java':[
758,
1178,
],
'project:java/awt/image/IndexColorModel.java':[
877,
],
'project:java/awt/image/LookupOp.java':[
125,
],
'project:java/awt/image/RescaleOp.java':[
326,
463,
],
'project:java/awt/image/SampleModel.java':[
354,
584,
],
'project:java/beans/Beans.java':[
154,
],
'project:java/beans/DefaultPersistenceDelegate.java':[
221,
],
'project:java/beans/Introspector.java':[
444,
621,
880,
],
'project:java/beans/Statement.java':[
196,
],
'project:java/io/FilePermission.java':[
430,
],
'project:java/io/ObjectStreamClass.java':[
1653,
],
'project:java/io/StreamTokenizer.java':[
525,
],
'project:java/lang/CharacterData00.java':[
133,
240,
],
'project:java/lang/CharacterData01.java':[
200,
],
'project:java/lang/invoke/MethodHandleImpl.java':[
531,
],
'project:java/lang/reflect/Proxy.java':[
348,
],
'project:java/math/BigDecimal.java':[
380,
],
'project:java/math/BigInteger.java':[
1642,
],
'project:java/math/MutableBigInteger.java':[
954,
],
'project:java/net/SocketPermission.java':[
470,
],
'project:java/net/SocksSocketImpl.java':[
144,
326,
650,
918,
],
'project:java/net/URL.java':[
505,
],
'project:java/net/URLConnection.java':[
1420,
1584,
],
'project:java/net/URLStreamHandler.java':[
125,
],
'project:java/nio/file/FileTreeWalker.java':[
87,
],
'project:java/security/Security.java':[
75,
],
'project:java/text/BreakDictionary.java':[
144,
],
'project:java/text/DecimalFormat.java':[
867,
1260,
1407,
2336,
],
'project:java/text/DictionaryBasedBreakIterator.java':[
333,
],
'project:java/text/MessageFormat.java':[
1227,
1408,
],
'project:java/text/RuleBasedCollator.java':[
349,
566,
],
'project:java/text/SimpleDateFormat.java':[
750,
1074,
1375,
1752,
],
'project:java/util/Calendar.java':[
1717,
],
'project:java/util/ComparableTimSort.java':[
618,
735,
],
'project:java/util/Date.java':[
452,
],
'project:java/util/DualPivotQuicksort.java':[
201,
641,
1113,
1585,
2162,
2689,
],
'project:java/util/Formatter.java':[
3209,
3523,
3830,
],
'project:java/util/GregorianCalendar.java':[
879,
1125,
1673,
2268,
2569,
2782,
],
'project:java/util/JapaneseImperialCalendar.java':[
357,
509,
1288,
1602,
1854,
2000,
],
'project:java/util/Properties.java':[
421,
],
'project:java/util/TimSort.java':[
650,
767,
],
'project:java/util/concurrent/ConcurrentLinkedDeque.java':[
422,
],
'project:java/util/logging/XMLFormatter.java':[
104,
],
'project:java/util/regex/Pattern.java':[
2007,
2262,
2757,
],
'project:javax/accessibility/AccessibleResourceBundle.java':[
46,
],
'project:javax/imageio/ImageTypeSpecifier.java':[
1123,
],
'project:javax/management/MBeanPermission.java':[
490,
613,
1026,
],
'project:javax/management/ObjectName.java':[
417,
],
'project:javax/management/loading/MLet.java':[
481,
],
'project:javax/management/loading/MLetParser.java':[
154,
],
'project:javax/management/modelmbean/ModelMBeanInfoSupport.java':[
369,
606,
],
'project:javax/management/modelmbean/RequiredModelMBean.java':[
469,
691,
901,
1414,
1796,
2559,
],
'project:javax/management/monitor/Monitor.java':[
1122,
],
'project:javax/management/openmbean/OpenMBeanAttributeInfoSupport.java':[
452,
],
'project:javax/management/relation/RelationService.java':[
650,
1331,
1477,
2993,
3180,
3317,
3519,
3649,
],
'project:javax/management/relation/RelationSupport.java':[
774,
1078,
],
'project:javax/management/remote/rmi/RMIConnectionImpl.java':[
1397,
],
'project:javax/management/remote/rmi/RMIConnector.java':[
246,
],
'project:javax/management/remote/rmi/RMIConnectorServer.java':[
342,
],
'project:javax/management/timer/Timer.java':[
425,
],
'project:javax/naming/NameImpl.java':[
101,
338,
],
'project:javax/print/MimeType.java':[
347,
544,
],
'project:javax/print/attribute/SetOfIntegerSyntax.java':[
112,
],
'project:javax/security/auth/PrivateCredentialPermission.java':[
326,
],
'project:javax/security/auth/SubjectDomainCombiner.java':[
157,
298,
],
'project:javax/security/auth/login/LoginContext.java':[
730,
],
'project:javax/swing/DefaultDesktopManager.java':[
637,
],
'project:javax/swing/JComponent.java':[
797,
5012,
],
'project:javax/swing/JList.java':[
2491,
2636,
],
'project:javax/swing/JMenu.java':[
373,
],
'project:javax/swing/JSlider.java':[
923,
],
'project:javax/swing/JTable.java':[
1525,
6206,
7097,
],
'project:javax/swing/JViewport.java':[
679,
],
'project:javax/swing/LayoutComparator.java':[
54,
],
'project:javax/swing/MenuSelectionManager.java':[
206,
],
'project:javax/swing/ScrollPaneLayout.java':[
470,
694,
],
'project:javax/swing/SwingUtilities.java':[
534,
954,
],
'project:javax/swing/TablePrintable.java':[
207,
],
'project:javax/swing/ToolTipManager.java':[
220,
],
'project:javax/swing/border/TitledBorder.java':[
236,
],
'project:javax/swing/colorchooser/DefaultSwatchChooserPanel.java':[
366,
],
'project:javax/swing/plaf/basic/BasicComboBoxUI.java':[
1480,
],
'project:javax/swing/plaf/basic/BasicDesktopPaneUI.java':[
345,
],
'project:javax/swing/plaf/basic/BasicDirectoryModel.java':[
232,
],
'project:javax/swing/plaf/basic/BasicFileChooserUI.java':[
824,
1007,
],
'project:javax/swing/plaf/basic/BasicInternalFrameUI.java':[
700,
823,
],
'project:javax/swing/plaf/basic/BasicListUI.java':[
342,
1835,
2029,
],
'project:javax/swing/plaf/basic/BasicLookAndFeel.java':[
450,
],
'project:javax/swing/plaf/basic/BasicScrollBarUI.java':[
741,
],
'project:javax/swing/plaf/basic/BasicScrollPaneUI.java':[
865,
],
'project:javax/swing/plaf/basic/BasicSliderUI.java':[
1194,
1590,
],
'project:javax/swing/plaf/basic/BasicTabbedPaneUI.java':[
2387,
2547,
2895,
],
'project:javax/swing/plaf/basic/BasicTableUI.java':[
383,
],
'project:javax/swing/plaf/basic/BasicTreeUI.java':[
1137,
3996,
],
'project:javax/swing/plaf/metal/MetalComboBoxButton.java':[
110,
],
'project:javax/swing/plaf/metal/MetalFileChooserUI.java':[
209,
],
'project:javax/swing/plaf/metal/MetalInternalFrameTitlePane.java':[
340,
],
'project:javax/swing/plaf/metal/MetalLookAndFeel.java':[
433,
],
'project:javax/swing/plaf/metal/MetalRadioButtonUI.java':[
118,
],
'project:javax/swing/plaf/metal/MetalScrollButton.java':[
78,
],
'project:javax/swing/plaf/metal/MetalSliderUI.java':[
194,
306,
],
'project:javax/swing/plaf/metal/MetalTabbedPaneUI.java':[
122,
355,
472,
],
'project:javax/swing/plaf/metal/OceanTheme.java':[
131,
],
'project:javax/swing/plaf/nimbus/ImageScalingHelper.java':[
104,
],
'project:javax/swing/plaf/nimbus/NimbusDefaults.java':[
131,
244,
],
'project:javax/swing/plaf/nimbus/NimbusStyle.java':[
238,
],
'project:javax/swing/plaf/synth/SynthLookAndFeel.java':[
391,
],
'project:javax/swing/plaf/synth/SynthParser.java':[
571,
901,
],
'project:javax/swing/plaf/synth/SynthSliderUI.java':[
350,
],
'project:javax/swing/plaf/synth/SynthStyle.java':[
67,
],
'project:javax/swing/plaf/synth/SynthToolBarUI.java':[
431,
],
'project:javax/swing/plaf/synth/SynthTreeUI.java':[
308,
],
'project:javax/swing/text/AbstractDocument.java':[
1024,
],
'project:javax/swing/text/AbstractWriter.java':[
548,
],
'project:javax/swing/text/DefaultStyledDocument.java':[
632,
2222,
],
'project:javax/swing/text/GlyphPainter2.java':[
240,
],
'project:javax/swing/text/GlyphView.java':[
376,
],
'project:javax/swing/text/JTextComponent.java':[
2274,
3332,
],
'project:javax/swing/text/html/CSS.java':[
2447,
2764,
3144,
],
'project:javax/swing/text/html/CSSParser.java':[
517,
],
'project:javax/swing/text/html/FormView.java':[
210,
],
'project:javax/swing/text/html/HTMLDocument.java':[
2187,
],
'project:javax/swing/text/html/HTMLEditorKit.java':[
1124,
],
'project:javax/swing/text/html/HTMLWriter.java':[
133,
],
'project:javax/swing/text/html/StyleSheet.java':[
1511,
],
'project:javax/swing/text/html/parser/ContentModelState.java':[
174,
],
'project:javax/swing/text/html/parser/Parser.java':[
524,
903,
1209,
1331,
1554,
2032,
],
'project:javax/swing/text/rtf/RTFGenerator.java':[
305,
],
'project:javax/swing/text/rtf/RTFParser.java':[
153,
],
'project:javax/swing/text/rtf/RTFReader.java':[
303,
1173,
],
'project:javax/xml/validation/SchemaFactoryFinder.java':[
158,
],
'project:org/omg/CosNaming/NamingContextExtPOA.java':[
53,
],
'project:org/omg/CosNaming/NamingContextPOA.java':[
45,
],
'project:org/omg/CosNaming/_NamingContextImplBase.java':[
60,
],
'project:org/xml/sax/helpers/ParserAdapter.java':[
506,
],
}
