{
'project:javax/swing/plaf/basic/BasicTableHeaderUI.java':[
103,
],
}
