{
'project:java/util/TreeSet.java':[
502,
],
'project:javax/management/remote/rmi/RMIConnectorServer.java':[
727,
],
'project:javax/swing/LayoutFocusTraversalPolicy.java':[
255,
],
}
