{
'project:com/sun/org/apache/xalan/internal/lib/ExsltMath.java':[
379,
],
'project:javax/management/timer/Timer.java':[
939,
],
}
