{
'project:javax/management/loading/MLet.java':[
1167,
],
}
