{
'project:com/sun/org/apache/bcel/internal/generic/Type.java':[
264,
],
'project:com/sun/org/apache/xerces/internal/impl/XMLDTDScannerImpl.java':[
1468,
],
'project:com/sun/org/apache/xpath/internal/objects/XRTreeFrag.java':[
278,
],
'project:javax/swing/text/html/StyleSheet.java':[
2475,
],
}
